Component: ARM Compiler 5.06 update 6 (build 750) Tool: armlink [4d35ed]

==============================================================================

Section Cross References

    board.o(i.BOARD_InitDebugConsole) refers to fsl_clock.o(i.CLOCK_GetCoreSysClkFreq) for CLOCK_GetCoreSysClkFreq
    board.o(i.BOARD_InitDebugConsole) refers to fsl_debug_console.o(i.DbgConsole_Init) for DbgConsole_Init
    clock_config.o(i.BOARD_BootClockHSRUN) refers to clock_config.o(i.CLOCK_SetOutDiv) for CLOCK_SetOutDiv
    clock_config.o(i.BOARD_BootClockHSRUN) refers to fsl_clock.o(i.CLOCK_InitOsc0) for CLOCK_InitOsc0
    clock_config.o(i.BOARD_BootClockHSRUN) refers to clock_config.o(i.CLOCK_SetXtal0Freq) for CLOCK_SetXtal0Freq
    clock_config.o(i.BOARD_BootClockHSRUN) refers to fsl_clock.o(i.CLOCK_SetInternalRefClkConfig) for CLOCK_SetInternalRefClkConfig
    clock_config.o(i.BOARD_BootClockHSRUN) refers to clock_config.o(i.CLOCK_CONFIG_SetFllExtRefDiv) for CLOCK_CONFIG_SetFllExtRefDiv
    clock_config.o(i.BOARD_BootClockHSRUN) refers to fsl_clock.o(i.CLOCK_BootToPeeMode) for CLOCK_BootToPeeMode
    clock_config.o(i.BOARD_BootClockHSRUN) refers to clock_config.o(i.SMC_SetPowerModeProtection) for SMC_SetPowerModeProtection
    clock_config.o(i.BOARD_BootClockHSRUN) refers to fsl_smc.o(i.SMC_SetPowerModeHsrun) for SMC_SetPowerModeHsrun
    clock_config.o(i.BOARD_BootClockHSRUN) refers to fsl_clock.o(i.CLOCK_SetSimConfig) for CLOCK_SetSimConfig
    clock_config.o(i.BOARD_BootClockHSRUN) refers to clock_config.o(.constdata) for oscConfig_BOARD_BootClockHSRUN
    clock_config.o(i.BOARD_BootClockHSRUN) refers to system_mk66f18.o(.data) for SystemCoreClock
    clock_config.o(i.BOARD_BootClockRUN) refers to fsl_clock.o(i.CLOCK_InitOsc0) for CLOCK_InitOsc0
    clock_config.o(i.BOARD_BootClockRUN) refers to clock_config.o(i.CLOCK_SetXtal0Freq) for CLOCK_SetXtal0Freq
    clock_config.o(i.BOARD_BootClockRUN) refers to fsl_clock.o(i.CLOCK_SetInternalRefClkConfig) for CLOCK_SetInternalRefClkConfig
    clock_config.o(i.BOARD_BootClockRUN) refers to clock_config.o(i.CLOCK_CONFIG_SetFllExtRefDiv) for CLOCK_CONFIG_SetFllExtRefDiv
    clock_config.o(i.BOARD_BootClockRUN) refers to fsl_clock.o(i.CLOCK_BootToPeeMode) for CLOCK_BootToPeeMode
    clock_config.o(i.BOARD_BootClockRUN) refers to fsl_clock.o(i.CLOCK_SetSimConfig) for CLOCK_SetSimConfig
    clock_config.o(i.BOARD_BootClockRUN) refers to clock_config.o(.constdata) for oscConfig_BOARD_BootClockRUN
    clock_config.o(i.BOARD_BootClockRUN) refers to system_mk66f18.o(.data) for SystemCoreClock
    clock_config.o(i.BOARD_BootClockVLPR) refers to fsl_clock.o(i.CLOCK_InitOsc0) for CLOCK_InitOsc0
    clock_config.o(i.BOARD_BootClockVLPR) refers to clock_config.o(i.CLOCK_SetXtal0Freq) for CLOCK_SetXtal0Freq
    clock_config.o(i.BOARD_BootClockVLPR) refers to fsl_clock.o(i.CLOCK_BootToBlpiMode) for CLOCK_BootToBlpiMode
    clock_config.o(i.BOARD_BootClockVLPR) refers to fsl_clock.o(i.CLOCK_SetExternalRefClkConfig) for CLOCK_SetExternalRefClkConfig
    clock_config.o(i.BOARD_BootClockVLPR) refers to fsl_clock.o(i.CLOCK_SetSimConfig) for CLOCK_SetSimConfig
    clock_config.o(i.BOARD_BootClockVLPR) refers to clock_config.o(i.SMC_SetPowerModeProtection) for SMC_SetPowerModeProtection
    clock_config.o(i.BOARD_BootClockVLPR) refers to fsl_smc.o(i.SMC_SetPowerModeVlpr) for SMC_SetPowerModeVlpr
    clock_config.o(i.BOARD_BootClockVLPR) refers to clock_config.o(.constdata) for oscConfig_BOARD_BootClockVLPR
    clock_config.o(i.BOARD_BootClockVLPR) refers to system_mk66f18.o(.data) for SystemCoreClock
    clock_config.o(i.CLOCK_SetXtal0Freq) refers to fsl_clock.o(.data) for g_xtal0Freq
    clock_config.o(i.board_clock_init) refers to clock_config.o(i.CLOCK_SetOutDiv) for CLOCK_SetOutDiv
    clock_config.o(i.board_clock_init) refers to fsl_clock.o(i.CLOCK_InitOsc0) for CLOCK_InitOsc0
    clock_config.o(i.board_clock_init) refers to clock_config.o(i.CLOCK_SetXtal0Freq) for CLOCK_SetXtal0Freq
    clock_config.o(i.board_clock_init) refers to fsl_clock.o(i.CLOCK_SetInternalRefClkConfig) for CLOCK_SetInternalRefClkConfig
    clock_config.o(i.board_clock_init) refers to clock_config.o(i.CLOCK_CONFIG_SetFllExtRefDiv) for CLOCK_CONFIG_SetFllExtRefDiv
    clock_config.o(i.board_clock_init) refers to fsl_clock.o(i.CLOCK_BootToPeeMode) for CLOCK_BootToPeeMode
    clock_config.o(i.board_clock_init) refers to clock_config.o(i.SMC_SetPowerModeProtection) for SMC_SetPowerModeProtection
    clock_config.o(i.board_clock_init) refers to fsl_smc.o(i.SMC_SetPowerModeHsrun) for SMC_SetPowerModeHsrun
    clock_config.o(i.board_clock_init) refers to fsl_clock.o(i.CLOCK_SetSimConfig) for CLOCK_SetSimConfig
    clock_config.o(i.board_clock_init) refers to clock_config.o(.constdata) for SW_oscConfig_BOARD_BootClockHSRUN
    clock_config.o(i.board_clock_init) refers to system_mk66f18.o(.data) for SystemCoreClock
    pin_mux.o(i.BOARD_InitBootPins) refers to pin_mux.o(i.BOARD_InitPins) for BOARD_InitPins
[...]
    uart_adapter.o(i.HAL_UartInit) refers to fsl_uart.o(i.UART_Init) for UART_Init
    uart_adapter.o(i.HAL_UartInit) refers to uart_adapter.o(i.HAL_UartGetStatus) for HAL_UartGetStatus
    uart_adapter.o(i.HAL_UartInit) refers to uart_adapter.o(.conststring) for .conststring
    uart_adapter.o(i.HAL_UartInit) refers to uart_adapter.o(.constdata) for s_UartAdapterBase
    uart_adapter.o(i.HAL_UartReceiveBlocking) refers to fsl_assert.o(i.__aeabi_assert) for __aeabi_assert
    uart_adapter.o(i.HAL_UartReceiveBlocking) refers to fsl_uart.o(i.UART_ReadBlocking) for UART_ReadBlocking
    uart_adapter.o(i.HAL_UartReceiveBlocking) refers to uart_adapter.o(i.HAL_UartGetStatus) for HAL_UartGetStatus
    uart_adapter.o(i.HAL_UartReceiveBlocking) refers to uart_adapter.o(.constdata) for s_UartAdapterBase
    uart_adapter.o(i.HAL_UartSendBlocking) refers to fsl_assert.o(i.__aeabi_assert) for __aeabi_assert
    uart_adapter.o(i.HAL_UartSendBlocking) refers to fsl_uart.o(i.UART_WriteBlocking) for UART_WriteBlocking
    uart_adapter.o(i.HAL_UartSendBlocking) refers to uart_adapter.o(.constdata) for s_UartAdapterBase
    serial_manager.o(i.SerialManager_CloseReadHandle) refers to fsl_assert.o(i.__aeabi_assert) for __aeabi_assert
    serial_manager.o(i.SerialManager_CloseWriteHandle) refers to fsl_assert.o(i.__aeabi_assert) for __aeabi_assert
    serial_manager.o(i.SerialManager_Deinit) refers to fsl_assert.o(i.__aeabi_assert) for __aeabi_assert
    serial_manager.o(i.SerialManager_Deinit) refers to serial_port_uart.o(i.Serial_UartDeinit) for Serial_UartDeinit
    serial_manager.o(i.SerialManager_EnterLowpower) refers to fsl_assert.o(i.__aeabi_assert) for __aeabi_assert
    serial_manager.o(i.SerialManager_ExitLowpower) refers to fsl_assert.o(i.__aeabi_assert) for __aeabi_assert
    serial_manager.o(i.SerialManager_Init) refers to fsl_assert.o(i.__aeabi_assert) for __aeabi_assert
    serial_manager.o(i.SerialManager_Init) refers to serial_port_uart.o(i.Serial_UartInit) for Serial_UartInit
    serial_manager.o(i.SerialManager_OpenReadHandle) refers to fsl_assert.o(i.__aeabi_assert) for __aeabi_assert
    serial_manager.o(i.SerialManager_OpenWriteHandle) refers to fsl_assert.o(i.__aeabi_assert) for __aeabi_assert
    serial_manager.o(i.SerialManager_Read) refers to fsl_assert.o(i.__aeabi_assert) for __aeabi_assert
    serial_manager.o(i.SerialManager_Read) refers to serial_manager.o(i.SerialManager_StartReading) for SerialManager_StartReading
    serial_manager.o(i.SerialManager_ReadBlocking) refers to serial_manager.o(i.SerialManager_Read) for SerialManager_Read
    serial_manager.o(i.SerialManager_StartReading) refers to serial_port_uart.o(i.Serial_UartRead) for Serial_UartRead
    serial_manager.o(i.SerialManager_StartWriting) refers to serial_port_uart.o(i.Serial_UartWrite) for Serial_UartWrite
    serial_manager.o(i.SerialManager_Write) refers to fsl_assert.o(i.__aeabi_assert) for __aeabi_assert
    serial_manager.o(i.SerialManager_Write) refers to serial_manager.o(i.SerialManager_StartWriting) for SerialManager_StartWriting
    serial_manager.o(i.SerialManager_WriteBlocking) refers to serial_manager.o(i.SerialManager_Write) for SerialManager_Write
    serial_port_uart.o(i.Serial_UartDeinit) refers to fsl_assert.o(i.__aeabi_assert) for __aeabi_assert
    serial_port_uart.o(i.Serial_UartDeinit) refers to uart_adapter.o(i.HAL_UartDeinit) for HAL_UartDeinit
    serial_port_uart.o(i.Serial_UartInit) refers to fsl_assert.o(i.__aeabi_assert) for __aeabi_assert
    serial_port_uart.o(i.Serial_UartInit) refers to uart_adapter.o(i.HAL_UartInit) for HAL_UartInit
    serial_port_uart.o(i.Serial_UartRead) refers to fsl_assert.o(i.__aeabi_assert) for __aeabi_assert
    serial_port_uart.o(i.Serial_UartRead) refers to uart_adapter.o(i.HAL_UartReceiveBlocking) for HAL_UartReceiveBlocking
    serial_port_uart.o(i.Serial_UartWrite) refers to fsl_assert.o(i.__aeabi_assert) for __aeabi_assert
    serial_port_uart.o(i.Serial_UartWrite) refers to uart_adapter.o(i.HAL_UartSendBlocking) for HAL_UartSendBlocking
    generic_list.o(i.LIST_AddHead) refers to generic_list.o(i.DisableGlobalIRQ) for DisableGlobalIRQ
    generic_list.o(i.LIST_AddHead) refers to generic_list.o(i.EnableGlobalIRQ) for EnableGlobalIRQ
    generic_list.o(i.LIST_AddHead) refers to generic_list.o(i.LIST_Scan) for LIST_Scan
    generic_list.o(i.LIST_AddPrevElement) refers to generic_list.o(i.DisableGlobalIRQ) for DisableGlobalIRQ
    generic_list.o(i.LIST_AddPrevElement) refers to generic_list.o(i.EnableGlobalIRQ) for EnableGlobalIRQ
    generic_list.o(i.LIST_AddPrevElement) refers to generic_list.o(i.LIST_Scan) for LIST_Scan
    generic_list.o(i.LIST_AddTail) refers to generic_list.o(i.DisableGlobalIRQ) for DisableGlobalIRQ
    generic_list.o(i.LIST_AddTail) refers to generic_list.o(i.EnableGlobalIRQ) for EnableGlobalIRQ
    generic_list.o(i.LIST_AddTail) refers to generic_list.o(i.LIST_Scan) for LIST_Scan
    generic_list.o(i.LIST_RemoveElement) refers to generic_list.o(i.DisableGlobalIRQ) for DisableGlobalIRQ
    generic_list.o(i.LIST_RemoveElement) refers to generic_list.o(i.EnableGlobalIRQ) for EnableGlobalIRQ
    generic_list.o(i.LIST_RemoveHead) refers to generic_list.o(i.DisableGlobalIRQ) for DisableGlobalIRQ
    generic_list.o(i.LIST_RemoveHead) refers to generic_list.o(i.EnableGlobalIRQ) for EnableGlobalIRQ
    startup_mk66f18.o(RESET) refers to startup_mk66f18.o(.text) for Reset_Handler
    startup_mk66f18.o(.text) refers to startup_mk66f18.o(FlashConfig) for FlashConfig
    startup_mk66f18.o(.text) refers to startup_mk66f18.o(RESET) for __Vectors
    startup_mk66f18.o(.text) refers to system_mk66f18.o(i.SystemInit) for SystemInit
    startup_mk66f18.o(.text) refers to entry.o(.ARM.Collect$$$$00000000) for __main
    startup_mk66f18.o(.text) refers to fsl_edma.o(i.DMA0_DMA16_DriverIRQHandler) for DMA0_DMA16_DriverIRQHandler
    startup_mk66f18.o(.text) refers to fsl_edma.o(i.DMA1_DMA17_DriverIRQHandler) for DMA1_DMA17_DriverIRQHandler
    startup_mk66f18.o(.text) refers to fsl_edma.o(i.DMA2_DMA18_DriverIRQHandler) for DMA2_DMA18_DriverIRQHandler
    startup_mk66f18.o(.text) refers to fsl_edma.o(i.DMA3_DMA19_DriverIRQHandler) for DMA3_DMA19_DriverIRQHandler
    startup_mk66f18.o(.text) refers to fsl_edma.o(i.DMA4_DMA20_DriverIRQHandler) for DMA4_DMA20_DriverIRQHandler
    startup_mk66f18.o(.text) refers to fsl_edma.o(i.DMA5_DMA21_DriverIRQHandler) for DMA5_DMA21_DriverIRQHandler
    startup_mk66f18.o(.text) refers to fsl_edma.o(i.DMA6_DMA22_DriverIRQHandler) for DMA6_DMA22_DriverIRQHandler
    startup_mk66f18.o(.text) refers to fsl_edma.o(i.DMA7_DMA23_DriverIRQHandler) for DMA7_DMA23_DriverIRQHandler
    startup_mk66f18.o(.text) refers to fsl_edma.o(i.DMA8_DMA24_DriverIRQHandler) for DMA8_DMA24_DriverIRQHandler
    startup_mk66f18.o(.text) refers to fsl_edma.o(i.DMA9_DMA25_DriverIRQHandler) for DMA9_DMA25_DriverIRQHandler
    startup_mk66f18.o(.text) refers to fsl_edma.o(i.DMA10_DMA26_DriverIRQHandler) for DMA10_DMA26_DriverIRQHandler
    startup_mk66f18.o(.text) refers to fsl_edma.o(i.DMA11_DMA27_DriverIRQHandler) for DMA11_DMA27_DriverIRQHandler
    startup_mk66f18.o(.text) refers to fsl_edma.o(i.DMA12_DMA28_DriverIRQHandler) for DMA12_DMA28_DriverIRQHandler
    startup_mk66f18.o(.text) refers to fsl_edma.o(i.DMA13_DMA29_DriverIRQHandler) for DMA13_DMA29_DriverIRQHandler
    startup_mk66f18.o(.text) refers to fsl_edma.o(i.DMA14_DMA30_DriverIRQHandler) for DMA14_DMA30_DriverIRQHandler
    startup_mk66f18.o(.text) refers to fsl_edma.o(i.DMA15_DMA31_DriverIRQHandler) for DMA15_DMA31_DriverIRQHandler
    startup_mk66f18.o(.text) refers to fsl_uart.o(i.UART0_RX_TX_DriverIRQHandler) for UART0_RX_TX_DriverIRQHandler
    startup_mk66f18.o(.text) refers to fsl_uart.o(i.UART1_RX_TX_DriverIRQHandler) for UART1_RX_TX_DriverIRQHandler
    startup_mk66f18.o(.text) refers to fsl_uart.o(i.UART2_RX_TX_DriverIRQHandler) for UART2_RX_TX_DriverIRQHandler
    startup_mk66f18.o(.text) refers to fsl_uart.o(i.UART3_RX_TX_DriverIRQHandler) for UART3_RX_TX_DriverIRQHandler
    startup_mk66f18.o(.text) refers to fsl_uart.o(i.UART4_RX_TX_DriverIRQHandler) for UART4_RX_TX_DriverIRQHandler
    startup_mk66f18.o(.text) refers to fsl_lpuart.o(i.LPUART0_DriverIRQHandler) for LPUART0_DriverIRQHandler
    led.o(i.LED_GPIOInit) refers to led.o(i.CLOCK_EnableClock) for CLOCK_EnableClock
    led.o(i.LED_GPIOInit) refers to main.o(i.Error_Handle) for Error_Handle
    led.o(i.LED_GPIOInit) refers to fsl_gpio.o(i.GPIO_PinInit) for GPIO_PinInit
    led.o(i.LED_GPIOInit) refers to led.o(.constdata) for .constdata
    led.o(i.LED_Init) refers to led.o(.data) for LED0
    led.o(i.LED_SetStatus) refers to led.o(i.GPIO_PinWrite) for GPIO_PinWrite
    led.o(i.LED_SetStatus) refers to main.o(i.Error_Handle) for Error_Handle
    led.o(.data) refers to led.o(i.LED_GPIOInit) for LED_GPIOInit
    led.o(.data) refers to led.o(i.LED_SetStatus) for LED_SetStatus
    entry.o(.ARM.Collect$$$$00000000) refers (Special) to entry10a.o(.ARM.Collect$$$$0000000D) for __rt_final_cpp
    entry.o(.ARM.Collect$$$$00000000) refers (Special) to entry11a.o(.ARM.Collect$$$$0000000F) for __rt_final_exit
    entry.o(.ARM.Collect$$$$00000000) refers (Special) to entry7b.o(.ARM.Collect$$$$00000008) for _main_clock
    entry.o(.ARM.Collect$$$$00000000) refers (Special) to entry8b.o(.ARM.Collect$$$$0000000A) for _main_cpp_init
    entry.o(.ARM.Collect$$$$00000000) refers (Special) to entry9a.o(.ARM.Collect$$$$0000000B) for _main_init
    entry.o(.ARM.Collect$$$$00000000) refers (Special) to entry5.o(.ARM.Collect$$$$00000004) for _main_scatterload
    entry.o(.ARM.Collect$$$$00000000) refers (Special) to entry4.o(.ARM.Collect$$$$00000003) for _main_stk
    malloc2.o(i.__free$2region) refers to mvars.o(.data) for __microlib_freelist
    malloc2.o(i.__malloc$2region) refers to mvars.o(.data) for __microlib_freelist_initialised
    malloc2.o(i.__malloc$2region) refers to mvars.o(.data) for __microlib_freelist
    mallocr2.o(i.__free$realloc$2region) refers to mvars.o(.data) for __microlib_freelist
    mallocr2.o(i.__malloc$realloc$2region) refers to mallocr2.o(i.internal_alloc) for internal_alloc
    mallocr2.o(i.__malloc$realloc$2region) refers to mvars.o(.data) for __microlib_freelist_initialised
    mallocr2.o(i.__malloc$realloc$2region) refers to mvars.o(.data) for __microlib_freelist
    mallocr2.o(i.__realloc$2region) refers to mallocr2.o(i.__free$realloc$2region) for __free$realloc$2region
    mallocr2.o(i.__realloc$2region) refers to mallocr2.o(i.internal_alloc) for internal_alloc
    mallocr2.o(i.__realloc$2region) refers to mallocr2.o(i.__malloc$realloc$2region) for __malloc$realloc$2region
    mallocr2.o(i.__realloc$2region) refers to mvars.o(.data) for __microlib_freelist
    mallocr2.o(i.internal_alloc) refers to memcpya.o(.text) for __aeabi_memcpy
    mallocr2.o(i.internal_alloc) refers to mvars.o(.data) for __microlib_freelist
    malloca2.o(i.__aligned_malloc$2region) refers to mvars.o(.data) for __microlib_freelist_initialised
    malloca2.o(i.__aligned_malloc$2region) refers to mvars.o(.data) for __microlib_freelist
    malloca2.o(i.__free$memalign$2region) refers to mvars.o(.data) for __microlib_freelist
    malloca2.o(i.__malloc$memalign$2region) refers to malloca2.o(i.__aligned_malloc$2region) for __aligned_malloc$2region
    mallocra2.o(i.__aligned_malloc$realloc$2region) refers to mallocra2.o(i.internal_alloc) for internal_alloc
    mallocra2.o(i.__aligned_malloc$realloc$2region) refers to mvars.o(.data) for __microlib_freelist_initialised
    mallocra2.o(i.__aligned_malloc$realloc$2region) refers to mvars.o(.data) for __microlib_freelist
    mallocra2.o(i.__free$realloc$memalign$2region) refers to mvars.o(.data) for __microlib_freelist
    mallocra2.o(i.__malloc$realloc$memalign$2region) refers to mallocra2.o(i.__aligned_malloc$realloc$2region) for __aligned_malloc$realloc$2region
    mallocra2.o(i.__realloc$memalign$2region) refers to mallocra2.o(i.__free$realloc$memalign$2region) for __free$realloc$memalign$2region
    mallocra2.o(i.__realloc$memalign$2region) refers to mallocra2.o(i.internal_alloc) for internal_alloc
    mallocra2.o(i.__realloc$memalign$2region) refers to mallocra2.o(i.__malloc$realloc$memalign$2region) for __malloc$realloc$memalign$2region
    mallocra2.o(i.__realloc$memalign$2region) refers to mvars.o(.data) for __microlib_freelist
    mallocra2.o(i.internal_alloc) refers to memcpya.o(.text) for __aeabi_memcpy
    mallocra2.o(i.internal_alloc) refers to mvars.o(.data) for __microlib_freelist
    entry4.o(.ARM.Collect$$$$00000003) refers to entry4.o(.ARM.Collect$$$$00002714) for __lit__00000000
    entry4.o(__vectab_stack_and_reset_area) refers to entry.o(.ARM.Collect$$$$00000000) for __main
    entry5.o(.ARM.Collect$$$$00000004) refers to init.o(.text) for __scatterload
    entry9a.o(.ARM.Collect$$$$0000000B) refers to main.o(i.main) for main
    entry9b.o(.ARM.Collect$$$$0000000C) refers to main.o(i.main) for main
    init.o(.text) refers to entry5.o(.ARM.Collect$$$$00000004) for __main_after_scatterload


==============================================================================

Removing Unused input sections from the image.

    Removing main.o(.rev16_text), (4 bytes).
    Removing main.o(.revsh_text), (4 bytes).
    Removing main.o(.rrx_text), (6 bytes).
    Removing main.o(i.Error_Handle), (4 bytes).
    Removing board.o(.rev16_text), (4 bytes).
    Removing board.o(.revsh_text), (4 bytes).
    Removing board.o(.rrx_text), (6 bytes).
    Removing board.o(i.BOARD_InitDebugConsole), (24 bytes).
    Removing clock_config.o(.rev16_text), (4 bytes).
    Removing clock_config.o(.revsh_text), (4 bytes).
    Removing clock_config.o(.rrx_text), (6 bytes).
    Removing clock_config.o(i.BOARD_BootClockHSRUN), (124 bytes).
    Removing clock_config.o(i.BOARD_BootClockRUN), (100 bytes).
    Removing clock_config.o(i.BOARD_BootClockVLPR), (120 bytes).
    Removing clock_config.o(i.CLOCK_CONFIG_SetFllExtRefDiv), (20 bytes).
    Removing clock_config.o(i.CLOCK_SetOutDiv), (52 bytes).
    Removing clock_config.o(i.CLOCK_SetXtal0Freq), (12 bytes).
    Removing clock_config.o(i.SMC_SetPowerModeProtection), (4 bytes).
    Removing clock_config.o(i.board_clock_init), (124 bytes).
    Removing clock_config.o(.constdata), (112 bytes).
    Removing pin_mux.o(.rev16_text), (4 bytes).
    Removing pin_mux.o(.revsh_text), (4 bytes).
    Removing pin_mux.o(.rrx_text), (6 bytes).
    Removing pin_mux.o(i.BOARD_InitBootPins), (8 bytes).
    Removing pin_mux.o(i.BOARD_InitPins), (128 bytes).
    Removing pin_mux.o(i.CLOCK_EnableClock), (24 bytes).
    Removing pin_mux.o(i.PORT_SetPinMux), (14 bytes).
    Removing fsl_gpio.o(.rev16_text), (4 bytes).
    Removing fsl_gpio.o(.revsh_text), (4 bytes).
    Removing fsl_gpio.o(.rrx_text), (6 bytes).
    Removing fsl_gpio.o(i.GPIO_GetInstance), (120 bytes).
    Removing fsl_gpio.o(i.GPIO_PinInit), (128 bytes).
    Removing fsl_gpio.o(i.GPIO_PortClearInterruptFlags), (36 bytes).
    Removing fsl_gpio.o(i.GPIO_PortGetInterruptFlags), (28 bytes).
    Removing fsl_gpio.o(.constdata), (40 bytes).
    Removing fsl_clock.o(.rev16_text), (4 bytes).
    Removing fsl_clock.o(.revsh_text), (4 bytes).
    Removing fsl_clock.o(.rrx_text), (6 bytes).
    Removing fsl_clock.o(i.CLOCK_BootToBlpeMode), (96 bytes).
    Removing fsl_clock.o(i.CLOCK_BootToBlpiMode), (68 bytes).
    Removing fsl_clock.o(i.CLOCK_BootToFeeMode), (38 bytes).
    Removing fsl_clock.o(i.CLOCK_BootToFeiMode), (20 bytes).
    Removing fsl_clock.o(i.CLOCK_BootToPeeMode), (120 bytes).
    Removing fsl_clock.o(i.CLOCK_CalcPllDiv), (212 bytes).
    Removing fsl_clock.o(i.CLOCK_ClearStatusFlags), (60 bytes).
    Removing fsl_clock.o(i.CLOCK_DeinitOsc0), (28 bytes).
    Removing fsl_clock.o(i.CLOCK_DisableUsbhs0Clock), (40 bytes).
    Removing fsl_clock.o(i.CLOCK_DisableUsbhs0PfdClock), (36 bytes).
    Removing fsl_clock.o(i.CLOCK_DisableUsbhs0PhyPllClock), (60 bytes).
    Removing fsl_clock.o(i.CLOCK_EnablePll0), (124 bytes).
    Removing fsl_clock.o(i.CLOCK_EnableUsbfs0Clock), (276 bytes).
    Removing fsl_clock.o(i.CLOCK_EnableUsbhs0Clock), (72 bytes).
    Removing fsl_clock.o(i.CLOCK_EnableUsbhs0PfdClock), (228 bytes).
    Removing fsl_clock.o(i.CLOCK_EnableUsbhs0PhyPllClock), (412 bytes).
    Removing fsl_clock.o(i.CLOCK_ExternalModeToFbeModeQuick), (72 bytes).
    Removing fsl_clock.o(i.CLOCK_FllStableDelay), (24 bytes).
    Removing fsl_clock.o(i.CLOCK_GetBusClkFreq), (28 bytes).
    Removing fsl_clock.o(i.CLOCK_GetCoreSysClkFreq), (28 bytes).
    Removing fsl_clock.o(i.CLOCK_GetEr32kClkFreq), (144 bytes).
    Removing fsl_clock.o(i.CLOCK_GetExtPllFreq), (12 bytes).
    Removing fsl_clock.o(i.CLOCK_GetFixedFreqClkFreq), (28 bytes).
    Removing fsl_clock.o(i.CLOCK_GetFlashClkFreq), (28 bytes).
    Removing fsl_clock.o(i.CLOCK_GetFlexBusClkFreq), (28 bytes).
    Removing fsl_clock.o(i.CLOCK_GetFllExtRefClkFreq), (112 bytes).
    Removing fsl_clock.o(i.CLOCK_GetFllFreq), (76 bytes).
    Removing fsl_clock.o(i.CLOCK_GetFllRefClkFreq), (32 bytes).
    Removing fsl_clock.o(i.CLOCK_GetFreq), (208 bytes).
    Removing fsl_clock.o(i.CLOCK_GetInternalRefClkFreq), (28 bytes).
    Removing fsl_clock.o(i.CLOCK_GetInternalRefClkSelectFreq), (44 bytes).
    Removing fsl_clock.o(i.CLOCK_GetMcgExtClkFreq), (172 bytes).
    Removing fsl_clock.o(i.CLOCK_GetMode), (96 bytes).
    Removing fsl_clock.o(i.CLOCK_GetOsc0ErClkDivFreq), (104 bytes).
    Removing fsl_clock.o(i.CLOCK_GetOsc0ErClkFreq), (8 bytes).
    Removing fsl_clock.o(i.CLOCK_GetOsc0ErClkUndivFreq), (96 bytes).
    Removing fsl_clock.o(i.CLOCK_GetOscRangeFromFreq), (32 bytes).
    Removing fsl_clock.o(i.CLOCK_GetOutClkFreq), (88 bytes).
    Removing fsl_clock.o(i.CLOCK_GetPlatClkFreq), (28 bytes).
    Removing fsl_clock.o(i.CLOCK_GetPll0Freq), (120 bytes).
    Removing fsl_clock.o(i.CLOCK_GetPll0RefFreq), (8 bytes).
    Removing fsl_clock.o(i.CLOCK_GetPllFllSelClkFreq), (96 bytes).
    Removing fsl_clock.o(i.CLOCK_GetStatusFlags), (84 bytes).
    Removing fsl_clock.o(i.CLOCK_InitOsc0), (116 bytes).
    Removing fsl_clock.o(i.CLOCK_InternalModeToFbiModeQuick), (48 bytes).
    Removing fsl_clock.o(i.CLOCK_SetBlpeMode), (20 bytes).
    Removing fsl_clock.o(i.CLOCK_SetBlpiMode), (20 bytes).
    Removing fsl_clock.o(i.CLOCK_SetExtPllFreq), (12 bytes).
    Removing fsl_clock.o(i.CLOCK_SetExtPllMonitorMode), (36 bytes).
    Removing fsl_clock.o(i.CLOCK_SetExternalRefClkConfig), (60 bytes).
    Removing fsl_clock.o(i.CLOCK_SetFbeMode), (212 bytes).
    Removing fsl_clock.o(i.CLOCK_SetFbiMode), (144 bytes).
    Removing fsl_clock.o(i.CLOCK_SetFeeMode), (184 bytes).
    Removing fsl_clock.o(i.CLOCK_SetFeiMode), (132 bytes).
    Removing fsl_clock.o(i.CLOCK_SetInternalRefClkConfig), (152 bytes).
    Removing fsl_clock.o(i.CLOCK_SetMcgConfig), (356 bytes).
    Removing fsl_clock.o(i.CLOCK_SetOsc0MonitorMode), (76 bytes).
    Removing fsl_clock.o(i.CLOCK_SetPbeMode), (200 bytes).
    Removing fsl_clock.o(i.CLOCK_SetPeeMode), (36 bytes).
    Removing fsl_clock.o(i.CLOCK_SetPll0MonitorMode), (64 bytes).
    Removing fsl_clock.o(i.CLOCK_SetPllClkSel), (32 bytes).
    Removing fsl_clock.o(i.CLOCK_SetRtcOscMonitorMode), (36 bytes).
    Removing fsl_clock.o(i.CLOCK_SetSimConfig), (72 bytes).
    Removing fsl_clock.o(i.CLOCK_TrimInternalRefClk), (220 bytes).
    Removing fsl_clock.o(i.SDK_DelayAtLeastUs), (284 bytes).
    Removing fsl_clock.o(.constdata), (96 bytes).
    Removing fsl_clock.o(.data), (20 bytes).
    Removing fsl_ftfx_cache.o(.rev16_text), (4 bytes).
    Removing fsl_ftfx_cache.o(.revsh_text), (4 bytes).
    Removing fsl_ftfx_cache.o(.rrx_text), (6 bytes).
    Removing fsl_ftfx_cache.o(i.FTFx_CACHE_ClearCachePrefetchSpeculation), (24 bytes).
    Removing fsl_ftfx_cache.o(i.FTFx_CACHE_Init), (32 bytes).
    Removing fsl_ftfx_cache.o(i.FTFx_CACHE_PflashGetPrefetchSpeculation), (44 bytes).
    Removing fsl_ftfx_cache.o(i.FTFx_CACHE_PflashSetPrefetchSpeculation), (84 bytes).
    Removing fsl_ftfx_cache.o(i.fmc_flash_cache_clear), (24 bytes).
    Removing fsl_ftfx_cache.o(i.fmc_flash_prefetch_speculation_clear), (24 bytes).
    Removing fsl_ftfx_cache.o(i.ftfx_copy_common_bit_operation_to_ram), (20 bytes).
    Removing fsl_ftfx_cache.o(.bss), (64 bytes).
    Removing fsl_ftfx_cache.o(.constdata), (28 bytes).
    Removing fsl_ftfx_controller.o(.rev16_text), (4 bytes).
    Removing fsl_ftfx_controller.o(.revsh_text), (4 bytes).
    Removing fsl_ftfx_controller.o(.rrx_text), (6 bytes).
    Removing fsl_ftfx_controller.o(i.FTFx_API_Init), (60 bytes).
    Removing fsl_ftfx_controller.o(i.FTFx_API_UpdateFlexnvmPartitionStatus), (108 bytes).
    Removing fsl_ftfx_controller.o(i.FTFx_CMD_Erase), (140 bytes).
    Removing fsl_ftfx_controller.o(i.FTFx_CMD_EraseAll), (60 bytes).
    Removing fsl_ftfx_controller.o(i.FTFx_CMD_EraseAllExecuteOnlySegments), (52 bytes).
    Removing fsl_ftfx_controller.o(i.FTFx_CMD_Program), (140 bytes).
    Removing fsl_ftfx_controller.o(i.FTFx_CMD_ProgramOnce), (140 bytes).
    Removing fsl_ftfx_controller.o(i.FTFx_CMD_ProgramPartition), (84 bytes).
    Removing fsl_ftfx_controller.o(i.FTFx_CMD_ProgramSection), (284 bytes).
    Removing fsl_ftfx_controller.o(i.FTFx_CMD_ReadOnce), (144 bytes).
    Removing fsl_ftfx_controller.o(i.FTFx_CMD_ReadResource), (176 bytes).
    Removing fsl_ftfx_controller.o(i.FTFx_CMD_SecurityBypass), (104 bytes).
    Removing fsl_ftfx_controller.o(i.FTFx_CMD_SetFlexramFunction), (68 bytes).
    Removing fsl_ftfx_controller.o(i.FTFx_CMD_SwapControl), (132 bytes).
    Removing fsl_ftfx_controller.o(i.FTFx_CMD_VerifyErase), (168 bytes).
    Removing fsl_ftfx_controller.o(i.FTFx_CMD_VerifyEraseAll), (44 bytes).
    Removing fsl_ftfx_controller.o(i.FTFx_CMD_VerifyEraseAllExecuteOnlySegments), (44 bytes).
    Removing fsl_ftfx_controller.o(i.FTFx_CMD_VerifyProgram), (156 bytes).
    Removing fsl_ftfx_controller.o(i.FTFx_REG_GetSecurityState), (68 bytes).
    Removing fsl_ftfx_controller.o(i.ftfx_check_mem_range), (56 bytes).
    Removing fsl_ftfx_controller.o(i.ftfx_check_resource_range), (126 bytes).
    Removing fsl_ftfx_controller.o(i.ftfx_check_swap_control_option), (30 bytes).
    Removing fsl_ftfx_controller.o(i.ftfx_check_user_key), (20 bytes).
    Removing fsl_ftfx_controller.o(i.ftfx_command_sequence), (60 bytes).
    Removing fsl_ftfx_controller.o(i.ftfx_copy_run_command_to_ram), (20 bytes).
    Removing fsl_ftfx_controller.o(i.ftfx_init_ifr), (58 bytes).
    Removing fsl_ftfx_controller.o(i.ftfx_read_word_from_byte_address), (42 bytes).
    Removing fsl_ftfx_controller.o(i.ftfx_write_word_to_byte_address), (38 bytes).
    Removing fsl_ftfx_controller.o(.bss), (64 bytes).
    Removing fsl_ftfx_controller.o(.constdata), (108 bytes).
    Removing fsl_ftfx_flash.o(.rev16_text), (4 bytes).
    Removing fsl_ftfx_flash.o(.revsh_text), (4 bytes).
    Removing fsl_ftfx_flash.o(.rrx_text), (6 bytes).
    Removing fsl_ftfx_flash.o(i.FLASH_Erase), (92 bytes).
    Removing fsl_ftfx_flash.o(i.FLASH_EraseAll), (16 bytes).
    Removing fsl_ftfx_flash.o(i.FLASH_GetProperty), (128 bytes).
    Removing fsl_ftfx_flash.o(i.FLASH_GetSecurityState), (16 bytes).
    Removing fsl_ftfx_flash.o(i.FLASH_Init), (708 bytes).
    Removing fsl_ftfx_flash.o(i.FLASH_IsExecuteOnly), (320 bytes).
    Removing fsl_ftfx_flash.o(i.FLASH_IsProtected), (388 bytes).
    Removing fsl_ftfx_flash.o(i.FLASH_PflashGetProtection), (60 bytes).
    Removing fsl_ftfx_flash.o(i.FLASH_PflashSetProtection), (80 bytes).
    Removing fsl_ftfx_flash.o(i.FLASH_Program), (92 bytes).
    Removing fsl_ftfx_flash.o(i.FLASH_ProgramOnce), (28 bytes).
    Removing fsl_ftfx_flash.o(i.FLASH_ProgramSection), (92 bytes).
    Removing fsl_ftfx_flash.o(i.FLASH_ReadOnce), (28 bytes).
    Removing fsl_ftfx_flash.o(i.FLASH_ReadResource), (36 bytes).
    Removing fsl_ftfx_flash.o(i.FLASH_SecurityBypass), (16 bytes).
    Removing fsl_ftfx_flash.o(i.FLASH_SetFlexramFunction), (16 bytes).
    Removing fsl_ftfx_flash.o(i.FLASH_Swap), (260 bytes).
    Removing fsl_ftfx_flash.o(i.FLASH_VerifyErase), (92 bytes).
    Removing fsl_ftfx_flash.o(i.FLASH_VerifyEraseAll), (16 bytes).
    Removing fsl_ftfx_flash.o(i.FLASH_VerifyProgram), (106 bytes).
    Removing fsl_ftfx_flash.o(i.flash_calculate_mem_size), (44 bytes).
    Removing fsl_ftfx_flash.o(i.flash_calculate_prot_segment_size), (20 bytes).
    Removing fsl_ftfx_flash.o(i.flash_check_range_to_get_index), (102 bytes).
    Removing fsl_ftfx_flash.o(i.flash_convert_start_address), (38 bytes).
    Removing fsl_ftfx_flash.o(i.flash_init_features), (66 bytes).
    Removing fsl_ftfx_flash.o(i.flash_validate_swap_indicator_address), (58 bytes).
    Removing fsl_ftfx_flash.o(.constdata), (30 bytes).
    Removing fsl_ftfx_flexnvm.o(.rev16_text), (4 bytes).
    Removing fsl_ftfx_flexnvm.o(.revsh_text), (4 bytes).
    Removing fsl_ftfx_flexnvm.o(.rrx_text), (6 bytes).
    Removing fsl_ftfx_flexnvm.o(i.FLEXNVM_DflashErase), (44 bytes).
    Removing fsl_ftfx_flexnvm.o(i.FLEXNVM_DflashGetProtection), (40 bytes).
    Removing fsl_ftfx_flexnvm.o(i.FLEXNVM_DflashProgram), (44 bytes).
    Removing fsl_ftfx_flexnvm.o(i.FLEXNVM_DflashProgramSection), (44 bytes).
    Removing fsl_ftfx_flexnvm.o(i.FLEXNVM_DflashSetProtection), (44 bytes).
    Removing fsl_ftfx_flexnvm.o(i.FLEXNVM_DflashVerifyErase), (44 bytes).
    Removing fsl_ftfx_flexnvm.o(i.FLEXNVM_DflashVerifyProgram), (56 bytes).
    Removing fsl_ftfx_flexnvm.o(i.FLEXNVM_EepromGetProtection), (48 bytes).
    Removing fsl_ftfx_flexnvm.o(i.FLEXNVM_EepromSetProtection), (52 bytes).
    Removing fsl_ftfx_flexnvm.o(i.FLEXNVM_EepromWrite), (220 bytes).
    Removing fsl_ftfx_flexnvm.o(i.FLEXNVM_EraseAll), (16 bytes).
    Removing fsl_ftfx_flexnvm.o(i.FLEXNVM_GetProperty), (106 bytes).
    Removing fsl_ftfx_flexnvm.o(i.FLEXNVM_GetSecurityState), (16 bytes).
    Removing fsl_ftfx_flexnvm.o(i.FLEXNVM_Init), (90 bytes).
    Removing fsl_ftfx_flexnvm.o(i.FLEXNVM_ProgramPartition), (28 bytes).
    Removing fsl_ftfx_flexnvm.o(i.FLEXNVM_ReadResource), (36 bytes).
    Removing fsl_ftfx_flexnvm.o(i.FLEXNVM_SecurityBypass), (16 bytes).
    Removing fsl_ftfx_flexnvm.o(i.FLEXNVM_SetFlexramFunction), (16 bytes).
    Removing fsl_ftfx_flexnvm.o(i.FLEXNVM_VerifyEraseAll), (16 bytes).
    Removing fsl_ftfx_flexnvm.o(i.flexnvm_convert_start_address), (22 bytes).
    Removing fsl_common.o(.rev16_text), (4 bytes).
    Removing fsl_common.o(.revsh_text), (4 bytes).
    Removing fsl_common.o(.rrx_text), (6 bytes).
    Removing fsl_common.o(i.SDK_Free), (30 bytes).
    Removing fsl_common.o(i.SDK_Malloc), (76 bytes).
    Removing fsl_uart.o(.rev16_text), (4 bytes).
    Removing fsl_uart.o(.revsh_text), (4 bytes).
    Removing fsl_uart.o(.rrx_text), (6 bytes).
    Removing fsl_uart.o(i.UART_ClearStatusFlags), (74 bytes).
    Removing fsl_uart.o(i.UART_Deinit), (68 bytes).
    Removing fsl_uart.o(i.UART_DisableInterrupts), (40 bytes).
    Removing fsl_uart.o(i.UART_EnableInterrupts), (40 bytes).
    Removing fsl_uart.o(i.UART_GetDefaultConfig), (104 bytes).
    Removing fsl_uart.o(i.UART_GetEnabledInterrupts), (36 bytes).
    Removing fsl_uart.o(i.UART_GetInstance), (116 bytes).
    Removing fsl_uart.o(i.UART_GetStatusFlags), (24 bytes).
    Removing fsl_uart.o(i.UART_Init), (684 bytes).
    Removing fsl_uart.o(i.UART_ReadBlocking), (152 bytes).
    Removing fsl_uart.o(i.UART_ReadNonBlocking), (84 bytes).
    Removing fsl_uart.o(i.UART_SetBaudRate), (200 bytes).
    Removing fsl_uart.o(i.UART_TransferAbortReceive), (108 bytes).
    Removing fsl_uart.o(i.UART_TransferAbortSend), (84 bytes).
    Removing fsl_uart.o(i.UART_TransferCreateHandle), (176 bytes).
    Removing fsl_uart.o(i.UART_TransferGetReceiveCount), (120 bytes).
    Removing fsl_uart.o(i.UART_TransferGetRxRingBufferLength), (88 bytes).
    Removing fsl_uart.o(i.UART_TransferGetSendCount), (112 bytes).
    Removing fsl_uart.o(i.UART_TransferHandleErrorIRQ), (2 bytes).
    Removing fsl_uart.o(i.UART_TransferHandleIRQ), (888 bytes).
    Removing fsl_uart.o(i.UART_TransferIsRxRingBufferFull), (84 bytes).
    Removing fsl_uart.o(i.UART_TransferReceiveNonBlocking), (388 bytes).
    Removing fsl_uart.o(i.UART_TransferSendNonBlocking), (204 bytes).
    Removing fsl_uart.o(i.UART_TransferStartRingBuffer), (140 bytes).
    Removing fsl_uart.o(i.UART_TransferStopRingBuffer), (112 bytes).
    Removing fsl_uart.o(i.UART_WriteNonBlocking), (84 bytes).
    Removing fsl_uart.o(.constdata), (48 bytes).
    Removing fsl_lpuart.o(.rev16_text), (4 bytes).
    Removing fsl_lpuart.o(.revsh_text), (4 bytes).
    Removing fsl_lpuart.o(.rrx_text), (6 bytes).
    Removing fsl_lpuart.o(i.LPUART_ClearStatusFlags), (68 bytes).
    Removing fsl_lpuart.o(i.LPUART_Deinit), (84 bytes).
    Removing fsl_lpuart.o(i.LPUART_DisableInterrupts), (26 bytes).
    Removing fsl_lpuart.o(i.LPUART_EnableInterrupts), (26 bytes).
    Removing fsl_lpuart.o(i.LPUART_GetDefaultConfig), (112 bytes).
    Removing fsl_lpuart.o(i.LPUART_GetEnabledInterrupts), (24 bytes).
    Removing fsl_lpuart.o(i.LPUART_GetInstance), (124 bytes).
    Removing fsl_lpuart.o(i.LPUART_GetStatusFlags), (6 bytes).
    Removing fsl_lpuart.o(i.LPUART_Init), (556 bytes).
    Removing fsl_lpuart.o(i.LPUART_ReadBlocking), (256 bytes).
    Removing fsl_lpuart.o(i.LPUART_ReadNonBlocking), (92 bytes).
    Removing fsl_lpuart.o(i.LPUART_SetBaudRate), (292 bytes).
    Removing fsl_lpuart.o(i.LPUART_TransferAbortReceive), (96 bytes).
    Removing fsl_lpuart.o(i.LPUART_TransferAbortSend), (92 bytes).
    Removing fsl_lpuart.o(i.LPUART_TransferCreateHandle), (184 bytes).
    Removing fsl_lpuart.o(i.LPUART_TransferGetReceiveCount), (128 bytes).
    Removing fsl_lpuart.o(i.LPUART_TransferGetRxRingBufferLength), (100 bytes).
    Removing fsl_lpuart.o(i.LPUART_TransferGetSendCount), (128 bytes).
    Removing fsl_lpuart.o(i.LPUART_TransferHandleErrorIRQ), (2 bytes).
    Removing fsl_lpuart.o(i.LPUART_TransferHandleIRQ), (496 bytes).
    Removing fsl_lpuart.o(i.LPUART_TransferIsRxRingBufferFull), (96 bytes).
    Removing fsl_lpuart.o(i.LPUART_TransferReceiveNonBlocking), (404 bytes).
    Removing fsl_lpuart.o(i.LPUART_TransferSendNonBlocking), (236 bytes).
    Removing fsl_lpuart.o(i.LPUART_TransferStartRingBuffer), (136 bytes).
    Removing fsl_lpuart.o(i.LPUART_TransferStopRingBuffer), (100 bytes).
    Removing fsl_lpuart.o(i.LPUART_WriteBlocking), (108 bytes).
    Removing fsl_lpuart.o(i.LPUART_WriteNonBlocking), (92 bytes).
    Removing fsl_lpuart.o(.constdata), (12 bytes).
    Removing fsl_smc.o(.rev16_text), (4 bytes).
    Removing fsl_smc.o(.revsh_text), (4 bytes).
    Removing fsl_smc.o(.rrx_text), (6 bytes).
    Removing fsl_smc.o(i.DisableGlobalIRQ), (12 bytes).
    Removing fsl_smc.o(i.EnableGlobalIRQ), (10 bytes).
    Removing fsl_smc.o(i.SMC_EnterStopRamFunc), (16 bytes).
    Removing fsl_smc.o(i.SMC_PostExitStopModes), (32 bytes).
    Removing fsl_smc.o(i.SMC_PostExitWaitModes), (32 bytes).
    Removing fsl_smc.o(i.SMC_PreEnterStopModes), (32 bytes).
    Removing fsl_smc.o(i.SMC_PreEnterWaitModes), (32 bytes).
    Removing fsl_smc.o(i.SMC_SetPowerModeHsrun), (18 bytes).
    Removing fsl_smc.o(i.SMC_SetPowerModeLls), (72 bytes).
    Removing fsl_smc.o(i.SMC_SetPowerModeRun), (16 bytes).
    Removing fsl_smc.o(i.SMC_SetPowerModeStop), (72 bytes).
    Removing fsl_smc.o(i.SMC_SetPowerModeVlls), (132 bytes).
    Removing fsl_smc.o(i.SMC_SetPowerModeVlpr), (18 bytes).
    Removing fsl_smc.o(i.SMC_SetPowerModeVlps), (56 bytes).
    Removing fsl_smc.o(i.SMC_SetPowerModeVlpw), (56 bytes).
    Removing fsl_smc.o(i.SMC_SetPowerModeWait), (56 bytes).
    Removing fsl_smc.o(.data), (28 bytes).
    Removing fsl_ftm.o(.rev16_text), (4 bytes).
    Removing fsl_ftm.o(.revsh_text), (4 bytes).
    Removing fsl_ftm.o(.rrx_text), (6 bytes).
    Removing fsl_ftm.o(i.FTM_ClearStatusFlags), (52 bytes).
    Removing fsl_ftm.o(i.FTM_Deinit), (52 bytes).
    Removing fsl_ftm.o(i.FTM_DisableInterrupts), (74 bytes).
    Removing fsl_ftm.o(i.FTM_EnableInterrupts), (74 bytes).
    Removing fsl_ftm.o(i.FTM_GetDefaultConfig), (104 bytes).
    Removing fsl_ftm.o(i.FTM_GetEnabledInterrupts), (192 bytes).
    Removing fsl_ftm.o(i.FTM_GetInstance), (116 bytes).
    Removing fsl_ftm.o(i.FTM_GetStatusFlags), (48 bytes).
    Removing fsl_ftm.o(i.FTM_Init), (232 bytes).
    Removing fsl_ftm.o(i.FTM_SetPwmSync), (176 bytes).
    Removing fsl_ftm.o(i.FTM_SetReloadPoints), (260 bytes).
    Removing fsl_ftm.o(i.FTM_SetupDualEdgeCapture), (208 bytes).
    Removing fsl_ftm.o(i.FTM_SetupFault), (160 bytes).
    Removing fsl_ftm.o(i.FTM_SetupInputCapture), (90 bytes).
    Removing fsl_ftm.o(i.FTM_SetupOutputCompare), (72 bytes).
    Removing fsl_ftm.o(i.FTM_SetupPwm), (684 bytes).
    Removing fsl_ftm.o(i.FTM_SetupPwmMode), (428 bytes).
    Removing fsl_ftm.o(i.FTM_SetupQuadDecode), (224 bytes).
    Removing fsl_ftm.o(i.FTM_UpdateChnlEdgeLevelSelect), (34 bytes).
    Removing fsl_ftm.o(i.FTM_UpdatePwmDutycycle), (204 bytes).
    Removing fsl_ftm.o(.constdata), (32 bytes).
    Removing fsl_pit.o(.rev16_text), (4 bytes).
    Removing fsl_pit.o(.revsh_text), (4 bytes).
    Removing fsl_pit.o(.rrx_text), (6 bytes).
    Removing fsl_pit.o(i.PIT_Deinit), (52 bytes).
    Removing fsl_pit.o(i.PIT_GetInstance), (120 bytes).
    Removing fsl_pit.o(i.PIT_GetLifetimeTimerCount), (24 bytes).
    Removing fsl_pit.o(i.PIT_Init), (176 bytes).
    Removing fsl_pit.o(.constdata), (8 bytes).
    Removing fsl_dmamux.o(.rev16_text), (4 bytes).
    Removing fsl_dmamux.o(.revsh_text), (4 bytes).
    Removing fsl_dmamux.o(.rrx_text), (6 bytes).
    Removing fsl_dmamux.o(i.DMAMUX_Deinit), (44 bytes).
    Removing fsl_dmamux.o(i.DMAMUX_GetInstance), (124 bytes).
    Removing fsl_dmamux.o(i.DMAMUX_Init), (44 bytes).
    Removing fsl_dmamux.o(.constdata), (8 bytes).
    Removing fsl_edma.o(.rev16_text), (4 bytes).
    Removing fsl_edma.o(.revsh_text), (4 bytes).
    Removing fsl_edma.o(.rrx_text), (6 bytes).
    Removing fsl_edma.o(i.DisableGlobalIRQ), (12 bytes).
    Removing fsl_edma.o(i.EDMA_AbortTransfer), (54 bytes).
    Removing fsl_edma.o(i.EDMA_ClearChannelStatusFlags), (136 bytes).
    Removing fsl_edma.o(i.EDMA_CreateHandle), (280 bytes).
    Removing fsl_edma.o(i.EDMA_Deinit), (44 bytes).
    Removing fsl_edma.o(i.EDMA_DisableChannelInterrupts), (188 bytes).
    Removing fsl_edma.o(i.EDMA_EnableChannelInterrupts), (188 bytes).
    Removing fsl_edma.o(i.EDMA_GetDefaultConfig), (84 bytes).
    Removing fsl_edma.o(i.EDMA_GetInstance), (120 bytes).
    Removing fsl_edma.o(i.EDMA_GetRemainingMajorLoopCount), (180 bytes).
    Removing fsl_edma.o(i.EDMA_Init), (176 bytes).
    Removing fsl_edma.o(i.EDMA_InstallTCD), (332 bytes).
    Removing fsl_edma.o(i.EDMA_InstallTCDMemory), (148 bytes).
    Removing fsl_edma.o(i.EDMA_PrepareTransfer), (548 bytes).
    Removing fsl_edma.o(i.EDMA_ResetChannel), (120 bytes).
    Removing fsl_edma.o(i.EDMA_SetBandWidth), (136 bytes).
    Removing fsl_edma.o(i.EDMA_SetCallback), (80 bytes).
    Removing fsl_edma.o(i.EDMA_SetChannelLink), (212 bytes).
    Removing fsl_edma.o(i.EDMA_SetChannelPreemptionConfig), (204 bytes).
    Removing fsl_edma.o(i.EDMA_SetMinorOffsetConfig), (208 bytes).
    Removing fsl_edma.o(i.EDMA_SetModulo), (168 bytes).
    Removing fsl_edma.o(i.EDMA_SetTransferConfig), (216 bytes).
    Removing fsl_edma.o(i.EDMA_StartTransfer), (168 bytes).
    Removing fsl_edma.o(i.EDMA_StopTransfer), (88 bytes).
    Removing fsl_edma.o(i.EDMA_SubmitTransfer), (520 bytes).
    Removing fsl_edma.o(i.EDMA_TcdDisableInterrupts), (96 bytes).
    Removing fsl_edma.o(i.EDMA_TcdEnableInterrupts), (96 bytes).
    Removing fsl_edma.o(i.EDMA_TcdReset), (148 bytes).
    Removing fsl_edma.o(i.EDMA_TcdSetChannelLink), (316 bytes).
    Removing fsl_edma.o(i.EDMA_TcdSetMinorOffsetConfig), (168 bytes).
    Removing fsl_edma.o(i.EDMA_TcdSetModulo), (156 bytes).
    Removing fsl_edma.o(i.EDMA_TcdSetTransferConfig), (276 bytes).
    Removing fsl_edma.o(i.EnableGlobalIRQ), (10 bytes).
    Removing fsl_edma.o(i.Get_StartInstance), (28 bytes).
    Removing fsl_edma.o(.constdata), (40 bytes).
    Removing fsl_edma.o(.conststring), (245 bytes).
    Removing fsl_edma.o(.data), (1 bytes).
    Removing system_mk66f18.o(.rev16_text), (4 bytes).
    Removing system_mk66f18.o(.revsh_text), (4 bytes).
    Removing system_mk66f18.o(.rrx_text), (6 bytes).
    Removing system_mk66f18.o(i.SystemCoreClockUpdate), (560 bytes).
    Removing system_mk66f18.o(.data), (4 bytes).
    Removing fsl_debug_console.o(.rev16_text), (4 bytes).
    Removing fsl_debug_console.o(.revsh_text), (4 bytes).
    Removing fsl_debug_console.o(.rrx_text), (6 bytes).
    Removing fsl_debug_console.o(i.DbgConsole_Deinit), (40 bytes).
    Removing fsl_debug_console.o(i.DbgConsole_Flush), (4 bytes).
    Removing fsl_debug_console.o(i.DbgConsole_Getchar), (18 bytes).
    Removing fsl_debug_console.o(i.DbgConsole_Init), (292 bytes).
    Removing fsl_debug_console.o(i.DbgConsole_Putchar), (12 bytes).
    Removing fsl_debug_console.o(i.DbgConsole_ReadCharacter), (92 bytes).
    Removing fsl_debug_console.o(i.DbgConsole_ReadLine), (152 bytes).
    Removing fsl_debug_console.o(i.DbgConsole_ReadOneCharacter), (36 bytes).
    Removing fsl_debug_console.o(i.DbgConsole_Scanf), (52 bytes).
    Removing fsl_debug_console.o(i.DbgConsole_SendData), (144 bytes).
    Removing fsl_debug_console.o(i._sys_command_string), (2 bytes).
    Removing fsl_debug_console.o(i._sys_exit), (4 bytes).
    Removing fsl_debug_console.o(i._ttywrch), (18 bytes).
    Removing fsl_debug_console.o(i.fgetc), (16 bytes).
    Removing fsl_debug_console.o(i.fputc), (14 bytes).
    Removing fsl_debug_console.o(.constdata), (16 bytes).
    Removing fsl_str.o(.rev16_text), (4 bytes).
    Removing fsl_str.o(.revsh_text), (4 bytes).
    Removing fsl_str.o(.rrx_text), (6 bytes).
    Removing fsl_str.o(i.ScanIgnoreWhiteSpace), (50 bytes).
    Removing fsl_str.o(i.StrFormatScanf), (980 bytes).
    Removing fsl_assert.o(.rev16_text), (4 bytes).
    Removing fsl_assert.o(.revsh_text), (4 bytes).
    Removing fsl_assert.o(.rrx_text), (6 bytes).
    Removing uart_adapter.o(.rev16_text), (4 bytes).
    Removing uart_adapter.o(.revsh_text), (4 bytes).
    Removing uart_adapter.o(.rrx_text), (6 bytes).
    Removing uart_adapter.o(i.HAL_UartDeinit), (88 bytes).
    Removing uart_adapter.o(i.HAL_UartGetStatus), (14 bytes).
    Removing uart_adapter.o(i.HAL_UartInit), (316 bytes).
    Removing uart_adapter.o(i.HAL_UartReceiveBlocking), (152 bytes).
    Removing uart_adapter.o(.conststring), (69 bytes).
    Removing serial_manager.o(.rev16_text), (4 bytes).
    Removing serial_manager.o(.revsh_text), (4 bytes).
    Removing serial_manager.o(.rrx_text), (6 bytes).
    Removing serial_manager.o(i.SerialManager_CloseReadHandle), (116 bytes).
    Removing serial_manager.o(i.SerialManager_CloseWriteHandle), (120 bytes).
    Removing serial_manager.o(i.SerialManager_Deinit), (124 bytes).
    Removing serial_manager.o(i.SerialManager_EnterLowpower), (88 bytes).
    Removing serial_manager.o(i.SerialManager_ExitLowpower), (88 bytes).
    Removing serial_manager.o(i.SerialManager_Init), (164 bytes).
    Removing serial_manager.o(i.SerialManager_OpenReadHandle), (144 bytes).
    Removing serial_manager.o(i.SerialManager_OpenWriteHandle), (140 bytes).
    Removing serial_manager.o(i.SerialManager_Read), (180 bytes).
    Removing serial_manager.o(i.SerialManager_ReadBlocking), (20 bytes).
    Removing serial_manager.o(i.SerialManager_StartReading), (54 bytes).
    Removing serial_port_uart.o(.rev16_text), (4 bytes).
    Removing serial_port_uart.o(.revsh_text), (4 bytes).
    Removing serial_port_uart.o(.rrx_text), (6 bytes).
    Removing serial_port_uart.o(i.Serial_UartDeinit), (96 bytes).
    Removing serial_port_uart.o(i.Serial_UartInit), (184 bytes).
    Removing serial_port_uart.o(i.Serial_UartRead), (156 bytes).
    Removing generic_list.o(.rev16_text), (4 bytes).
    Removing generic_list.o(.revsh_text), (4 bytes).
    Removing generic_list.o(.rrx_text), (6 bytes).
    Removing generic_list.o(i.DisableGlobalIRQ), (12 bytes).
    Removing generic_list.o(i.EnableGlobalIRQ), (10 bytes).
    Removing generic_list.o(i.LIST_AddHead), (104 bytes).
    Removing generic_list.o(i.LIST_AddPrevElement), (126 bytes).
    Removing generic_list.o(i.LIST_AddTail), (104 bytes).
    Removing generic_list.o(i.LIST_GetAvailableSize), (10 bytes).
    Removing generic_list.o(i.LIST_GetHead), (6 bytes).
    Removing generic_list.o(i.LIST_GetList), (6 bytes).
    Removing generic_list.o(i.LIST_GetNext), (6 bytes).
    Removing generic_list.o(i.LIST_GetPrev), (6 bytes).
    Removing generic_list.o(i.LIST_GetSize), (6 bytes).
    Removing generic_list.o(i.LIST_Init), (12 bytes).
    Removing generic_list.o(i.LIST_RemoveElement), (84 bytes).
    Removing generic_list.o(i.LIST_RemoveHead), (68 bytes).
    Removing generic_list.o(i.LIST_Scan), (28 bytes).
    Removing led.o(.rev16_text), (4 bytes).
    Removing led.o(.revsh_text), (4 bytes).
    Removing led.o(.rrx_text), (6 bytes).
    Removing led.o(i.CLOCK_EnableClock), (24 bytes).
    Removing led.o(i.GPIO_PinWrite), (22 bytes).
    Removing led.o(i.LED_GPIOInit), (180 bytes).
    Removing led.o(i.LED_Init), (64 bytes).
    Removing led.o(i.LED_Off), (18 bytes).
    Removing led.o(i.LED_On), (18 bytes).
    Removing led.o(i.LED_SetStatus), (62 bytes).
    Removing led.o(.constdata), (2 bytes).
    Removing led.o(.data), (80 bytes).

458 unused section(s) (total 40341 bytes) removed from the image.

==============================================================================

Image Symbol Table

    Local Symbols

    Symbol Name                              Value     Ov Type        Size  Object(Section)

    RESET                                    0x00000000   Section     1024  startup_mk66f18.o(RESET)
    ../clib/microlib/init/entry.s            0x00000000   Number         0  entry8a.o ABSOLUTE
    ../clib/microlib/init/entry.s            0x00000000   Number         0  entry8b.o ABSOLUTE
    ../clib/microlib/init/entry.s            0x00000000   Number         0  entry9a.o ABSOLUTE
    ../clib/microlib/init/entry.s            0x00000000   Number         0  entry11b.o ABSOLUTE
    ../clib/microlib/init/entry.s            0x00000000   Number         0  entry10a.o ABSOLUTE
    ../clib/microlib/init/entry.s            0x00000000   Number         0  entry9b.o ABSOLUTE
    ../clib/microlib/init/entry.s            0x00000000   Number         0  entry10b.o ABSOLUTE
    ../clib/microlib/init/entry.s            0x00000000   Number         0  entry7b.o ABSOLUTE
    ../clib/microlib/init/entry.s            0x00000000   Number         0  entry11a.o ABSOLUTE
    ../clib/microlib/init/entry.s            0x00000000   Number         0  entry.o ABSOLUTE
    ../clib/microlib/init/entry.s            0x00000000   Number         0  entry4.o ABSOLUTE
    ../clib/microlib/init/entry.s            0x00000000   Number         0  entry5.o ABSOLUTE
    ../clib/microlib/init/entry.s            0x00000000   Number         0  entry7a.o ABSOLUTE
    ../clib/microlib/malloc/malloc.c         0x00000000   Number         0  mallocra2.o ABSOLUTE
    ../clib/microlib/malloc/malloc.c         0x00000000   Number         0  malloca2.o ABSOLUTE
    ../clib/microlib/malloc/malloc.c         0x00000000   Number         0  mallocr2.o ABSOLUTE
    ../clib/microlib/malloc/malloc.c         0x00000000   Number         0  malloc2.o ABSOLUTE
    ../clib/microlib/malloc/mvars.c          0x00000000   Number         0  mvars.o ABSOLUTE
    ../clib/microlib/string/memcpy.c         0x00000000   Number         0  memcpyb.o ABSOLUTE
    ../clib/microlib/string/memcpy.c         0x00000000   Number         0  memcpya.o ABSOLUTE
    ../clib/microlib/string/memset.c         0x00000000   Number         0  memseta.o ABSOLUTE
    ../clib/microlib/string/strlen.c         0x00000000   Number         0  strlen.o ABSOLUTE
    ..\\board\\board.c                       0x00000000   Number         0  board.o ABSOLUTE
    ..\\board\\clock_config.c                0x00000000   Number         0  clock_config.o ABSOLUTE
    ..\\board\\pin_mux.c                     0x00000000   Number         0  pin_mux.o ABSOLUTE
    ..\\components\\lists\\generic_list.c    0x00000000   Number         0  generic_list.o ABSOLUTE
    ..\\components\\serial_manager\\serial_manager.c 0x00000000   Number         0  serial_manager.o ABSOLUTE
    ..\\components\\serial_manager\\serial_port_uart.c 0x00000000   Number         0  serial_port_uart.o ABSOLUTE
    ..\\components\\uart\\uart_adapter.c     0x00000000   Number         0  uart_adapter.o ABSOLUTE
    ..\\drivers\\Hardware\\led.c             0x00000000   Number         0  led.o ABSOLUTE
    ..\\drivers\\drivers\\fsl_clock.c        0x00000000   Number         0  fsl_clock.o ABSOLUTE
    ..\\drivers\\drivers\\fsl_common.c       0x00000000   Number         0  fsl_common.o ABSOLUTE
    ..\\drivers\\drivers\\fsl_dmamux.c       0x00000000   Number         0  fsl_dmamux.o ABSOLUTE
    ..\\drivers\\drivers\\fsl_edma.c         0x00000000   Number         0  fsl_edma.o ABSOLUTE
    ..\\drivers\\drivers\\fsl_ftfx_cache.c   0x00000000   Number         0  fsl_ftfx_cache.o ABSOLUTE
    ..\\drivers\\drivers\\fsl_ftfx_controller.c 0x00000000   Number         0  fsl_ftfx_controller.o ABSOLUTE
    ..\\drivers\\drivers\\fsl_ftfx_flash.c   0x00000000   Number         0  fsl_ftfx_flash.o ABSOLUTE
    ..\\drivers\\drivers\\fsl_ftfx_flexnvm.c 0x00000000   Number         0  fsl_ftfx_flexnvm.o ABSOLUTE
    ..\\drivers\\drivers\\fsl_ftm.c          0x00000000   Number         0  fsl_ftm.o ABSOLUTE
    ..\\drivers\\drivers\\fsl_gpio.c         0x00000000   Number         0  fsl_gpio.o ABSOLUTE
    ..\\drivers\\drivers\\fsl_lpuart.c       0x00000000   Number         0  fsl_lpuart.o ABSOLUTE
    ..\\drivers\\drivers\\fsl_pit.c          0x00000000   Number         0  fsl_pit.o ABSOLUTE
    ..\\drivers\\drivers\\fsl_smc.c          0x00000000   Number         0  fsl_smc.o ABSOLUTE
    ..\\drivers\\drivers\\fsl_uart.c         0x00000000   Number         0  fsl_uart.o ABSOLUTE
    ..\\source\\main.c                       0x00000000   Number         0  main.o ABSOLUTE
    ..\\startup\\system_MK66F18.c            0x00000000   Number         0  system_mk66f18.o ABSOLUTE
    ..\\utilities\\debug_console\\fsl_debug_console.c 0x00000000   Number         0  fsl_debug_console.o ABSOLUTE
    ..\\utilities\\fsl_assert.c              0x00000000   Number         0  fsl_assert.o ABSOLUTE
    ..\\utilities\\str\\fsl_str.c            0x00000000   Number         0  fsl_str.o ABSOLUTE
    ..\board\board.c                         0x00000000   Number         0  board.o ABSOLUTE
    ..\board\clock_config.c                  0x00000000   Number         0  clock_config.o ABSOLUTE
    ..\board\pin_mux.c                       0x00000000   Number         0  pin_mux.o ABSOLUTE
    ..\components\lists\generic_list.c       0x00000000   Number         0  generic_list.o ABSOLUTE
    ..\components\serial_manager\serial_manager.c 0x00000000   Number         0  serial_manager.o ABSOLUTE
    ..\components\serial_manager\serial_port_uart.c 0x00000000   Number         0  serial_port_uart.o ABSOLUTE
    ..\components\uart\uart_adapter.c        0x00000000   Number         0  uart_adapter.o ABSOLUTE
    ..\drivers\Hardware\led.c                0x00000000   Number         0  led.o ABSOLUTE
    ..\drivers\arm\startup_MK66F18.s         0x00000000   Number         0  startup_mk66f18.o ABSOLUTE
    ..\drivers\drivers\fsl_clock.c           0x00000000   Number         0  fsl_clock.o ABSOLUTE
    ..\drivers\drivers\fsl_common.c          0x00000000   Number         0  fsl_common.o ABSOLUTE
    ..\drivers\drivers\fsl_dmamux.c          0x00000000   Number         0  fsl_dmamux.o ABSOLUTE
    ..\drivers\drivers\fsl_edma.c            0x00000000   Number         0  fsl_edma.o ABSOLUTE
    ..\drivers\drivers\fsl_ftfx_cache.c      0x00000000   Number         0  fsl_ftfx_cache.o ABSOLUTE
    ..\drivers\drivers\fsl_ftfx_controller.c 0x00000000   Number         0  fsl_ftfx_controller.o ABSOLUTE
    ..\drivers\drivers\fsl_ftfx_flash.c      0x00000000   Number         0  fsl_ftfx_flash.o ABSOLUTE
    ..\drivers\drivers\fsl_ftfx_flexnvm.c    0x00000000   Number         0  fsl_ftfx_flexnvm.o ABSOLUTE
    ..\drivers\drivers\fsl_ftm.c             0x00000000   Number         0  fsl_ftm.o ABSOLUTE
    ..\drivers\drivers\fsl_gpio.c            0x00000000   Number         0  fsl_gpio.o ABSOLUTE
    ..\drivers\drivers\fsl_lpuart.c          0x00000000   Number         0  fsl_lpuart.o ABSOLUTE
    ..\drivers\drivers\fsl_pit.c             0x00000000   Number         0  fsl_pit.o ABSOLUTE
    ..\drivers\drivers\fsl_smc.c             0x00000000   Number         0  fsl_smc.o ABSOLUTE
    ..\drivers\drivers\fsl_uart.c            0x00000000   Number         0  fsl_uart.o ABSOLUTE
    ..\source\main.c                         0x00000000   Number         0  main.o ABSOLUTE
    ..\startup\system_MK66F18.c              0x00000000   Number         0  system_mk66f18.o ABSOLUTE
    ..\utilities\debug_console\fsl_debug_console.c 0x00000000   Number         0  fsl_debug_console.o ABSOLUTE
    ..\utilities\fsl_assert.c                0x00000000   Number         0  fsl_assert.o ABSOLUTE
    ..\utilities\str\fsl_str.c               0x00000000   Number         0  fsl_str.o ABSOLUTE
    dc.s                                     0x00000000   Number         0  dc.o ABSOLUTE
    handlers.s                               0x00000000   Number         0  handlers.o ABSOLUTE
    init.s                                   0x00000000   Number         0  init.o ABSOLUTE
    FlashConfig                              0x00000400   Section       16  startup_mk66f18.o(FlashConfig)
    .ARM.Collect$$$$00000000                 0x00000410   Section        0  entry.o(.ARM.Collect$$$$00000000)
    .ARM.Collect$$$$00000003                 0x00000410   Section        4  entry4.o(.ARM.Collect$$$$00000003)
    .ARM.Collect$$$$00000004                 0x00000414   Section        4  entry5.o(.ARM.Collect$$$$00000004)
    .ARM.Collect$$$$00000008                 0x00000418   Section        0  entry7b.o(.ARM.Collect$$$$00000008)
    .ARM.Collect$$$$0000000A                 0x00000418   Section        0  entry8b.o(.ARM.Collect$$$$0000000A)
    .ARM.Collect$$$$0000000B                 0x00000418   Section        8  entry9a.o(.ARM.Collect$$$$0000000B)
    .ARM.Collect$$$$0000000D                 0x00000420   Section        0  entry10a.o(.ARM.Collect$$$$0000000D)
    .ARM.Collect$$$$0000000F                 0x00000420   Section        0  entry11a.o(.ARM.Collect$$$$0000000F)
    .ARM.Collect$$$$00002714                 0x00000420   Section        4  entry4.o(.ARM.Collect$$$$00002714)
    __lit__00000000                          0x00000420   Data           4  entry4.o(.ARM.Collect$$$$00002714)
    .text                                    0x00000424   Section      500  startup_mk66f18.o(.text)
    $v0                                      0x00000424   Number         0  startup_mk66f18.o(.text)
    .text                                    0x00000618   Section        0  memseta.o(.text)
    .text                                    0x0000063c   Section        0  strlen.o(.text)
    .text                                    0x0000064c   Section       36  init.o(.text)
    i.ConvertRadixNumToString                0x00000670   Section        0  fsl_str.o(i.ConvertRadixNumToString)
    ConvertRadixNumToString                  0x00000671   Thumb Code   168  fsl_str.o(i.ConvertRadixNumToString)
    i.DMA0_DMA16_DriverIRQHandler            0x00000718   Section        0  fsl_edma.o(i.DMA0_DMA16_DriverIRQHandler)
    i.DMA10_DMA26_DriverIRQHandler           0x00000760   Section        0  fsl_edma.o(i.DMA10_DMA26_DriverIRQHandler)
    i.DMA11_DMA27_DriverIRQHandler           0x000007a8   Section        0  fsl_edma.o(i.DMA11_DMA27_DriverIRQHandler)
    i.DMA12_DMA28_DriverIRQHandler           0x000007f0   Section        0  fsl_edma.o(i.DMA12_DMA28_DriverIRQHandler)
    i.DMA13_DMA29_DriverIRQHandler           0x00000838   Section        0  fsl_edma.o(i.DMA13_DMA29_DriverIRQHandler)
    i.DMA14_DMA30_DriverIRQHandler           0x00000880   Section        0  fsl_edma.o(i.DMA14_DMA30_DriverIRQHandler)
    i.DMA15_DMA31_DriverIRQHandler           0x000008c8   Section        0  fsl_edma.o(i.DMA15_DMA31_DriverIRQHandler)
    i.DMA1_DMA17_DriverIRQHandler            0x00000910   Section        0  fsl_edma.o(i.DMA1_DMA17_DriverIRQHandler)
    i.DMA2_DMA18_DriverIRQHandler            0x00000958   Section        0  fsl_edma.o(i.DMA2_DMA18_DriverIRQHandler)
    i.DMA3_DMA19_DriverIRQHandler            0x000009a0   Section        0  fsl_edma.o(i.DMA3_DMA19_DriverIRQHandler)
    i.DMA4_DMA20_DriverIRQHandler            0x000009e8   Section        0  fsl_edma.o(i.DMA4_DMA20_DriverIRQHandler)
    i.DMA5_DMA21_DriverIRQHandler            0x00000a30   Section        0  fsl_edma.o(i.DMA5_DMA21_DriverIRQHandler)
    i.DMA6_DMA22_DriverIRQHandler            0x00000a78   Section        0  fsl_edma.o(i.DMA6_DMA22_DriverIRQHandler)
    i.DMA7_DMA23_DriverIRQHandler            0x00000ac0   Section        0  fsl_edma.o(i.DMA7_DMA23_DriverIRQHandler)
    i.DMA8_DMA24_DriverIRQHandler            0x00000b08   Section        0  fsl_edma.o(i.DMA8_DMA24_DriverIRQHandler)
    i.DMA9_DMA25_DriverIRQHandler            0x00000b50   Section        0  fsl_edma.o(i.DMA9_DMA25_DriverIRQHandler)
    i.DbgConsole_PrintCallback               0x00000b98   Section        0  fsl_debug_console.o(i.DbgConsole_PrintCallback)
    DbgConsole_PrintCallback                 0x00000b99   Thumb Code    62  fsl_debug_console.o(i.DbgConsole_PrintCallback)
    i.DbgConsole_Printf                      0x00000bd8   Section        0  fsl_debug_console.o(i.DbgConsole_Printf)
    i.DbgConsole_SendDataReliable            0x00000c28   Section        0  fsl_debug_console.o(i.DbgConsole_SendDataReliable)
    i.EDMA_GetChannelStatusFlags             0x00000cb8   Section        0  fsl_edma.o(i.EDMA_GetChannelStatusFlags)
    i.EDMA_HandleIRQ                         0x00000d54   Section        0  fsl_edma.o(i.EDMA_HandleIRQ)
    i.HAL_UartSendBlocking                   0x00000e58   Section        0  uart_adapter.o(i.HAL_UartSendBlocking)
    i.LPUART0_DriverIRQHandler               0x00000eec   Section        0  fsl_lpuart.o(i.LPUART0_DriverIRQHandler)
    i.SerialManager_StartWriting             0x00000f18   Section        0  serial_manager.o(i.SerialManager_StartWriting)
    SerialManager_StartWriting               0x00000f19   Thumb Code    54  serial_manager.o(i.SerialManager_StartWriting)
    i.SerialManager_Write                    0x00000f50   Section        0  serial_manager.o(i.SerialManager_Write)
    SerialManager_Write                      0x00000f51   Thumb Code    96  serial_manager.o(i.SerialManager_Write)
    i.SerialManager_WriteBlocking            0x00001004   Section        0  serial_manager.o(i.SerialManager_WriteBlocking)
    i.Serial_UartWrite                       0x00001018   Section        0  serial_port_uart.o(i.Serial_UartWrite)
    i.StrFormatPrintf                        0x000010b4   Section        0  fsl_str.o(i.StrFormatPrintf)
    i.SystemInit                             0x000012e4   Section        0  system_mk66f18.o(i.SystemInit)
    i.SystemInitHook                         0x00001314   Section        0  system_mk66f18.o(i.SystemInitHook)
    i.UART0_DriverIRQHandler                 0x00001318   Section        0  fsl_uart.o(i.UART0_DriverIRQHandler)
    i.UART0_RX_TX_DriverIRQHandler           0x00001344   Section        0  fsl_uart.o(i.UART0_RX_TX_DriverIRQHandler)
    i.UART1_DriverIRQHandler                 0x0000135c   Section        0  fsl_uart.o(i.UART1_DriverIRQHandler)
    i.UART1_RX_TX_DriverIRQHandler           0x00001388   Section        0  fsl_uart.o(i.UART1_RX_TX_DriverIRQHandler)
    i.UART2_DriverIRQHandler                 0x000013a0   Section        0  fsl_uart.o(i.UART2_DriverIRQHandler)
    i.UART2_RX_TX_DriverIRQHandler           0x000013cc   Section        0  fsl_uart.o(i.UART2_RX_TX_DriverIRQHandler)
    i.UART3_DriverIRQHandler                 0x000013e4   Section        0  fsl_uart.o(i.UART3_DriverIRQHandler)
    i.UART3_RX_TX_DriverIRQHandler           0x00001410   Section        0  fsl_uart.o(i.UART3_RX_TX_DriverIRQHandler)
    i.UART4_DriverIRQHandler                 0x00001428   Section        0  fsl_uart.o(i.UART4_DriverIRQHandler)
    i.UART4_RX_TX_DriverIRQHandler           0x00001454   Section        0  fsl_uart.o(i.UART4_RX_TX_DriverIRQHandler)
    i.UART_WriteBlocking                     0x0000146c   Section        0  fsl_uart.o(i.UART_WriteBlocking)
    i.__aeabi_assert                         0x0000148c   Section        0  fsl_assert.o(i.__aeabi_assert)
    i.__scatterload_copy                     0x000014d0   Section       14  handlers.o(i.__scatterload_copy)
    i.__scatterload_null                     0x000014de   Section        2  handlers.o(i.__scatterload_null)
    i.__scatterload_zeroinit                 0x000014e0   Section       14  handlers.o(i.__scatterload_zeroinit)
    i.main                                   0x000014ee   Section        0  main.o(i.main)
    .constdata                               0x000014f4   Section       20  uart_adapter.o(.constdata)
    s_UartAdapterBase                        0x000014f4   Data          20  uart_adapter.o(.constdata)
    .data                                    0x20000000   Section        4  fsl_uart.o(.data)
    s_uartIsr                                0x20000000   Data           4  fsl_uart.o(.data)
    .data                                    0x20000004   Section        8  fsl_lpuart.o(.data)
    s_lpuartHandle                           0x20000004   Data           4  fsl_lpuart.o(.data)
    s_lpuartIsr                              0x20000008   Data           4  fsl_lpuart.o(.data)
    .data                                    0x2000000c   Section       16  fsl_debug_console.o(.data)
    s_debugConsoleReadWaitSemaphore          0x2000000c   Data           1  fsl_debug_console.o(.data)
    .bss                                     0x2000001c   Section       20  fsl_uart.o(.bss)
    s_uartHandle                             0x2000001c   Data          20  fsl_uart.o(.bss)
    .bss                                     0x20000030   Section      128  fsl_edma.o(.bss)
    s_EDMAHandle                             0x20000030   Data         128  fsl_edma.o(.bss)
    .bss                                     0x200000b0   Section       28  fsl_debug_console.o(.bss)
    s_debugConsoleState                      0x200000b0   Data          28  fsl_debug_console.o(.bss)

    Global Symbols

    Symbol Name                              Value     Ov Type        Size  Object(Section)

    BuildAttributes$$THM_ISAv4$E$P$D$K$B$S$7EM$VFPi3$EXTD16$VFPS$VFMA$PE$A:L22UL41UL21$X:L11$S22US41US21$IEEE1$IW$USESV6$~STKCKD$USESV7$~SHL$OSPACE$EBA8$MICROLIB$REQ8$PRES8$EABIv2 0x00000000   Number         0  anon$$obj.o ABSOLUTE
    __ARM_use_no_argv                        0x00000000   Number         0  main.o ABSOLUTE
    __Vectors                                0x00000000   Data           4  startup_mk66f18.o(RESET)
    __cpp_initialize__aeabi_                  - Undefined Weak Reference
    __cxa_finalize                            - Undefined Weak Reference
    __decompress                              - Undefined Weak Reference
    _clock_init                               - Undefined Weak Reference
    _microlib_exit                            - Undefined Weak Reference
    __Vectors_End                            0x00000400   Data           0  startup_mk66f18.o(RESET)
    __Vectors_Size                           0x00000400   Number         0  startup_mk66f18.o ABSOLUTE
    __main                                   0x00000411   Thumb Code     0  entry.o(.ARM.Collect$$$$00000000)
    _main_stk                                0x00000411   Thumb Code     0  entry4.o(.ARM.Collect$$$$00000003)
    _main_scatterload                        0x00000415   Thumb Code     0  entry5.o(.ARM.Collect$$$$00000004)
    __main_after_scatterload                 0x00000419   Thumb Code     0  entry5.o(.ARM.Collect$$$$00000004)
    _main_clock                              0x00000419   Thumb Code     0  entry7b.o(.ARM.Collect$$$$00000008)
    _main_cpp_init                           0x00000419   Thumb Code     0  entry8b.o(.ARM.Collect$$$$0000000A)
    _main_init                               0x00000419   Thumb Code     0  entry9a.o(.ARM.Collect$$$$0000000B)
    __rt_final_cpp                           0x00000421   Thumb Code     0  entry10a.o(.ARM.Collect$$$$0000000D)
    __rt_final_exit                          0x00000421   Thumb Code     0  entry11a.o(.ARM.Collect$$$$0000000F)
    Reset_Handler                            0x00000425   Thumb Code    24  startup_mk66f18.o(.text)
    NMI_Handler                              0x0000043d   Thumb Code     2  startup_mk66f18.o(.text)
    HardFault_Handler                        0x0000043f   Thumb Code     2  startup_mk66f18.o(.text)
    MemManage_Handler                        0x00000441   Thumb Code     2  startup_mk66f18.o(.text)
    BusFault_Handler                         0x00000443   Thumb Code     2  startup_mk66f18.o(.text)
    UsageFault_Handler                       0x00000445   Thumb Code     2  startup_mk66f18.o(.text)
    SVC_Handler                              0x00000447   Thumb Code     2  startup_mk66f18.o(.text)
    DebugMon_Handler                         0x00000449   Thumb Code     2  startup_mk66f18.o(.text)
    PendSV_Handler                           0x0000044b   Thumb Code     2  startup_mk66f18.o(.text)
    SysTick_Handler                          0x0000044d   Thumb Code     2  startup_mk66f18.o(.text)
    DMA0_DMA16_IRQHandler                    0x0000044f   Thumb Code     4  startup_mk66f18.o(.text)
    DMA1_DMA17_IRQHandler                    0x00000453   Thumb Code     4  startup_mk66f18.o(.text)
    DMA2_DMA18_IRQHandler                    0x00000457   Thumb Code     4  startup_mk66f18.o(.text)
    DMA3_DMA19_IRQHandler                    0x0000045b   Thumb Code     4  startup_mk66f18.o(.text)
    DMA4_DMA20_IRQHandler                    0x0000045f   Thumb Code     4  startup_mk66f18.o(.text)
    DMA5_DMA21_IRQHandler                    0x00000463   Thumb Code     4  startup_mk66f18.o(.text)
    DMA6_DMA22_IRQHandler                    0x00000467   Thumb Code     4  startup_mk66f18.o(.text)
    DMA7_DMA23_IRQHandler                    0x0000046b   Thumb Code     4  startup_mk66f18.o(.text)
    DMA8_DMA24_IRQHandler                    0x0000046f   Thumb Code     4  startup_mk66f18.o(.text)
    DMA9_DMA25_IRQHandler                    0x00000473   Thumb Code     4  startup_mk66f18.o(.text)
    DMA10_DMA26_IRQHandler                   0x00000477   Thumb Code     4  startup_mk66f18.o(.text)
    DMA11_DMA27_IRQHandler                   0x0000047b   Thumb Code     4  startup_mk66f18.o(.text)
    DMA12_DMA28_IRQHandler                   0x0000047f   Thumb Code     4  startup_mk66f18.o(.text)
    DMA13_DMA29_IRQHandler                   0x00000483   Thumb Code     4  startup_mk66f18.o(.text)
    DMA14_DMA30_IRQHandler                   0x00000487   Thumb Code     4  startup_mk66f18.o(.text)
    DMA15_DMA31_IRQHandler                   0x0000048b   Thumb Code     4  startup_mk66f18.o(.text)
    DMA_Error_IRQHandler                     0x0000048f   Thumb Code     4  startup_mk66f18.o(.text)
    I2C0_IRQHandler                          0x00000493   Thumb Code     4  startup_mk66f18.o(.text)
    I2C1_IRQHandler                          0x00000497   Thumb Code     4  startup_mk66f18.o(.text)
    SPI0_IRQHandler                          0x0000049b   Thumb Code     4  startup_mk66f18.o(.text)
    SPI1_IRQHandler                          0x0000049f   Thumb Code     4  startup_mk66f18.o(.text)
    I2S0_Tx_IRQHandler                       0x000004a3   Thumb Code     4  startup_mk66f18.o(.text)
    I2S0_Rx_IRQHandler                       0x000004a7   Thumb Code     4  startup_mk66f18.o(.text)
    UART0_RX_TX_IRQHandler                   0x000004ab   Thumb Code     4  startup_mk66f18.o(.text)
    UART0_ERR_IRQHandler                     0x000004af   Thumb Code     4  startup_mk66f18.o(.text)
    UART1_RX_TX_IRQHandler                   0x000004b3   Thumb Code     4  startup_mk66f18.o(.text)
    UART1_ERR_IRQHandler                     0x000004b7   Thumb Code     4  startup_mk66f18.o(.text)
    UART2_RX_TX_IRQHandler                   0x000004bb   Thumb Code     4  startup_mk66f18.o(.text)
    UART2_ERR_IRQHandler                     0x000004bf   Thumb Code     4  startup_mk66f18.o(.text)
    UART3_RX_TX_IRQHandler                   0x000004c3   Thumb Code     4  startup_mk66f18.o(.text)
    UART3_ERR_IRQHandler                     0x000004c7   Thumb Code     4  startup_mk66f18.o(.text)
    SPI2_IRQHandler                          0x000004cb   Thumb Code     4  startup_mk66f18.o(.text)
    UART4_RX_TX_IRQHandler                   0x000004cf   Thumb Code     4  startup_mk66f18.o(.text)
    UART4_ERR_IRQHandler                     0x000004d3   Thumb Code     4  startup_mk66f18.o(.text)
    I2C2_IRQHandler                          0x000004d7   Thumb Code     4  startup_mk66f18.o(.text)
    CAN0_ORed_Message_buffer_IRQHandler      0x000004db   Thumb Code     4  startup_mk66f18.o(.text)
    CAN0_Bus_Off_IRQHandler                  0x000004df   Thumb Code     4  startup_mk66f18.o(.text)
    CAN0_Error_IRQHandler                    0x000004e3   Thumb Code     4  startup_mk66f18.o(.text)
    CAN0_Tx_Warning_IRQHandler               0x000004e7   Thumb Code     4  startup_mk66f18.o(.text)
    CAN0_Rx_Warning_IRQHandler               0x000004eb   Thumb Code     4  startup_mk66f18.o(.text)
    CAN0_Wake_Up_IRQHandler                  0x000004ef   Thumb Code     4  startup_mk66f18.o(.text)
    SDHC_IRQHandler                          0x000004f3   Thumb Code     4  startup_mk66f18.o(.text)
    ENET_1588_Timer_IRQHandler               0x000004f7   Thumb Code     4  startup_mk66f18.o(.text)
    ENET_Transmit_IRQHandler                 0x000004fb   Thumb Code     4  startup_mk66f18.o(.text)
    ENET_Receive_IRQHandler                  0x000004ff   Thumb Code     4  startup_mk66f18.o(.text)
    ENET_Error_IRQHandler                    0x00000503   Thumb Code     4  startup_mk66f18.o(.text)
    LPUART0_IRQHandler                       0x00000507   Thumb Code     4  startup_mk66f18.o(.text)
    I2C3_IRQHandler                          0x0000050b   Thumb Code     4  startup_mk66f18.o(.text)
    CAN1_ORed_Message_buffer_IRQHandler      0x0000050f   Thumb Code     4  startup_mk66f18.o(.text)
    CAN1_Bus_Off_IRQHandler                  0x00000513   Thumb Code     4  startup_mk66f18.o(.text)
    CAN1_Error_IRQHandler                    0x00000517   Thumb Code     4  startup_mk66f18.o(.text)
    CAN1_Tx_Warning_IRQHandler               0x0000051b   Thumb Code     4  startup_mk66f18.o(.text)
    CAN1_Rx_Warning_IRQHandler               0x0000051f   Thumb Code     4  startup_mk66f18.o(.text)
    CAN1_Wake_Up_IRQHandler                  0x00000523   Thumb Code     4  startup_mk66f18.o(.text)
    ADC0_IRQHandler                          0x00000527   Thumb Code     0  startup_mk66f18.o(.text)
    ADC1_IRQHandler                          0x00000527   Thumb Code     0  startup_mk66f18.o(.text)
    CAN0_DriverIRQHandler                    0x00000527   Thumb Code     0  startup_mk66f18.o(.text)
    CAN1_DriverIRQHandler                    0x00000527   Thumb Code     0  startup_mk66f18.o(.text)
    CMP0_IRQHandler                          0x00000527   Thumb Code     0  startup_mk66f18.o(.text)
    CMP1_IRQHandler                          0x00000527   Thumb Code     0  startup_mk66f18.o(.text)
    CMP2_IRQHandler                          0x00000527   Thumb Code     0  startup_mk66f18.o(.text)
    CMP3_IRQHandler                          0x00000527   Thumb Code     0  startup_mk66f18.o(.text)
    CMT_IRQHandler                           0x00000527   Thumb Code     0  startup_mk66f18.o(.text)
    DAC0_IRQHandler                          0x00000527   Thumb Code     0  startup_mk66f18.o(.text)
    DAC1_IRQHandler                          0x00000527   Thumb Code     0  startup_mk66f18.o(.text)
    DMA_Error_DriverIRQHandler               0x00000527   Thumb Code     0  startup_mk66f18.o(.text)
    DefaultISR                               0x00000527   Thumb Code     0  startup_mk66f18.o(.text)
    ENET_1588_Timer_DriverIRQHandler         0x00000527   Thumb Code     0  startup_mk66f18.o(.text)
    ENET_Error_DriverIRQHandler              0x00000527   Thumb Code     0  startup_mk66f18.o(.text)
    ENET_Receive_DriverIRQHandler            0x00000527   Thumb Code     0  startup_mk66f18.o(.text)
    ENET_Transmit_DriverIRQHandler           0x00000527   Thumb Code     0  startup_mk66f18.o(.text)
    FTFE_IRQHandler                          0x00000527   Thumb Code     0  startup_mk66f18.o(.text)
    FTM0_IRQHandler                          0x00000527   Thumb Code     0  startup_mk66f18.o(.text)
    FTM1_IRQHandler                          0x00000527   Thumb Code     0  startup_mk66f18.o(.text)
    FTM2_IRQHandler                          0x00000527   Thumb Code     0  startup_mk66f18.o(.text)
    FTM3_IRQHandler                          0x00000527   Thumb Code     0  startup_mk66f18.o(.text)
    I2C0_DriverIRQHandler                    0x00000527   Thumb Code     0  startup_mk66f18.o(.text)
    I2C1_DriverIRQHandler                    0x00000527   Thumb Code     0  startup_mk66f18.o(.text)
    I2C2_DriverIRQHandler                    0x00000527   Thumb Code     0  startup_mk66f18.o(.text)
    I2C3_DriverIRQHandler                    0x00000527   Thumb Code     0  startup_mk66f18.o(.text)
    I2S0_Rx_DriverIRQHandler                 0x00000527   Thumb Code     0  startup_mk66f18.o(.text)
    I2S0_Tx_DriverIRQHandler                 0x00000527   Thumb Code     0  startup_mk66f18.o(.text)
    LLWU_IRQHandler                          0x00000527   Thumb Code     0  startup_mk66f18.o(.text)
    LPTMR0_IRQHandler                        0x00000527   Thumb Code     0  startup_mk66f18.o(.text)
    LVD_LVW_IRQHandler                       0x00000527   Thumb Code     0  startup_mk66f18.o(.text)
    MCG_IRQHandler                           0x00000527   Thumb Code     0  startup_mk66f18.o(.text)
    MCM_IRQHandler                           0x00000527   Thumb Code     0  startup_mk66f18.o(.text)
    PDB0_IRQHandler                          0x00000527   Thumb Code     0  startup_mk66f18.o(.text)
    PIT0_IRQHandler                          0x00000527   Thumb Code     0  startup_mk66f18.o(.text)
    PIT1_IRQHandler                          0x00000527   Thumb Code     0  startup_mk66f18.o(.text)
    PIT2_IRQHandler                          0x00000527   Thumb Code     0  startup_mk66f18.o(.text)
    PIT3_IRQHandler                          0x00000527   Thumb Code     0  startup_mk66f18.o(.text)
    PORTA_IRQHandler                         0x00000527   Thumb Code     0  startup_mk66f18.o(.text)
    PORTB_IRQHandler                         0x00000527   Thumb Code     0  startup_mk66f18.o(.text)
    PORTC_IRQHandler                         0x00000527   Thumb Code     0  startup_mk66f18.o(.text)
    PORTD_IRQHandler                         0x00000527   Thumb Code     0  startup_mk66f18.o(.text)
    PORTE_IRQHandler                         0x00000527   Thumb Code     0  startup_mk66f18.o(.text)
    RNG_IRQHandler                           0x00000527   Thumb Code     0  startup_mk66f18.o(.text)
    RTC_IRQHandler                           0x00000527   Thumb Code     0  startup_mk66f18.o(.text)
    RTC_Seconds_IRQHandler                   0x00000527   Thumb Code     0  startup_mk66f18.o(.text)
    Read_Collision_IRQHandler                0x00000527   Thumb Code     0  startup_mk66f18.o(.text)
    Reserved46_IRQHandler                    0x00000527   Thumb Code     0  startup_mk66f18.o(.text)
    Reserved71_IRQHandler                    0x00000527   Thumb Code     0  startup_mk66f18.o(.text)
    Reserved84_IRQHandler                    0x00000527   Thumb Code     0  startup_mk66f18.o(.text)
    Reserved85_IRQHandler                    0x00000527   Thumb Code     0  startup_mk66f18.o(.text)
    SDHC_DriverIRQHandler                    0x00000527   Thumb Code     0  startup_mk66f18.o(.text)
    SPI0_DriverIRQHandler                    0x00000527   Thumb Code     0  startup_mk66f18.o(.text)
    SPI1_DriverIRQHandler                    0x00000527   Thumb Code     0  startup_mk66f18.o(.text)
    SPI2_DriverIRQHandler                    0x00000527   Thumb Code     0  startup_mk66f18.o(.text)
    SWI_IRQHandler                           0x00000527   Thumb Code     0  startup_mk66f18.o(.text)
    TPM1_IRQHandler                          0x00000527   Thumb Code     0  startup_mk66f18.o(.text)
    TPM2_IRQHandler                          0x00000527   Thumb Code     0  startup_mk66f18.o(.text)
    TSI0_IRQHandler                          0x00000527   Thumb Code     0  startup_mk66f18.o(.text)
    UART0_ERR_DriverIRQHandler               0x00000527   Thumb Code     0  startup_mk66f18.o(.text)
    UART1_ERR_DriverIRQHandler               0x00000527   Thumb Code     0  startup_mk66f18.o(.text)
    UART2_ERR_DriverIRQHandler               0x00000527   Thumb Code     0  startup_mk66f18.o(.text)
    UART3_ERR_DriverIRQHandler               0x00000527   Thumb Code     0  startup_mk66f18.o(.text)
    UART4_ERR_DriverIRQHandler               0x00000527   Thumb Code     0  startup_mk66f18.o(.text)
    USB0_IRQHandler                          0x00000527   Thumb Code     0  startup_mk66f18.o(.text)
    USBDCD_IRQHandler                        0x00000527   Thumb Code     0  startup_mk66f18.o(.text)
    USBHSDCD_IRQHandler                      0x00000527   Thumb Code     0  startup_mk66f18.o(.text)
    USBHS_IRQHandler                         0x00000527   Thumb Code     0  startup_mk66f18.o(.text)
    WDOG_EWM_IRQHandler                      0x00000527   Thumb Code     0  startup_mk66f18.o(.text)
    __aeabi_memset                           0x00000619   Thumb Code    14  memseta.o(.text)
    __aeabi_memset4                          0x00000619   Thumb Code     0  memseta.o(.text)
    __aeabi_memset8                          0x00000619   Thumb Code     0  memseta.o(.text)
    __aeabi_memclr                           0x00000627   Thumb Code     4  memseta.o(.text)
    __aeabi_memclr4                          0x00000627   Thumb Code     0  memseta.o(.text)
    __aeabi_memclr8                          0x00000627   Thumb Code     0  memseta.o(.text)
    _memset$wrapper                          0x0000062b   Thumb Code    18  memseta.o(.text)
    strlen                                   0x0000063d   Thumb Code    14  strlen.o(.text)
    __scatterload                            0x0000064d   Thumb Code    28  init.o(.text)
    __scatterload_rt2                        0x0000064d   Thumb Code     0  init.o(.text)
    DMA0_DMA16_DriverIRQHandler              0x00000719   Thumb Code    64  fsl_edma.o(i.DMA0_DMA16_DriverIRQHandler)
    DMA10_DMA26_DriverIRQHandler             0x00000761   Thumb Code    64  fsl_edma.o(i.DMA10_DMA26_DriverIRQHandler)
    DMA11_DMA27_DriverIRQHandler             0x000007a9   Thumb Code    64  fsl_edma.o(i.DMA11_DMA27_DriverIRQHandler)
    DMA12_DMA28_DriverIRQHandler             0x000007f1   Thumb Code    64  fsl_edma.o(i.DMA12_DMA28_DriverIRQHandler)
    DMA13_DMA29_DriverIRQHandler             0x00000839   Thumb Code    64  fsl_edma.o(i.DMA13_DMA29_DriverIRQHandler)
    DMA14_DMA30_DriverIRQHandler             0x00000881   Thumb Code    64  fsl_edma.o(i.DMA14_DMA30_DriverIRQHandler)
    DMA15_DMA31_DriverIRQHandler             0x000008c9   Thumb Code    64  fsl_edma.o(i.DMA15_DMA31_DriverIRQHandler)
    DMA1_DMA17_DriverIRQHandler              0x00000911   Thumb Code    64  fsl_edma.o(i.DMA1_DMA17_DriverIRQHandler)
    DMA2_DMA18_DriverIRQHandler              0x00000959   Thumb Code    64  fsl_edma.o(i.DMA2_DMA18_DriverIRQHandler)
    DMA3_DMA19_DriverIRQHandler              0x000009a1   Thumb Code    64  fsl_edma.o(i.DMA3_DMA19_DriverIRQHandler)
    DMA4_DMA20_DriverIRQHandler              0x000009e9   Thumb Code    64  fsl_edma.o(i.DMA4_DMA20_DriverIRQHandler)
    DMA5_DMA21_DriverIRQHandler              0x00000a31   Thumb Code    64  fsl_edma.o(i.DMA5_DMA21_DriverIRQHandler)
    DMA6_DMA22_DriverIRQHandler              0x00000a79   Thumb Code    64  fsl_edma.o(i.DMA6_DMA22_DriverIRQHandler)
    DMA7_DMA23_DriverIRQHandler              0x00000ac1   Thumb Code    64  fsl_edma.o(i.DMA7_DMA23_DriverIRQHandler)
    DMA8_DMA24_DriverIRQHandler              0x00000b09   Thumb Code    64  fsl_edma.o(i.DMA8_DMA24_DriverIRQHandler)
    DMA9_DMA25_DriverIRQHandler              0x00000b51   Thumb Code    64  fsl_edma.o(i.DMA9_DMA25_DriverIRQHandler)
    DbgConsole_Printf                        0x00000bd9   Thumb Code    70  fsl_debug_console.o(i.DbgConsole_Printf)
    DbgConsole_SendDataReliable              0x00000c29   Thumb Code    66  fsl_debug_console.o(i.DbgConsole_SendDataReliable)
    EDMA_GetChannelStatusFlags               0x00000cb9   Thumb Code    70  fsl_edma.o(i.EDMA_GetChannelStatusFlags)
    EDMA_HandleIRQ                           0x00000d55   Thumb Code   210  fsl_edma.o(i.EDMA_HandleIRQ)
    HAL_UartSendBlocking                     0x00000e59   Thumb Code    82  uart_adapter.o(i.HAL_UartSendBlocking)
    LPUART0_DriverIRQHandler                 0x00000eed   Thumb Code    32  fsl_lpuart.o(i.LPUART0_DriverIRQHandler)
    SerialManager_WriteBlocking              0x00001005   Thumb Code    20  serial_manager.o(i.SerialManager_WriteBlocking)
    Serial_UartWrite                         0x00001019   Thumb Code    74  serial_port_uart.o(i.Serial_UartWrite)
    StrFormatPrintf                          0x000010b5   Thumb Code   558  fsl_str.o(i.StrFormatPrintf)
    SystemInit                               0x000012e5   Thumb Code    40  system_mk66f18.o(i.SystemInit)
    SystemInitHook                           0x00001315   Thumb Code     2  system_mk66f18.o(i.SystemInitHook)
    UART0_DriverIRQHandler                   0x00001319   Thumb Code    32  fsl_uart.o(i.UART0_DriverIRQHandler)
    UART0_RX_TX_DriverIRQHandler             0x00001345   Thumb Code    24  fsl_uart.o(i.UART0_RX_TX_DriverIRQHandler)
    UART1_DriverIRQHandler                   0x0000135d   Thumb Code    32  fsl_uart.o(i.UART1_DriverIRQHandler)
    UART1_RX_TX_DriverIRQHandler             0x00001389   Thumb Code    24  fsl_uart.o(i.UART1_RX_TX_DriverIRQHandler)
    UART2_DriverIRQHandler                   0x000013a1   Thumb Code    32  fsl_uart.o(i.UART2_DriverIRQHandler)
    UART2_RX_TX_DriverIRQHandler             0x000013cd   Thumb Code    24  fsl_uart.o(i.UART2_RX_TX_DriverIRQHandler)
    UART3_DriverIRQHandler                   0x000013e5   Thumb Code    32  fsl_uart.o(i.UART3_DriverIRQHandler)
    UART3_RX_TX_DriverIRQHandler             0x00001411   Thumb Code    24  fsl_uart.o(i.UART3_RX_TX_DriverIRQHandler)
    UART4_DriverIRQHandler                   0x00001429   Thumb Code    32  fsl_uart.o(i.UART4_DriverIRQHandler)
    UART4_RX_TX_DriverIRQHandler             0x00001455   Thumb Code    24  fsl_uart.o(i.UART4_RX_TX_DriverIRQHandler)
    UART_WriteBlocking                       0x0000146d   Thumb Code    32  fsl_uart.o(i.UART_WriteBlocking)
    __aeabi_assert                           0x0000148d   Thumb Code    24  fsl_assert.o(i.__aeabi_assert)
    __scatterload_copy                       0x000014d1   Thumb Code    14  handlers.o(i.__scatterload_copy)
    __scatterload_null                       0x000014df   Thumb Code     2  handlers.o(i.__scatterload_null)
    __scatterload_zeroinit                   0x000014e1   Thumb Code    14  handlers.o(i.__scatterload_zeroinit)
    main                                     0x000014ef   Thumb Code     4  main.o(i.main)
    Region$$Table$$Base                      0x00001508   Number         0  anon$$obj.o(Region$$Table)
    Region$$Table$$Limit                     0x00001528   Number         0  anon$$obj.o(Region$$Table)
    g_serialHandle                           0x20000010   Data           4  fsl_debug_console.o(.data)
    __stdout                                 0x20000014   Data           4  fsl_debug_console.o(.data)
    __stdin                                  0x20000018   Data           4  fsl_debug_console.o(.data)
    Image$$ARM_LIB_HEAP$$ZI$$Base            0x200000cc   Number         0  anon$$obj.o ABSOLUTE
    Image$$ARM_LIB_HEAP$$ZI$$Limit           0x200004cc   Number         0  anon$$obj.o ABSOLUTE
    Image$$ARM_LIB_STACK$$ZI$$Limit          0x20030000   Number         0  anon$$obj.o ABSOLUTE



==============================================================================

Memory Map of the image

  Image Entry point : 0x00000411

  Load Region LR_m_text (Base: 0x00000000, Size: 0x00001544, Max: 0x00100000, ABSOLUTE)

    Execution Region VECTOR_ROM (Exec base: 0x00000000, Load base: 0x00000000, Size: 0x00000400, Max: 0x00000400, ABSOLUTE)

    Exec Addr    Load Addr    Size         Type   Attr      Idx    E Section Name        Object

    0x00000000   0x00000000   0x00000400   Data   RO         3031    RESET               startup_mk66f18.o


    Execution Region ER_m_flash_config (Exec base: 0x00000400, Load base: 0x00000400, Size: 0x00000010, Max: 0x00000010, ABSOLUTE, FIXED)

    Exec Addr    Load Addr    Size         Type   Attr      Idx    E Section Name        Object

    0x00000400   0x00000400   0x00000010   Data   RO         3032    FlashConfig         startup_mk66f18.o


    Execution Region ER_m_text (Exec base: 0x00000410, Load base: 0x00000410, Size: 0x00001118, Max: 0x000ffbf0, ABSOLUTE)

    Exec Addr    Load Addr    Size         Type   Attr      Idx    E Section Name        Object

    0x00000410   0x00000410   0x00000000   Code   RO         3106  * .ARM.Collect$$$$00000000  mc_w.l(entry.o)
    0x00000410   0x00000410   0x00000004   Code   RO         3145    .ARM.Collect$$$$00000003  mc_w.l(entry4.o)
    0x00000414   0x00000414   0x00000004   Code   RO         3148    .ARM.Collect$$$$00000004  mc_w.l(entry5.o)
    0x00000418   0x00000418   0x00000000   Code   RO         3150    .ARM.Collect$$$$00000008  mc_w.l(entry7b.o)
    0x00000418   0x00000418   0x00000000   Code   RO         3152    .ARM.Collect$$$$0000000A  mc_w.l(entry8b.o)
    0x00000418   0x00000418   0x00000008   Code   RO         3153    .ARM.Collect$$$$0000000B  mc_w.l(entry9a.o)
    0x00000420   0x00000420   0x00000000   Code   RO         3155    .ARM.Collect$$$$0000000D  mc_w.l(entry10a.o)
    0x00000420   0x00000420   0x00000000   Code   RO         3157    .ARM.Collect$$$$0000000F  mc_w.l(entry11a.o)
    0x00000420   0x00000420   0x00000004   Code   RO         3146    .ARM.Collect$$$$00002714  mc_w.l(entry4.o)
    0x00000424   0x00000424   0x000001f4   Code   RO         3033    .text               startup_mk66f18.o
    0x00000618   0x00000618   0x00000024   Code   RO         3111    .text               mc_w.l(memseta.o)
    0x0000063c   0x0000063c   0x0000000e   Code   RO         3113    .text               mc_w.l(strlen.o)
    0x0000064a   0x0000064a   0x00000002   PAD
    0x0000064c   0x0000064c   0x00000024   Code   RO         3161    .text               mc_w.l(init.o)
    0x00000670   0x00000670   0x000000a8   Code   RO         2659    i.ConvertRadixNumToString  fsl_str.o
    0x00000718   0x00000718   0x00000048   Code   RO         2128    i.DMA0_DMA16_DriverIRQHandler  fsl_edma.o
    0x00000760   0x00000760   0x00000048   Code   RO         2129    i.DMA10_DMA26_DriverIRQHandler  fsl_edma.o
    0x000007a8   0x000007a8   0x00000048   Code   RO         2130    i.DMA11_DMA27_DriverIRQHandler  fsl_edma.o
    0x000007f0   0x000007f0   0x00000048   Code   RO         2131    i.DMA12_DMA28_DriverIRQHandler  fsl_edma.o
    0x00000838   0x00000838   0x00000048   Code   RO         2132    i.DMA13_DMA29_DriverIRQHandler  fsl_edma.o
    0x00000880   0x00000880   0x00000048   Code   RO         2133    i.DMA14_DMA30_DriverIRQHandler  fsl_edma.o
    0x000008c8   0x000008c8   0x00000048   Code   RO         2134    i.DMA15_DMA31_DriverIRQHandler  fsl_edma.o
    0x00000910   0x00000910   0x00000048   Code   RO         2135    i.DMA1_DMA17_DriverIRQHandler  fsl_edma.o
    0x00000958   0x00000958   0x00000048   Code   RO         2136    i.DMA2_DMA18_DriverIRQHandler  fsl_edma.o
    0x000009a0   0x000009a0   0x00000048   Code   RO         2137    i.DMA3_DMA19_DriverIRQHandler  fsl_edma.o
    0x000009e8   0x000009e8   0x00000048   Code   RO         2138    i.DMA4_DMA20_DriverIRQHandler  fsl_edma.o
    0x00000a30   0x00000a30   0x00000048   Code   RO         2139    i.DMA5_DMA21_DriverIRQHandler  fsl_edma.o
    0x00000a78   0x00000a78   0x00000048   Code   RO         2140    i.DMA6_DMA22_DriverIRQHandler  fsl_edma.o
    0x00000ac0   0x00000ac0   0x00000048   Code   RO         2141    i.DMA7_DMA23_DriverIRQHandler  fsl_edma.o
    0x00000b08   0x00000b08   0x00000048   Code   RO         2142    i.DMA8_DMA24_DriverIRQHandler  fsl_edma.o
    0x00000b50   0x00000b50   0x00000048   Code   RO         2143    i.DMA9_DMA25_DriverIRQHandler  fsl_edma.o
    0x00000b98   0x00000b98   0x0000003e   Code   RO         2508    i.DbgConsole_PrintCallback  fsl_debug_console.o
    0x00000bd6   0x00000bd6   0x00000002   PAD
    0x00000bd8   0x00000bd8   0x00000050   Code   RO         2509    i.DbgConsole_Printf  fsl_debug_console.o
    0x00000c28   0x00000c28   0x00000090   Code   RO         2516    i.DbgConsole_SendDataReliable  fsl_debug_console.o
    0x00000cb8   0x00000cb8   0x0000009c   Code   RO         2151    i.EDMA_GetChannelStatusFlags  fsl_edma.o
    0x00000d54   0x00000d54   0x00000104   Code   RO         2155    i.EDMA_HandleIRQ    fsl_edma.o
    0x00000e58   0x00000e58   0x00000094   Code   RO         2731    i.HAL_UartSendBlocking  uart_adapter.o
    0x00000eec   0x00000eec   0x0000002c   Code   RO         1593    i.LPUART0_DriverIRQHandler  fsl_lpuart.o
    0x00000f18   0x00000f18   0x00000036   Code   RO         2791    i.SerialManager_StartWriting  serial_manager.o
    0x00000f4e   0x00000f4e   0x00000002   PAD
    0x00000f50   0x00000f50   0x000000b4   Code   RO         2792    i.SerialManager_Write  serial_manager.o
    0x00001004   0x00001004   0x00000014   Code   RO         2793    i.SerialManager_WriteBlocking  serial_manager.o
    0x00001018   0x00001018   0x0000009c   Code   RO         2884    i.Serial_UartWrite  serial_port_uart.o
    0x000010b4   0x000010b4   0x0000022e   Code   RO         2661    i.StrFormatPrintf   fsl_str.o
    0x000012e2   0x000012e2   0x00000002   PAD
    0x000012e4   0x000012e4   0x00000030   Code   RO         2463    i.SystemInit        system_mk66f18.o
    0x00001314   0x00001314   0x00000002   Code   RO         2464    i.SystemInitHook    system_mk66f18.o
    0x00001316   0x00001316   0x00000002   PAD
    0x00001318   0x00001318   0x0000002c   Code   RO         1338    i.UART0_DriverIRQHandler  fsl_uart.o
    0x00001344   0x00001344   0x00000018   Code   RO         1339    i.UART0_RX_TX_DriverIRQHandler  fsl_uart.o
    0x0000135c   0x0000135c   0x0000002c   Code   RO         1340    i.UART1_DriverIRQHandler  fsl_uart.o
    0x00001388   0x00001388   0x00000018   Code   RO         1341    i.UART1_RX_TX_DriverIRQHandler  fsl_uart.o
    0x000013a0   0x000013a0   0x0000002c   Code   RO         1342    i.UART2_DriverIRQHandler  fsl_uart.o
    0x000013cc   0x000013cc   0x00000018   Code   RO         1343    i.UART2_RX_TX_DriverIRQHandler  fsl_uart.o
    0x000013e4   0x000013e4   0x0000002c   Code   RO         1344    i.UART3_DriverIRQHandler  fsl_uart.o
    0x00001410   0x00001410   0x00000018   Code   RO         1345    i.UART3_RX_TX_DriverIRQHandler  fsl_uart.o
    0x00001428   0x00001428   0x0000002c   Code   RO         1346    i.UART4_DriverIRQHandler  fsl_uart.o
    0x00001454   0x00001454   0x00000018   Code   RO         1347    i.UART4_RX_TX_DriverIRQHandler  fsl_uart.o
    0x0000146c   0x0000146c   0x00000020   Code   RO         1373    i.UART_WriteBlocking  fsl_uart.o
    0x0000148c   0x0000148c   0x00000044   Code   RO         2703    i.__aeabi_assert    fsl_assert.o
    0x000014d0   0x000014d0   0x0000000e   Code   RO         3165    i.__scatterload_copy  mc_w.l(handlers.o)
    0x000014de   0x000014de   0x00000002   Code   RO         3166    i.__scatterload_null  mc_w.l(handlers.o)
    0x000014e0   0x000014e0   0x0000000e   Code   RO         3167    i.__scatterload_zeroinit  mc_w.l(handlers.o)
    0x000014ee   0x000014ee   0x00000004   Code   RO            7    i.main              main.o
    0x000014f2   0x000014f2   0x00000002   PAD
    0x000014f4   0x000014f4   0x00000014   Data   RO         2732    .constdata          uart_adapter.o
    0x00001508   0x00001508   0x00000020   Data   RO         3163    Region$$Table       anon$$obj.o


    Execution Region RW_m_data (Exec base: 0x1fff0000, Load base: 0x00001528, Size: 0x00000000, Max: 0x00010000, ABSOLUTE)

    **** No section assigned to this execution region ****


    Execution Region RW_m_data_2 (Exec base: 0x20000000, Load base: 0x00001528, Size: 0x000000cc, Max: 0x0002f800, ABSOLUTE)

    Exec Addr    Load Addr    Size         Type   Attr      Idx    E Section Name        Object

    0x20000000   0x00001528   0x00000004   Data   RW         1377    .data               fsl_uart.o
    0x20000004   0x0000152c   0x00000008   Data   RW         1622    .data               fsl_lpuart.o
    0x2000000c   0x00001534   0x00000010   Data   RW         2524    .data               fsl_debug_console.o
    0x2000001c        -       0x00000014   Zero   RW         1375    .bss                fsl_uart.o
    0x20000030        -       0x00000080   Zero   RW         2180    .bss                fsl_edma.o
    0x200000b0        -       0x0000001c   Zero   RW         2522    .bss                fsl_debug_console.o


    Execution Region ARM_LIB_HEAP (Exec base: 0x200000cc, Load base: 0x00001544, Size: 0x00000400, Max: 0x00000400, ABSOLUTE)

    Exec Addr    Load Addr    Size         Type   Attr      Idx    E Section Name        Object

    0x200000cc        -       0x00000400   Zero   RW            1    ARM_LIB_HEAP.bss    anon$$obj.o


    Execution Region ARM_LIB_STACK (Exec base: 0x2002fc00, Load base: 0x00001544, Size: 0x00000400, Max: 0x00000400, ABSOLUTE)

    Exec Addr    Load Addr    Size         Type   Attr      Idx    E Section Name        Object

    0x2002fc00        -       0x00000400   Zero   RW            2    ARM_LIB_STACK.bss   anon$$obj.o


==============================================================================

Image component sizes


      Code (inc. data)   RO Data    RW Data    ZI Data      Debug   Object Name

        68         44          0          0          0        633   fsl_assert.o
       286         88          0         16         28       7715   fsl_debug_console.o
      1568        264          0          0        128      11356   fsl_edma.o
        44         12          0          8          0       5279   fsl_lpuart.o
       726          0          0          0          0       2666   fsl_str.o
       372         60          0          4         20      23596   fsl_uart.o
         4          0          0          0          0     742983   main.o
       254         84          0          0          0       3258   serial_manager.o
       156         82          0          0          0       1359   serial_port_uart.o
       500        238       1040          0          0       3600   startup_mk66f18.o
        50          8          0          0          0        962   system_mk66f18.o
       148         66         20          0          0       2659   uart_adapter.o

    ----------------------------------------------------------------------
      4186        946       1092         28       2224     806066   Object Totals
         0          0         32          0       2048          0   (incl. Generated)
        10          0          0          0          0          0   (incl. Padding)

    ----------------------------------------------------------------------

      Code (inc. data)   RO Data    RW Data    ZI Data      Debug   Library Member Name

         0          0          0          0          0          0   entry.o
         0          0          0          0          0          0   entry10a.o
         0          0          0          0          0          0   entry11a.o
         8          4          0          0          0          0   entry4.o
         4          0          0          0          0          0   entry5.o
         0          0          0          0          0          0   entry7b.o
         0          0          0          0          0          0   entry8b.o
         8          4          0          0          0          0   entry9a.o
        30          0          0          0          0          0   handlers.o
        36          8          0          0          0         68   init.o
        36          0          0          0          0        108   memseta.o
        14          0          0          0          0         68   strlen.o

    ----------------------------------------------------------------------
       138         16          0          0          0        244   Library Totals
         2          0          0          0          0          0   (incl. Padding)

    ----------------------------------------------------------------------

      Code (inc. data)   RO Data    RW Data    ZI Data      Debug   Library Name

       136         16          0          0          0        244   mc_w.l

    ----------------------------------------------------------------------
       138         16          0          0          0        244   Library Totals

    ----------------------------------------------------------------------

==============================================================================


      Code (inc. data)   RO Data    RW Data    ZI Data      Debug   

      4324        962       1092         28       2224     802414   Grand Totals
      4324        962       1092         28       2224     802414   ELF Image Totals
      4324        962       1092         28          0          0   ROM Totals

==============================================================================

    Total RO  Size (Code + RO Data)                 5416 (   5.29kB)
    Total RW  Size (RW Data + ZI Data)              2252 (   2.20kB)
    Total ROM Size (Code + RO Data + RW Data)       5444 (   5.32kB)

==============================================================================

