Component: ARM Compiler 5.06 update 6 (build 750) Tool: armlink [4d35ed]

==============================================================================

Section Cross References

    main.o(i.main) refers to clock_config.o(i.BOARD_InitBootClocks) for BOARD_InitBootClocks
    main.o(i.main) refers to pin_mux.o(i.BOARD_InitPins) for BOARD_InitPins
    main.o(i.main) refers to board.o(i.BOARD_InitDebugConsole) for BOARD_InitDebugConsole
    main.o(i.main) refers to fsl_debug_console.o(i.DbgConsole_Printf) for DbgConsole_Printf
    main.o(i.main) refers to fsl_clock.o(i.CLOCK_GetFreq) for CLOCK_GetFreq
    main.o(i.main) refers to delay.o(i.SYSTICK_INIT) for SYSTICK_INIT
    main.o(i.main) refers to led.o(i.LED_Init) for LED_Init
    main.o(i.main) refers to ov7725.o(i.ov7725_eagle_reg_init) for ov7725_eagle_reg_init
    main.o(i.main) refers to led.o(i.LED_On) for LED_On
    main.o(i.main) refers to delay.o(i.DELAY_MS) for DELAY_MS
    main.o(i.main) refers to led.o(i.LED_Off) for LED_Off
    main.o(i.main) refers to led.o(.data) for LED0
    board.o(i.BOARD_InitDebugConsole) refers to fsl_clock.o(i.CLOCK_GetCoreSysClkFreq) for CLOCK_GetCoreSysClkFreq
    board.o(i.BOARD_InitDebugConsole) refers to fsl_debug_console.o(i.DbgConsole_Init) for DbgConsole_Init
    clock_config.o(i.BOARD_BootClockRUN) refers to fsl_smc.o(i.SMC_SetPowerModeHsrun) for SMC_SetPowerModeHsrun
    clock_config.o(i.BOARD_BootClockRUN) refers to fsl_clock.o(i.CLOCK_InitOsc0) for CLOCK_InitOsc0
    clock_config.o(i.BOARD_BootClockRUN) refers to fsl_clock.o(i.CLOCK_BootToPeeMode) for CLOCK_BootToPeeMode
    clock_config.o(i.BOARD_BootClockRUN) refers to fsl_clock.o(i.CLOCK_SetSimConfig) for CLOCK_SetSimConfig
    clock_config.o(i.BOARD_BootClockRUN) refers to clock_config.o(.constdata) for .constdata
    clock_config.o(i.BOARD_BootClockRUN) refers to fsl_clock.o(.data) for g_xtal0Freq
    clock_config.o(i.BOARD_BootClockRUN) refers to system_mk66f18.o(.data) for SystemCoreClock
    clock_config.o(i.BOARD_InitBootClocks) refers to clock_config.o(i.BOARD_BootClockRUN) for BOARD_BootClockRUN
    pin_mux.o(i.BOARD_InitBootPins) refers to pin_mux.o(i.BOARD_InitPins) for BOARD_InitPins
    pin_mux.o(i.BOARD_InitPins) refers to pin_mux.o(i.CLOCK_EnableClock) for CLOCK_EnableClock
    fsl_gpio.o(i.GPIO_GetInstance) refers to fsl_gpio.o(.constdata) for .constdata
    fsl_gpio.o(i.GPIO_PortClearInterruptFlags) refers to fsl_gpio.o(i.GPIO_GetInstance) for GPIO_GetInstance
    fsl_gpio.o(i.GPIO_PortClearInterruptFlags) refers to fsl_gpio.o(.constdata) for .constdata
    fsl_gpio.o(i.GPIO_PortGetInterruptFlags) refers to fsl_gpio.o(i.GPIO_GetInstance) for GPIO_GetInstance
    fsl_gpio.o(i.GPIO_PortGetInterruptFlags) refers to fsl_gpio.o(.constdata) for .constdata
    fsl_clock.o(i.CLOCK_BootToBlpeMode) refers to fsl_clock.o(i.CLOCK_SetExternalRefClkConfig) for CLOCK_SetExternalRefClkConfig
    fsl_clock.o(i.CLOCK_BootToBlpiMode) refers to fsl_clock.o(i.CLOCK_SetInternalRefClkConfig) for CLOCK_SetInternalRefClkConfig
    fsl_clock.o(i.CLOCK_BootToFeeMode) refers to fsl_clock.o(i.CLOCK_SetExternalRefClkConfig) for CLOCK_SetExternalRefClkConfig
    fsl_clock.o(i.CLOCK_BootToFeeMode) refers to fsl_clock.o(i.CLOCK_SetFeeMode) for CLOCK_SetFeeMode
    fsl_clock.o(i.CLOCK_BootToFeiMode) refers to fsl_clock.o(i.CLOCK_SetFeiMode) for CLOCK_SetFeiMode
    fsl_clock.o(i.CLOCK_BootToPeeMode) refers to fsl_clock.o(i.CLOCK_SetExternalRefClkConfig) for CLOCK_SetExternalRefClkConfig
    fsl_clock.o(i.CLOCK_BootToPeeMode) refers to fsl_clock.o(i.CLOCK_SetPbeMode) for CLOCK_SetPbeMode
    fsl_clock.o(i.CLOCK_DisableUsbhs0PfdClock) refers to fsl_clock.o(.data) for .data
    fsl_clock.o(i.CLOCK_EnableUsbhs0PfdClock) refers to fsl_clock.o(.data) for .data
    fsl_clock.o(i.CLOCK_GetBusClkFreq) refers to fsl_clock.o(i.CLOCK_GetOutClkFreq) for CLOCK_GetOutClkFreq
    fsl_clock.o(i.CLOCK_GetCoreSysClkFreq) refers to fsl_clock.o(i.CLOCK_GetOutClkFreq) for CLOCK_GetOutClkFreq
    fsl_clock.o(i.CLOCK_GetEr32kClkFreq) refers to fsl_clock.o(i.CLOCK_GetOsc0ErClkDivFreq) for CLOCK_GetOsc0ErClkDivFreq
    fsl_clock.o(i.CLOCK_GetEr32kClkFreq) refers to fsl_clock.o(.data) for .data
    fsl_clock.o(i.CLOCK_GetExtPllFreq) refers to fsl_clock.o(.data) for .data
    fsl_clock.o(i.CLOCK_GetFixedFreqClkFreq) refers to fsl_clock.o(i.CLOCK_GetFllRefClkFreq) for CLOCK_GetFllRefClkFreq
    fsl_clock.o(i.CLOCK_GetFixedFreqClkFreq) refers to fsl_clock.o(i.CLOCK_GetOutClkFreq) for CLOCK_GetOutClkFreq
    fsl_clock.o(i.CLOCK_GetFlashClkFreq) refers to fsl_clock.o(i.CLOCK_GetOutClkFreq) for CLOCK_GetOutClkFreq
    fsl_clock.o(i.CLOCK_GetFlexBusClkFreq) refers to fsl_clock.o(i.CLOCK_GetOutClkFreq) for CLOCK_GetOutClkFreq
    fsl_clock.o(i.CLOCK_GetFllFreq) refers to fsl_clock.o(i.CLOCK_GetFllRefClkFreq) for CLOCK_GetFllRefClkFreq
    fsl_clock.o(i.CLOCK_GetFllFreq) refers to fsl_clock.o(.constdata) for .constdata
[...]
    Removing fsl_ftfx_flash.o(i.FLASH_VerifyEraseAll), (4 bytes).
    Removing fsl_ftfx_flash.o(i.FLASH_VerifyProgram), (92 bytes).
    Removing fsl_ftfx_flash.o(i.flash_calculate_prot_segment_size), (18 bytes).
    Removing fsl_ftfx_flash.o(i.flash_check_range_to_get_index), (70 bytes).
    Removing fsl_ftfx_flash.o(i.flash_convert_start_address), (30 bytes).
    Removing fsl_ftfx_flash.o(.constdata), (30 bytes).
    Removing fsl_ftfx_flexnvm.o(.rev16_text), (4 bytes).
    Removing fsl_ftfx_flexnvm.o(.revsh_text), (4 bytes).
    Removing fsl_ftfx_flexnvm.o(.rrx_text), (6 bytes).
    Removing fsl_ftfx_flexnvm.o(i.FLEXNVM_DflashErase), (40 bytes).
    Removing fsl_ftfx_flexnvm.o(i.FLEXNVM_DflashGetProtection), (36 bytes).
    Removing fsl_ftfx_flexnvm.o(i.FLEXNVM_DflashProgram), (40 bytes).
    Removing fsl_ftfx_flexnvm.o(i.FLEXNVM_DflashProgramSection), (40 bytes).
    Removing fsl_ftfx_flexnvm.o(i.FLEXNVM_DflashSetProtection), (40 bytes).
    Removing fsl_ftfx_flexnvm.o(i.FLEXNVM_DflashVerifyErase), (40 bytes).
    Removing fsl_ftfx_flexnvm.o(i.FLEXNVM_DflashVerifyProgram), (48 bytes).
    Removing fsl_ftfx_flexnvm.o(i.FLEXNVM_EepromGetProtection), (40 bytes).
    Removing fsl_ftfx_flexnvm.o(i.FLEXNVM_EepromSetProtection), (48 bytes).
    Removing fsl_ftfx_flexnvm.o(i.FLEXNVM_EepromWrite), (176 bytes).
    Removing fsl_ftfx_flexnvm.o(i.FLEXNVM_EraseAll), (4 bytes).
    Removing fsl_ftfx_flexnvm.o(i.FLEXNVM_GetProperty), (86 bytes).
    Removing fsl_ftfx_flexnvm.o(i.FLEXNVM_GetSecurityState), (4 bytes).
    Removing fsl_ftfx_flexnvm.o(i.FLEXNVM_Init), (74 bytes).
    Removing fsl_ftfx_flexnvm.o(i.FLEXNVM_ProgramPartition), (4 bytes).
    Removing fsl_ftfx_flexnvm.o(i.FLEXNVM_ReadResource), (12 bytes).
    Removing fsl_ftfx_flexnvm.o(i.FLEXNVM_SecurityBypass), (4 bytes).
    Removing fsl_ftfx_flexnvm.o(i.FLEXNVM_SetFlexramFunction), (4 bytes).
    Removing fsl_ftfx_flexnvm.o(i.FLEXNVM_VerifyEraseAll), (4 bytes).
    Removing fsl_ftfx_flexnvm.o(i.flexnvm_convert_start_address), (20 bytes).
    Removing fsl_common.o(.rev16_text), (4 bytes).
    Removing fsl_common.o(.revsh_text), (4 bytes).
    Removing fsl_common.o(.rrx_text), (6 bytes).
    Removing fsl_common.o(i.SDK_Free), (22 bytes).
    Removing fsl_common.o(i.SDK_Malloc), (48 bytes).
    Removing fsl_uart.o(.rev16_text), (4 bytes).
    Removing fsl_uart.o(.revsh_text), (4 bytes).
    Removing fsl_uart.o(.rrx_text), (6 bytes).
    Removing fsl_uart.o(i.UART_ClearStatusFlags), (60 bytes).
    Removing fsl_uart.o(i.UART_Deinit), (56 bytes).
    Removing fsl_uart.o(i.UART_DisableInterrupts), (40 bytes).
    Removing fsl_uart.o(i.UART_EnableInterrupts), (40 bytes).
    Removing fsl_uart.o(i.UART_GetEnabledInterrupts), (32 bytes).
    Removing fsl_uart.o(i.UART_GetStatusFlags), (22 bytes).
    Removing fsl_uart.o(i.UART_ReadBlocking), (80 bytes).
    Removing fsl_uart.o(i.UART_ReadNonBlocking), (24 bytes).
    Removing fsl_uart.o(i.UART_SetBaudRate), (114 bytes).
    Removing fsl_uart.o(i.UART_TransferAbortReceive), (54 bytes).
    Removing fsl_uart.o(i.UART_TransferAbortSend), (28 bytes).
    Removing fsl_uart.o(i.UART_TransferCreateHandle), (116 bytes).
    Removing fsl_uart.o(i.UART_TransferGetReceiveCount), (34 bytes).
    Removing fsl_uart.o(i.UART_TransferGetRxRingBufferLength), (28 bytes).
    Removing fsl_uart.o(i.UART_TransferGetSendCount), (32 bytes).
    Removing fsl_uart.o(i.UART_TransferHandleErrorIRQ), (2 bytes).
    Removing fsl_uart.o(i.UART_TransferHandleIRQ), (772 bytes).
    Removing fsl_uart.o(i.UART_TransferIsRxRingBufferFull), (30 bytes).
    Removing fsl_uart.o(i.UART_TransferReceiveNonBlocking), (238 bytes).
    Removing fsl_uart.o(i.UART_TransferSendNonBlocking), (58 bytes).
    Removing fsl_uart.o(i.UART_TransferStartRingBuffer), (52 bytes).
    Removing fsl_uart.o(i.UART_TransferStopRingBuffer), (58 bytes).
    Removing fsl_lpuart.o(.rev16_text), (4 bytes).
    Removing fsl_lpuart.o(.revsh_text), (4 bytes).
    Removing fsl_lpuart.o(.rrx_text), (6 bytes).
    Removing fsl_lpuart.o(i.LPUART_ClearStatusFlags), (52 bytes).
    Removing fsl_lpuart.o(i.LPUART_Deinit), (60 bytes).
    Removing fsl_lpuart.o(i.LPUART_DisableInterrupts), (26 bytes).
    Removing fsl_lpuart.o(i.LPUART_EnableInterrupts), (26 bytes).
    Removing fsl_lpuart.o(i.LPUART_GetDefaultConfig), (48 bytes).
    Removing fsl_lpuart.o(i.LPUART_GetEnabledInterrupts), (24 bytes).
    Removing fsl_lpuart.o(i.LPUART_GetInstance), (36 bytes).
    Removing fsl_lpuart.o(i.LPUART_GetStatusFlags), (4 bytes).
    Removing fsl_lpuart.o(i.LPUART_Init), (384 bytes).
    Removing fsl_lpuart.o(i.LPUART_ReadBlocking), (120 bytes).
    Removing fsl_lpuart.o(i.LPUART_SetBaudRate), (176 bytes).
    Removing fsl_lpuart.o(i.LPUART_TransferAbortReceive), (36 bytes).
    Removing fsl_lpuart.o(i.LPUART_TransferAbortSend), (28 bytes).
    Removing fsl_lpuart.o(i.LPUART_TransferCreateHandle), (112 bytes).
    Removing fsl_lpuart.o(i.LPUART_TransferGetReceiveCount), (34 bytes).
    Removing fsl_lpuart.o(i.LPUART_TransferGetRxRingBufferLength), (24 bytes).
    Removing fsl_lpuart.o(i.LPUART_TransferGetSendCount), (32 bytes).
    Removing fsl_lpuart.o(i.LPUART_TransferHandleErrorIRQ), (2 bytes).
    Removing fsl_lpuart.o(i.LPUART_TransferHandleIRQ), (424 bytes).
    Removing fsl_lpuart.o(i.LPUART_TransferIsRxRingBufferFull), (30 bytes).
    Removing fsl_lpuart.o(i.LPUART_TransferReceiveNonBlocking), (220 bytes).
    Removing fsl_lpuart.o(i.LPUART_TransferSendNonBlocking), (58 bytes).
    Removing fsl_lpuart.o(i.LPUART_TransferStartRingBuffer), (32 bytes).
    Removing fsl_lpuart.o(i.LPUART_TransferStopRingBuffer), (40 bytes).
    Removing fsl_lpuart.o(i.LPUART_WriteBlocking), (28 bytes).
    Removing fsl_lpuart.o(.constdata), (12 bytes).
    Removing fsl_smc.o(.rev16_text), (4 bytes).
    Removing fsl_smc.o(.revsh_text), (4 bytes).
    Removing fsl_smc.o(.rrx_text), (6 bytes).
    Removing fsl_smc.o(i.SMC_PostExitStopModes), (20 bytes).
    Removing fsl_smc.o(i.SMC_PostExitWaitModes), (20 bytes).
    Removing fsl_smc.o(i.SMC_PreEnterStopModes), (20 bytes).
    Removing fsl_smc.o(i.SMC_PreEnterWaitModes), (20 bytes).
    Removing fsl_smc.o(i.SMC_SetPowerModeLls), (68 bytes).
    Removing fsl_smc.o(i.SMC_SetPowerModeRun), (12 bytes).
    Removing fsl_smc.o(i.SMC_SetPowerModeStop), (64 bytes).
    Removing fsl_smc.o(i.SMC_SetPowerModeVlls), (120 bytes).
    Removing fsl_smc.o(i.SMC_SetPowerModeVlpr), (16 bytes).
    Removing fsl_smc.o(i.SMC_SetPowerModeVlps), (56 bytes).
    Removing fsl_smc.o(i.SMC_SetPowerModeVlpw), (28 bytes).
    Removing fsl_smc.o(i.SMC_SetPowerModeWait), (28 bytes).
    Removing fsl_smc.o(.data), (28 bytes).
    Removing fsl_ftm.o(.rev16_text), (4 bytes).
    Removing fsl_ftm.o(.revsh_text), (4 bytes).
    Removing fsl_ftm.o(.rrx_text), (6 bytes).
    Removing fsl_ftm.o(i.FTM_ClearStatusFlags), (46 bytes).
    Removing fsl_ftm.o(i.FTM_Deinit), (48 bytes).
    Removing fsl_ftm.o(i.FTM_DisableInterrupts), (60 bytes).
    Removing fsl_ftm.o(i.FTM_EnableInterrupts), (60 bytes).
    Removing fsl_ftm.o(i.FTM_GetDefaultConfig), (48 bytes).
    Removing fsl_ftm.o(i.FTM_GetEnabledInterrupts), (116 bytes).
    Removing fsl_ftm.o(i.FTM_GetInstance), (40 bytes).
    Removing fsl_ftm.o(i.FTM_GetStatusFlags), (40 bytes).
    Removing fsl_ftm.o(i.FTM_Init), (172 bytes).
    Removing fsl_ftm.o(i.FTM_SetPwmSync), (168 bytes).
    Removing fsl_ftm.o(i.FTM_SetReloadPoints), (176 bytes).
    Removing fsl_ftm.o(i.FTM_SetupDualEdgeCapture), (108 bytes).
    Removing fsl_ftm.o(i.FTM_SetupFault), (68 bytes).
    Removing fsl_ftm.o(i.FTM_SetupInputCapture), (84 bytes).
    Removing fsl_ftm.o(i.FTM_SetupOutputCompare), (66 bytes).
    Removing fsl_ftm.o(i.FTM_SetupPwm), (384 bytes).
    Removing fsl_ftm.o(i.FTM_SetupPwmMode), (244 bytes).
    Removing fsl_ftm.o(i.FTM_SetupQuadDecode), (118 bytes).
    Removing fsl_ftm.o(i.FTM_UpdateChnlEdgeLevelSelect), (22 bytes).
    Removing fsl_ftm.o(i.FTM_UpdatePwmDutycycle), (136 bytes).
    Removing fsl_ftm.o(.constdata), (32 bytes).
    Removing fsl_pit.o(.rev16_text), (4 bytes).
    Removing fsl_pit.o(.revsh_text), (4 bytes).
    Removing fsl_pit.o(.rrx_text), (6 bytes).
    Removing fsl_pit.o(i.PIT_Deinit), (48 bytes).
    Removing fsl_pit.o(i.PIT_GetInstance), (36 bytes).
    Removing fsl_pit.o(i.PIT_GetLifetimeTimerCount), (14 bytes).
    Removing fsl_pit.o(i.PIT_Init), (104 bytes).
    Removing fsl_pit.o(.constdata), (8 bytes).
    Removing fsl_dmamux.o(.rev16_text), (4 bytes).
    Removing fsl_dmamux.o(.revsh_text), (4 bytes).
    Removing fsl_dmamux.o(.rrx_text), (6 bytes).
    Removing fsl_dmamux.o(i.DMAMUX_Deinit), (40 bytes).
    Removing fsl_dmamux.o(i.DMAMUX_GetInstance), (36 bytes).
    Removing fsl_dmamux.o(i.DMAMUX_Init), (40 bytes).
    Removing fsl_dmamux.o(.constdata), (8 bytes).
    Removing fsl_edma.o(.rev16_text), (4 bytes).
    Removing fsl_edma.o(.revsh_text), (4 bytes).
    Removing fsl_edma.o(.rrx_text), (6 bytes).
    Removing fsl_edma.o(i.EDMA_AbortTransfer), (54 bytes).
    Removing fsl_edma.o(i.EDMA_ClearChannelStatusFlags), (32 bytes).
    Removing fsl_edma.o(i.EDMA_CreateHandle), (156 bytes).
    Removing fsl_edma.o(i.EDMA_Deinit), (40 bytes).
    Removing fsl_edma.o(i.EDMA_DisableChannelInterrupts), (58 bytes).
    Removing fsl_edma.o(i.EDMA_EnableChannelInterrupts), (58 bytes).
    Removing fsl_edma.o(i.EDMA_GetDefaultConfig), (24 bytes).
    Removing fsl_edma.o(i.EDMA_GetInstance), (36 bytes).
    Removing fsl_edma.o(i.EDMA_GetRemainingMajorLoopCount), (48 bytes).
    Removing fsl_edma.o(i.EDMA_Init), (112 bytes).
    Removing fsl_edma.o(i.EDMA_InstallTCD), (74 bytes).
    Removing fsl_edma.o(i.EDMA_InstallTCDMemory), (28 bytes).
    Removing fsl_edma.o(i.EDMA_PrepareTransfer), (252 bytes).
    Removing fsl_edma.o(i.EDMA_ResetChannel), (26 bytes).
    Removing fsl_edma.o(i.EDMA_SetBandWidth), (36 bytes).
    Removing fsl_edma.o(i.EDMA_SetCallback), (14 bytes).
    Removing fsl_edma.o(i.EDMA_SetChannelLink), (36 bytes).
    Removing fsl_edma.o(i.EDMA_SetChannelPreemptionConfig), (56 bytes).
    Removing fsl_edma.o(i.EDMA_SetMinorOffsetConfig), (60 bytes).
    Removing fsl_edma.o(i.EDMA_SetModulo), (48 bytes).
    Removing fsl_edma.o(i.EDMA_SetTransferConfig), (38 bytes).
    Removing fsl_edma.o(i.EDMA_StartTransfer), (90 bytes).
    Removing fsl_edma.o(i.EDMA_StopTransfer), (28 bytes).
    Removing fsl_edma.o(i.EDMA_SubmitTransfer), (346 bytes).
    Removing fsl_edma.o(i.EDMA_TcdDisableInterrupts), (34 bytes).
    Removing fsl_edma.o(i.EDMA_TcdEnableInterrupts), (34 bytes).
    Removing fsl_edma.o(i.EDMA_TcdReset), (40 bytes).
    Removing fsl_edma.o(i.EDMA_TcdSetChannelLink), (126 bytes).
    Removing fsl_edma.o(i.EDMA_TcdSetMinorOffsetConfig), (52 bytes).
    Removing fsl_edma.o(i.EDMA_TcdSetModulo), (42 bytes).
    Removing fsl_edma.o(i.EDMA_TcdSetTransferConfig), (86 bytes).
    Removing fsl_edma.o(.constdata), (40 bytes).
    Removing fsl_edma.o(.data), (1 bytes).
    Removing system_mk66f18.o(.rev16_text), (4 bytes).
    Removing system_mk66f18.o(.revsh_text), (4 bytes).
    Removing system_mk66f18.o(.rrx_text), (6 bytes).
    Removing system_mk66f18.o(i.SystemCoreClockUpdate), (428 bytes).
    Removing fsl_debug_console.o(.rev16_text), (4 bytes).
    Removing fsl_debug_console.o(.revsh_text), (4 bytes).
    Removing fsl_debug_console.o(.rrx_text), (6 bytes).
    Removing fsl_debug_console.o(i.DbgConsole_Deinit), (36 bytes).
    Removing fsl_debug_console.o(i.DbgConsole_Flush), (4 bytes).
    Removing fsl_debug_console.o(i.DbgConsole_Getchar), (20 bytes).
    Removing fsl_debug_console.o(i.DbgConsole_Putchar), (12 bytes).
    Removing fsl_debug_console.o(i.DbgConsole_ReadCharacter), (24 bytes).
    Removing fsl_debug_console.o(i.DbgConsole_ReadLine), (76 bytes).
    Removing fsl_debug_console.o(i.DbgConsole_ReadOneCharacter), (24 bytes).
    Removing fsl_debug_console.o(i.DbgConsole_Scanf), (38 bytes).
    Removing fsl_debug_console.o(i.DbgConsole_SendData), (40 bytes).
    Removing fsl_debug_console.o(i._sys_command_string), (2 bytes).
    Removing fsl_debug_console.o(i._sys_exit), (2 bytes).
    Removing fsl_debug_console.o(i._ttywrch), (16 bytes).
    Removing fsl_debug_console.o(i.fgetc), (14 bytes).
    Removing fsl_debug_console.o(i.fputc), (12 bytes).
    Removing fsl_debug_console.o(.data), (4 bytes).
    Removing fsl_debug_console.o(.data), (4 bytes).
    Removing fsl_str.o(.rev16_text), (4 bytes).
    Removing fsl_str.o(.revsh_text), (4 bytes).
    Removing fsl_str.o(.rrx_text), (6 bytes).
    Removing fsl_str.o(i.ScanIgnoreWhiteSpace), (46 bytes).
    Removing fsl_str.o(i.StrFormatScanf), (596 bytes).
    Removing fsl_assert.o(.rev16_text), (4 bytes).
    Removing fsl_assert.o(.revsh_text), (4 bytes).
    Removing fsl_assert.o(.rrx_text), (6 bytes).
    Removing fsl_assert.o(i.__aeabi_assert), (60 bytes).
    Removing uart_adapter.o(.rev16_text), (4 bytes).
    Removing uart_adapter.o(.revsh_text), (4 bytes).
    Removing uart_adapter.o(.rrx_text), (6 bytes).
    Removing uart_adapter.o(i.HAL_UartDeinit), (28 bytes).
    Removing uart_adapter.o(i.HAL_UartReceiveBlocking), (36 bytes).
    Removing serial_manager.o(.rev16_text), (4 bytes).
    Removing serial_manager.o(.revsh_text), (4 bytes).
    Removing serial_manager.o(.rrx_text), (6 bytes).
    Removing serial_manager.o(i.SerialManager_CloseReadHandle), (22 bytes).
    Removing serial_manager.o(i.SerialManager_CloseWriteHandle), (26 bytes).
    Removing serial_manager.o(i.SerialManager_Deinit), (40 bytes).
    Removing serial_manager.o(i.SerialManager_EnterLowpower), (12 bytes).
    Removing serial_manager.o(i.SerialManager_ExitLowpower), (12 bytes).
    Removing serial_manager.o(i.SerialManager_ReadBlocking), (40 bytes).
    Removing serial_port_uart.o(.rev16_text), (4 bytes).
    Removing serial_port_uart.o(.revsh_text), (4 bytes).
    Removing serial_port_uart.o(.rrx_text), (6 bytes).
    Removing serial_port_uart.o(i.Serial_UartDeinit), (16 bytes).
    Removing serial_port_uart.o(i.Serial_UartRead), (20 bytes).
    Removing generic_list.o(.rev16_text), (4 bytes).
    Removing generic_list.o(.revsh_text), (4 bytes).
    Removing generic_list.o(.rrx_text), (6 bytes).
    Removing generic_list.o(i.LIST_AddHead), (94 bytes).
    Removing generic_list.o(i.LIST_AddPrevElement), (100 bytes).
    Removing generic_list.o(i.LIST_AddTail), (94 bytes).
    Removing generic_list.o(i.LIST_GetAvailableSize), (8 bytes).
    Removing generic_list.o(i.LIST_GetHead), (4 bytes).
    Removing generic_list.o(i.LIST_GetList), (4 bytes).
    Removing generic_list.o(i.LIST_GetNext), (4 bytes).
    Removing generic_list.o(i.LIST_GetPrev), (4 bytes).
    Removing generic_list.o(i.LIST_GetSize), (4 bytes).
    Removing generic_list.o(i.LIST_Init), (12 bytes).
    Removing generic_list.o(i.LIST_RemoveElement), (72 bytes).
    Removing generic_list.o(i.LIST_RemoveHead), (60 bytes).
    Removing generic_list.o(i.LIST_Scan), (20 bytes).
    Removing led.o(.rev16_text), (4 bytes).
    Removing led.o(.revsh_text), (4 bytes).
    Removing led.o(.rrx_text), (6 bytes).
    Removing sccb.o(.rev16_text), (4 bytes).
    Removing sccb.o(.revsh_text), (4 bytes).
    Removing sccb.o(.rrx_text), (6 bytes).
    Removing sccb.o(i.SCCB_Delay), (16 bytes).
    Removing ov7725.o(.rev16_text), (4 bytes).
    Removing ov7725.o(.revsh_text), (4 bytes).
    Removing ov7725.o(.rrx_text), (6 bytes).
    Removing ov7725.o(i.__NVIC_DisableIRQ), (34 bytes).
    Removing ov7725.o(i.__NVIC_EnableIRQ), (26 bytes).
    Removing ov7725.o(i.ov7725_eagle_dma), (12 bytes).
    Removing ov7725.o(i.ov7725_eagle_get_img), (52 bytes).
    Removing ov7725.o(i.ov7725_eagle_init), (24 bytes).
    Removing ov7725.o(i.ov7725_eagle_port_init), (2 bytes).
    Removing ov7725.o(i.ov7725_eagle_vsync), (56 bytes).
    Removing delay.o(.rev16_text), (4 bytes).
    Removing delay.o(.revsh_text), (4 bytes).
    Removing delay.o(.rrx_text), (6 bytes).
    Removing usart.o(.rev16_text), (4 bytes).
    Removing usart.o(.revsh_text), (4 bytes).
    Removing usart.o(.rrx_text), (6 bytes).
    Removing usart.o(i.BlueTooes_UART_Init), (52 bytes).
    Removing usart.o(i.CLOCK_EnableClock), (24 bytes).
    Removing usart.o(i.UART_Pin_Init), (48 bytes).
    Removing usart.o(i.UART_WriteBuffer), (16 bytes).
    Removing usart.o(i.USART_SendData), (12 bytes).
    Removing usart.o(i.fgetc), (24 bytes).
    Removing usart.o(i.fputc), (28 bytes).

402 unused section(s) (total 20563 bytes) removed from the image.

==============================================================================

Image Symbol Table

    Local Symbols

    Symbol Name                              Value     Ov Type        Size  Object(Section)

    RESET                                    0x00000000   Section     1024  startup_mk66f18.o(RESET)
    ../clib/microlib/init/entry.s            0x00000000   Number         0  entry7a.o ABSOLUTE
    ../clib/microlib/init/entry.s            0x00000000   Number         0  entry5.o ABSOLUTE
    ../clib/microlib/init/entry.s            0x00000000   Number         0  entry4.o ABSOLUTE
    ../clib/microlib/init/entry.s            0x00000000   Number         0  entry7b.o ABSOLUTE
    ../clib/microlib/init/entry.s            0x00000000   Number         0  entry8a.o ABSOLUTE
    ../clib/microlib/init/entry.s            0x00000000   Number         0  entry8b.o ABSOLUTE
    ../clib/microlib/init/entry.s            0x00000000   Number         0  entry11b.o ABSOLUTE
    ../clib/microlib/init/entry.s            0x00000000   Number         0  entry9a.o ABSOLUTE
    ../clib/microlib/init/entry.s            0x00000000   Number         0  entry9b.o ABSOLUTE
    ../clib/microlib/init/entry.s            0x00000000   Number         0  entry11a.o ABSOLUTE
    ../clib/microlib/init/entry.s            0x00000000   Number         0  entry10a.o ABSOLUTE
    ../clib/microlib/init/entry.s            0x00000000   Number         0  entry10b.o ABSOLUTE
    ../clib/microlib/init/entry.s            0x00000000   Number         0  entry.o ABSOLUTE
    ../clib/microlib/malloc/malloc.c         0x00000000   Number         0  mallocr2.o ABSOLUTE
    ../clib/microlib/malloc/malloc.c         0x00000000   Number         0  mallocra2.o ABSOLUTE
    ../clib/microlib/malloc/malloc.c         0x00000000   Number         0  malloca2.o ABSOLUTE
    ../clib/microlib/malloc/malloc.c         0x00000000   Number         0  malloc2.o ABSOLUTE
    ../clib/microlib/malloc/mvars.c          0x00000000   Number         0  mvars.o ABSOLUTE
    ../clib/microlib/stdlib/abort.c          0x00000000   Number         0  abort.o ABSOLUTE
    ../clib/microlib/string/memcpy.c         0x00000000   Number         0  memcpya.o ABSOLUTE
    ../clib/microlib/string/memcpy.c         0x00000000   Number         0  memcpyb.o ABSOLUTE
    ../clib/microlib/string/memset.c         0x00000000   Number         0  memseta.o ABSOLUTE
    ../clib/microlib/string/strlen.c         0x00000000   Number         0  strlen.o ABSOLUTE
    ..\..\driver_source\DELAY\DELAY.c        0x00000000   Number         0  delay.o ABSOLUTE
    ..\\..\\driver_source\\DELAY\\DELAY.c    0x00000000   Number         0  delay.o ABSOLUTE
    ..\\board\\board.c                       0x00000000   Number         0  board.o ABSOLUTE
    ..\\board\\clock_config.c                0x00000000   Number         0  clock_config.o ABSOLUTE
    ..\\board\\pin_mux.c                     0x00000000   Number         0  pin_mux.o ABSOLUTE
    ..\\components\\lists\\generic_list.c    0x00000000   Number         0  generic_list.o ABSOLUTE
    ..\\components\\serial_manager\\serial_manager.c 0x00000000   Number         0  serial_manager.o ABSOLUTE
    ..\\components\\serial_manager\\serial_port_uart.c 0x00000000   Number         0  serial_port_uart.o ABSOLUTE
    ..\\components\\uart\\uart_adapter.c     0x00000000   Number         0  uart_adapter.o ABSOLUTE
    ..\\drivers\\Hardware\\led.c             0x00000000   Number         0  led.o ABSOLUTE
    ..\\drivers\\Hardware\\ov7725.c          0x00000000   Number         0  ov7725.o ABSOLUTE
    ..\\drivers\\Hardware\\sccb.c            0x00000000   Number         0  sccb.o ABSOLUTE
    ..\\drivers\\Hardware\\usart.c           0x00000000   Number         0  usart.o ABSOLUTE
    ..\\drivers\\drivers\\fsl_clock.c        0x00000000   Number         0  fsl_clock.o ABSOLUTE
    ..\\drivers\\drivers\\fsl_common.c       0x00000000   Number         0  fsl_common.o ABSOLUTE
    ..\\drivers\\drivers\\fsl_dmamux.c       0x00000000   Number         0  fsl_dmamux.o ABSOLUTE
    ..\\drivers\\drivers\\fsl_edma.c         0x00000000   Number         0  fsl_edma.o ABSOLUTE
    ..\\drivers\\drivers\\fsl_ftfx_cache.c   0x00000000   Number         0  fsl_ftfx_cache.o ABSOLUTE
    ..\\drivers\\drivers\\fsl_ftfx_controller.c 0x00000000   Number         0  fsl_ftfx_controller.o ABSOLUTE
    ..\\drivers\\drivers\\fsl_ftfx_flash.c   0x00000000   Number         0  fsl_ftfx_flash.o ABSOLUTE
    ..\\drivers\\drivers\\fsl_ftfx_flexnvm.c 0x00000000   Number         0  fsl_ftfx_flexnvm.o ABSOLUTE
    ..\\drivers\\drivers\\fsl_ftm.c          0x00000000   Number         0  fsl_ftm.o ABSOLUTE
    ..\\drivers\\drivers\\fsl_gpio.c         0x00000000   Number         0  fsl_gpio.o ABSOLUTE
    ..\\drivers\\drivers\\fsl_lpuart.c       0x00000000   Number         0  fsl_lpuart.o ABSOLUTE
    ..\\drivers\\drivers\\fsl_pit.c          0x00000000   Number         0  fsl_pit.o ABSOLUTE
    ..\\drivers\\drivers\\fsl_smc.c          0x00000000   Number         0  fsl_smc.o ABSOLUTE
    ..\\drivers\\drivers\\fsl_uart.c         0x00000000   Number         0  fsl_uart.o ABSOLUTE
    ..\\source\\main.c                       0x00000000   Number         0  main.o ABSOLUTE
    ..\\startup\\system_MK66F18.c            0x00000000   Number         0  system_mk66f18.o ABSOLUTE
    ..\\utilities\\debug_console\\fsl_debug_console.c 0x00000000   Number         0  fsl_debug_console.o ABSOLUTE
    ..\\utilities\\fsl_assert.c              0x00000000   Number         0  fsl_assert.o ABSOLUTE
    ..\\utilities\\str\\fsl_str.c            0x00000000   Number         0  fsl_str.o ABSOLUTE
    ..\board\board.c                         0x00000000   Number         0  board.o ABSOLUTE
    ..\board\clock_config.c                  0x00000000   Number         0  clock_config.o ABSOLUTE
    ..\board\pin_mux.c                       0x00000000   Number         0  pin_mux.o ABSOLUTE
    ..\components\lists\generic_list.c       0x00000000   Number         0  generic_list.o ABSOLUTE
    ..\components\serial_manager\serial_manager.c 0x00000000   Number         0  serial_manager.o ABSOLUTE
    ..\components\serial_manager\serial_port_uart.c 0x00000000   Number         0  serial_port_uart.o ABSOLUTE
    ..\components\uart\uart_adapter.c        0x00000000   Number         0  uart_adapter.o ABSOLUTE
    ..\drivers\Hardware\led.c                0x00000000   Number         0  led.o ABSOLUTE
    ..\drivers\Hardware\ov7725.c             0x00000000   Number         0  ov7725.o ABSOLUTE
    ..\drivers\Hardware\sccb.c               0x00000000   Number         0  sccb.o ABSOLUTE
    ..\drivers\Hardware\usart.c              0x00000000   Number         0  usart.o ABSOLUTE
    ..\drivers\arm\startup_MK66F18.s         0x00000000   Number         0  startup_mk66f18.o ABSOLUTE
    ..\drivers\drivers\fsl_clock.c           0x00000000   Number         0  fsl_clock.o ABSOLUTE
    ..\drivers\drivers\fsl_common.c          0x00000000   Number         0  fsl_common.o ABSOLUTE
    ..\drivers\drivers\fsl_dmamux.c          0x00000000   Number         0  fsl_dmamux.o ABSOLUTE
    ..\drivers\drivers\fsl_edma.c            0x00000000   Number         0  fsl_edma.o ABSOLUTE
    ..\drivers\drivers\fsl_ftfx_cache.c      0x00000000   Number         0  fsl_ftfx_cache.o ABSOLUTE
    ..\drivers\drivers\fsl_ftfx_controller.c 0x00000000   Number         0  fsl_ftfx_controller.o ABSOLUTE
    ..\drivers\drivers\fsl_ftfx_flash.c      0x00000000   Number         0  fsl_ftfx_flash.o ABSOLUTE
    ..\drivers\drivers\fsl_ftfx_flexnvm.c    0x00000000   Number         0  fsl_ftfx_flexnvm.o ABSOLUTE
    ..\drivers\drivers\fsl_ftm.c             0x00000000   Number         0  fsl_ftm.o ABSOLUTE
    ..\drivers\drivers\fsl_gpio.c            0x00000000   Number         0  fsl_gpio.o ABSOLUTE
    ..\drivers\drivers\fsl_lpuart.c          0x00000000   Number         0  fsl_lpuart.o ABSOLUTE
    ..\drivers\drivers\fsl_pit.c             0x00000000   Number         0  fsl_pit.o ABSOLUTE
    ..\drivers\drivers\fsl_smc.c             0x00000000   Number         0  fsl_smc.o ABSOLUTE
    ..\drivers\drivers\fsl_uart.c            0x00000000   Number         0  fsl_uart.o ABSOLUTE
    ..\source\main.c                         0x00000000   Number         0  main.o ABSOLUTE
    ..\startup\system_MK66F18.c              0x00000000   Number         0  system_mk66f18.o ABSOLUTE
    ..\utilities\debug_console\fsl_debug_console.c 0x00000000   Number         0  fsl_debug_console.o ABSOLUTE
    ..\utilities\fsl_assert.c                0x00000000   Number         0  fsl_assert.o ABSOLUTE
    ..\utilities\str\fsl_str.c               0x00000000   Number         0  fsl_str.o ABSOLUTE
    dc.s                                     0x00000000   Number         0  dc.o ABSOLUTE
    handlers.s                               0x00000000   Number         0  handlers.o ABSOLUTE
    init.s                                   0x00000000   Number         0  init.o ABSOLUTE
    FlashConfig                              0x00000400   Section       16  startup_mk66f18.o(FlashConfig)
    .ARM.Collect$$$$00000000                 0x00000410   Section        0  entry.o(.ARM.Collect$$$$00000000)
    .ARM.Collect$$$$00000003                 0x00000410   Section        4  entry4.o(.ARM.Collect$$$$00000003)
    .ARM.Collect$$$$00000004                 0x00000414   Section        4  entry5.o(.ARM.Collect$$$$00000004)
    .ARM.Collect$$$$00000008                 0x00000418   Section        0  entry7b.o(.ARM.Collect$$$$00000008)
    .ARM.Collect$$$$0000000A                 0x00000418   Section        0  entry8b.o(.ARM.Collect$$$$0000000A)
    .ARM.Collect$$$$0000000B                 0x00000418   Section        8  entry9a.o(.ARM.Collect$$$$0000000B)
    .ARM.Collect$$$$0000000D                 0x00000420   Section        0  entry10a.o(.ARM.Collect$$$$0000000D)
    .ARM.Collect$$$$0000000F                 0x00000420   Section        0  entry11a.o(.ARM.Collect$$$$0000000F)
    .ARM.Collect$$$$00002714                 0x00000420   Section        4  entry4.o(.ARM.Collect$$$$00002714)
    __lit__00000000                          0x00000420   Data           4  entry4.o(.ARM.Collect$$$$00002714)
    .text                                    0x00000424   Section      500  startup_mk66f18.o(.text)
    $v0                                      0x00000424   Number         0  startup_mk66f18.o(.text)
    .text                                    0x00000618   Section        0  memseta.o(.text)
    .text                                    0x0000063c   Section        0  strlen.o(.text)
    .text                                    0x0000064c   Section       36  init.o(.text)
    i.BOARD_BootClockRUN                     0x00000670   Section        0  clock_config.o(i.BOARD_BootClockRUN)
    i.BOARD_InitBootClocks                   0x000006e0   Section        0  clock_config.o(i.BOARD_InitBootClocks)
    i.BOARD_InitDebugConsole                 0x000006e4   Section        0  board.o(i.BOARD_InitDebugConsole)
    i.BOARD_InitPins                         0x000006fc   Section        0  pin_mux.o(i.BOARD_InitPins)
    i.CLOCK_BootToPeeMode                    0x00000768   Section        0  fsl_clock.o(i.CLOCK_BootToPeeMode)
    i.CLOCK_EnableClock                      0x000007a0   Section        0  pin_mux.o(i.CLOCK_EnableClock)
    CLOCK_EnableClock                        0x000007a1   Thumb Code    18  pin_mux.o(i.CLOCK_EnableClock)
    i.CLOCK_EnableClock                      0x000007b8   Section        0  led.o(i.CLOCK_EnableClock)
    CLOCK_EnableClock                        0x000007b9   Thumb Code    18  led.o(i.CLOCK_EnableClock)
    i.CLOCK_EnableClock                      0x000007d0   Section        0  sccb.o(i.CLOCK_EnableClock)
    CLOCK_EnableClock                        0x000007d1   Thumb Code    18  sccb.o(i.CLOCK_EnableClock)
    i.CLOCK_EnablePll0                       0x000007e8   Section        0  fsl_clock.o(i.CLOCK_EnablePll0)
    i.CLOCK_GetCoreSysClkFreq                0x0000081c   Section        0  fsl_clock.o(i.CLOCK_GetCoreSysClkFreq)
    i.CLOCK_GetEr32kClkFreq                  0x00000838   Section        0  fsl_clock.o(i.CLOCK_GetEr32kClkFreq)
    i.CLOCK_GetFixedFreqClkFreq              0x00000880   Section        0  fsl_clock.o(i.CLOCK_GetFixedFreqClkFreq)
    i.CLOCK_GetFllFreq                       0x0000089c   Section        0  fsl_clock.o(i.CLOCK_GetFllFreq)
    i.CLOCK_GetFllRefClkFreq                 0x000008d8   Section        0  fsl_clock.o(i.CLOCK_GetFllRefClkFreq)
    CLOCK_GetFllRefClkFreq                   0x000008d9   Thumb Code    88  fsl_clock.o(i.CLOCK_GetFllRefClkFreq)
    i.CLOCK_GetFreq                          0x00000938   Section        0  fsl_clock.o(i.CLOCK_GetFreq)
    i.CLOCK_GetInternalRefClkFreq            0x000009e8   Section        0  fsl_clock.o(i.CLOCK_GetInternalRefClkFreq)
    i.CLOCK_GetInternalRefClkSelectFreq      0x000009fc   Section        0  fsl_clock.o(i.CLOCK_GetInternalRefClkSelectFreq)
    CLOCK_GetInternalRefClkSelectFreq        0x000009fd   Thumb Code    26  fsl_clock.o(i.CLOCK_GetInternalRefClkSelectFreq)
    i.CLOCK_GetMcgExtClkFreq                 0x00000a20   Section        0  fsl_clock.o(i.CLOCK_GetMcgExtClkFreq)
    CLOCK_GetMcgExtClkFreq                   0x00000a21   Thumb Code    50  fsl_clock.o(i.CLOCK_GetMcgExtClkFreq)
    i.CLOCK_GetOsc0ErClkDivFreq              0x00000a60   Section        0  fsl_clock.o(i.CLOCK_GetOsc0ErClkDivFreq)
    i.CLOCK_GetOsc0ErClkUndivFreq            0x00000a8c   Section        0  fsl_clock.o(i.CLOCK_GetOsc0ErClkUndivFreq)
    i.CLOCK_GetOutClkFreq                    0x00000ab0   Section        0  fsl_clock.o(i.CLOCK_GetOutClkFreq)
    i.CLOCK_GetPll0Freq                      0x00000af4   Section        0  fsl_clock.o(i.CLOCK_GetPll0Freq)
    i.CLOCK_GetPllFllSelClkFreq              0x00000b2c   Section        0  fsl_clock.o(i.CLOCK_GetPllFllSelClkFreq)
    i.CLOCK_InitOsc0                         0x00000b80   Section        0  fsl_clock.o(i.CLOCK_InitOsc0)
    i.CLOCK_SetExternalRefClkConfig          0x00000bf4   Section        0  fsl_clock.o(i.CLOCK_SetExternalRefClkConfig)
    i.CLOCK_SetPbeMode                       0x00000c24   Section        0  fsl_clock.o(i.CLOCK_SetPbeMode)
    i.CLOCK_SetSimConfig                     0x00000c9c   Section        0  fsl_clock.o(i.CLOCK_SetSimConfig)
    i.ConvertRadixNumToString                0x00000cd8   Section        0  fsl_str.o(i.ConvertRadixNumToString)
    ConvertRadixNumToString                  0x00000cd9   Thumb Code   104  fsl_str.o(i.ConvertRadixNumToString)
    i.DELAY_MS                               0x00000d40   Section        0  delay.o(i.DELAY_MS)
    i.DELAY_US                               0x00000d58   Section        0  delay.o(i.DELAY_US)
    i.DMA0_DMA16_DriverIRQHandler            0x00000d68   Section        0  fsl_edma.o(i.DMA0_DMA16_DriverIRQHandler)
    i.DMA10_DMA26_DriverIRQHandler           0x00000da0   Section        0  fsl_edma.o(i.DMA10_DMA26_DriverIRQHandler)
    i.DMA11_DMA27_DriverIRQHandler           0x00000dd8   Section        0  fsl_edma.o(i.DMA11_DMA27_DriverIRQHandler)
    i.DMA12_DMA28_DriverIRQHandler           0x00000e10   Section        0  fsl_edma.o(i.DMA12_DMA28_DriverIRQHandler)
    i.DMA13_DMA29_DriverIRQHandler           0x00000e48   Section        0  fsl_edma.o(i.DMA13_DMA29_DriverIRQHandler)
    i.DMA14_DMA30_DriverIRQHandler           0x00000e80   Section        0  fsl_edma.o(i.DMA14_DMA30_DriverIRQHandler)
    i.DMA15_DMA31_DriverIRQHandler           0x00000eb8   Section        0  fsl_edma.o(i.DMA15_DMA31_DriverIRQHandler)
    i.DMA1_DMA17_DriverIRQHandler            0x00000ef0   Section        0  fsl_edma.o(i.DMA1_DMA17_DriverIRQHandler)
    i.DMA2_DMA18_DriverIRQHandler            0x00000f28   Section        0  fsl_edma.o(i.DMA2_DMA18_DriverIRQHandler)
    i.DMA3_DMA19_DriverIRQHandler            0x00000f60   Section        0  fsl_edma.o(i.DMA3_DMA19_DriverIRQHandler)
    i.DMA4_DMA20_DriverIRQHandler            0x00000f98   Section        0  fsl_edma.o(i.DMA4_DMA20_DriverIRQHandler)
    i.DMA5_DMA21_DriverIRQHandler            0x00000fd0   Section        0  fsl_edma.o(i.DMA5_DMA21_DriverIRQHandler)
    i.DMA6_DMA22_DriverIRQHandler            0x00001008   Section        0  fsl_edma.o(i.DMA6_DMA22_DriverIRQHandler)
    i.DMA7_DMA23_DriverIRQHandler            0x00001040   Section        0  fsl_edma.o(i.DMA7_DMA23_DriverIRQHandler)
    i.DMA8_DMA24_DriverIRQHandler            0x00001078   Section        0  fsl_edma.o(i.DMA8_DMA24_DriverIRQHandler)
    i.DMA9_DMA25_DriverIRQHandler            0x000010b0   Section        0  fsl_edma.o(i.DMA9_DMA25_DriverIRQHandler)
    i.DbgConsole_Init                        0x000010e8   Section        0  fsl_debug_console.o(i.DbgConsole_Init)
    i.DbgConsole_PrintCallback               0x0000115c   Section        0  fsl_debug_console.o(i.DbgConsole_PrintCallback)
    DbgConsole_PrintCallback                 0x0000115d   Thumb Code    58  fsl_debug_console.o(i.DbgConsole_PrintCallback)
    i.DbgConsole_Printf                      0x00001198   Section        0  fsl_debug_console.o(i.DbgConsole_Printf)
    i.DbgConsole_SendDataReliable            0x000011d0   Section        0  fsl_debug_console.o(i.DbgConsole_SendDataReliable)
    i.EDMA_GetChannelStatusFlags             0x000011f8   Section        0  fsl_edma.o(i.EDMA_GetChannelStatusFlags)
    i.EDMA_HandleIRQ                         0x0000122a   Section        0  fsl_edma.o(i.EDMA_HandleIRQ)
    i.Error_Handle                           0x000012cc   Section        0  main.o(i.Error_Handle)
    i.GPIO_PinInit                           0x000012ce   Section        0  fsl_gpio.o(i.GPIO_PinInit)
    i.GPIO_PinWrite                          0x000012f6   Section        0  led.o(i.GPIO_PinWrite)
    GPIO_PinWrite                            0x000012f7   Thumb Code    14  led.o(i.GPIO_PinWrite)
    i.GPIO_PinWrite                          0x00001304   Section        0  sccb.o(i.GPIO_PinWrite)
    GPIO_PinWrite                            0x00001305   Thumb Code    14  sccb.o(i.GPIO_PinWrite)
    i.HAL_UartGetStatus                      0x00001312   Section        0  uart_adapter.o(i.HAL_UartGetStatus)
    HAL_UartGetStatus                        0x00001313   Thumb Code    10  uart_adapter.o(i.HAL_UartGetStatus)
    i.HAL_UartInit                           0x0000131c   Section        0  uart_adapter.o(i.HAL_UartInit)
    i.HAL_UartSendBlocking                   0x000013b4   Section        0  uart_adapter.o(i.HAL_UartSendBlocking)
    i.LED_GPIOInit                           0x000013d4   Section        0  led.o(i.LED_GPIOInit)
    i.LED_Init                               0x00001488   Section        0  led.o(i.LED_Init)
    i.LED_Off                                0x000014c8   Section        0  led.o(i.LED_Off)
    i.LED_On                                 0x000014da   Section        0  led.o(i.LED_On)
    i.LED_SetStatus                          0x000014ec   Section        0  led.o(i.LED_SetStatus)
    i.LPUART0_DriverIRQHandler               0x00001518   Section        0  fsl_lpuart.o(i.LPUART0_DriverIRQHandler)
    i.SCCB_Ack                               0x00001534   Section        0  sccb.o(i.SCCB_Ack)
    i.SCCB_Init                              0x00001580   Section        0  sccb.o(i.SCCB_Init)
    i.SCCB_MODE_CHANGE                       0x000015f8   Section        0  sccb.o(i.SCCB_MODE_CHANGE)
    i.SCCB_NoAck                             0x00001620   Section        0  sccb.o(i.SCCB_NoAck)
    i.SCCB_ReadByte                          0x0000166c   Section        0  sccb.o(i.SCCB_ReadByte)
    i.SCCB_ReadByte_one                      0x0000169a   Section        0  sccb.o(i.SCCB_ReadByte_one)
    i.SCCB_ReceiveByte                       0x00001708   Section        0  sccb.o(i.SCCB_ReceiveByte)
    i.SCCB_SendByte                          0x00001768   Section        0  sccb.o(i.SCCB_SendByte)
    i.SCCB_Start                             0x000017c0   Section        0  sccb.o(i.SCCB_Start)
    i.SCCB_Stop                              0x00001874   Section        0  sccb.o(i.SCCB_Stop)
    i.SCCB_WaitAck                           0x000018c0   Section        0  sccb.o(i.SCCB_WaitAck)
    i.SCCB_WriteByte                         0x0000192c   Section        0  sccb.o(i.SCCB_WriteByte)
    i.SCCB_WriteByte_one                     0x00001954   Section        0  sccb.o(i.SCCB_WriteByte_one)
    i.SMC_SetPowerModeHsrun                  0x000019b8   Section        0  fsl_smc.o(i.SMC_SetPowerModeHsrun)
    i.SYSTICK_INIT                           0x000019c4   Section        0  delay.o(i.SYSTICK_INIT)
    i.SerialManager_Init                     0x000019e8   Section        0  serial_manager.o(i.SerialManager_Init)
    i.SerialManager_OpenReadHandle           0x00001a1a   Section        0  serial_manager.o(i.SerialManager_OpenReadHandle)
    i.SerialManager_OpenWriteHandle          0x00001a3a   Section        0  serial_manager.o(i.SerialManager_OpenWriteHandle)
    i.SerialManager_WriteBlocking            0x00001a54   Section        0  serial_manager.o(i.SerialManager_WriteBlocking)
    i.Serial_UartInit                        0x00001a7c   Section        0  serial_port_uart.o(i.Serial_UartInit)
    i.Serial_UartWrite                       0x00001abe   Section        0  serial_port_uart.o(i.Serial_UartWrite)
    i.StrFormatPrintf                        0x00001ad2   Section        0  fsl_str.o(i.StrFormatPrintf)
    i.SysTick_Handler                        0x00001c60   Section        0  delay.o(i.SysTick_Handler)
    i.SystemInit                             0x00001c74   Section        0  system_mk66f18.o(i.SystemInit)
    i.SystemInitHook                         0x00001ca4   Section        0  system_mk66f18.o(i.SystemInitHook)
    i.UART0_DriverIRQHandler                 0x00001ca8   Section        0  fsl_uart.o(i.UART0_DriverIRQHandler)
    i.UART0_RX_TX_DriverIRQHandler           0x00001cc8   Section        0  fsl_uart.o(i.UART0_RX_TX_DriverIRQHandler)
    i.UART1_DriverIRQHandler                 0x00001cd4   Section        0  fsl_uart.o(i.UART1_DriverIRQHandler)
    i.UART1_RX_TX_DriverIRQHandler           0x00001cf4   Section        0  fsl_uart.o(i.UART1_RX_TX_DriverIRQHandler)
    i.UART2_DriverIRQHandler                 0x00001d00   Section        0  fsl_uart.o(i.UART2_DriverIRQHandler)
    i.UART2_RX_TX_DriverIRQHandler           0x00001d20   Section        0  fsl_uart.o(i.UART2_RX_TX_DriverIRQHandler)
    i.UART3_DriverIRQHandler                 0x00001d2c   Section        0  fsl_uart.o(i.UART3_DriverIRQHandler)
    i.UART3_RX_TX_DriverIRQHandler           0x00001d4c   Section        0  fsl_uart.o(i.UART3_RX_TX_DriverIRQHandler)
    i.UART4_DriverIRQHandler                 0x00001d58   Section        0  fsl_uart.o(i.UART4_DriverIRQHandler)
    i.UART4_RX_TX_DriverIRQHandler           0x00001d78   Section        0  fsl_uart.o(i.UART4_RX_TX_DriverIRQHandler)
    i.UART_GetDefaultConfig                  0x00001d84   Section        0  fsl_uart.o(i.UART_GetDefaultConfig)
    i.UART_GetInstance                       0x00001db0   Section        0  fsl_uart.o(i.UART_GetInstance)
    i.UART_Init                              0x00001dd8   Section        0  fsl_uart.o(i.UART_Init)
    i.UART_WriteBlocking                     0x00001f5c   Section        0  fsl_uart.o(i.UART_WriteBlocking)
    i.__scatterload_copy                     0x00001f70   Section       14  handlers.o(i.__scatterload_copy)
    i.__scatterload_null                     0x00001f7e   Section        2  handlers.o(i.__scatterload_null)
    i.__scatterload_zeroinit                 0x00001f80   Section       14  handlers.o(i.__scatterload_zeroinit)
    i.main                                   0x00001f90   Section        0  main.o(i.main)
    i.ov7725_eagle_reg_init                  0x000020b0   Section        0  ov7725.o(i.ov7725_eagle_reg_init)
    .constdata                               0x00002210   Section       28  clock_config.o(.constdata)
    .constdata                               0x0000222c   Section       96  fsl_clock.o(.constdata)
    mcgModeMatrix                            0x0000222c   Data          64  fsl_clock.o(.constdata)
    fllFactorTable                           0x0000226c   Data          16  fsl_clock.o(.constdata)
    trimRange                                0x0000227c   Data          16  fsl_clock.o(.constdata)
    .constdata                               0x0000228c   Section       48  fsl_uart.o(.constdata)
    s_uartIRQ                                0x0000228c   Data           5  fsl_uart.o(.constdata)
    s_uartBases                              0x00002294   Data          20  fsl_uart.o(.constdata)
    s_uartClock                              0x000022a8   Data          20  fsl_uart.o(.constdata)
    .constdata                               0x000022bc   Section       16  fsl_debug_console.o(.constdata)
    .constdata                               0x000022cc   Section       20  uart_adapter.o(.constdata)
    s_UartAdapterBase                        0x000022cc   Data          20  uart_adapter.o(.constdata)
    .constdata                               0x000022e0   Section        2  led.o(.constdata)
    .data                                    0x20000000   Section       20  fsl_clock.o(.data)
    s_slowIrcFreq                            0x20000000   Data           4  fsl_clock.o(.data)
    s_fastIrcFreq                            0x20000004   Data           4  fsl_clock.o(.data)
    s_extPllFreq                             0x20000008   Data           4  fsl_clock.o(.data)
    .data                                    0x20000014   Section        4  fsl_uart.o(.data)
    s_uartIsr                                0x20000014   Data           4  fsl_uart.o(.data)
    .data                                    0x20000018   Section        8  fsl_lpuart.o(.data)
    s_lpuartHandle                           0x20000018   Data           4  fsl_lpuart.o(.data)
    s_lpuartIsr                              0x2000001c   Data           4  fsl_lpuart.o(.data)
    .data                                    0x20000020   Section        4  system_mk66f18.o(.data)
    .data                                    0x20000024   Section        4  fsl_debug_console.o(.data)
    .data                                    0x20000028   Section       80  led.o(.data)
    .data                                    0x20000078   Section      102  ov7725.o(.data)
    .data                                    0x200000e0   Section        4  delay.o(.data)
    .bss                                     0x200000e4   Section       20  fsl_uart.o(.bss)
    s_uartHandle                             0x200000e4   Data          20  fsl_uart.o(.bss)
    .bss                                     0x200000f8   Section      128  fsl_edma.o(.bss)
    s_EDMAHandle                             0x200000f8   Data         128  fsl_edma.o(.bss)
    .bss                                     0x20000178   Section       28  fsl_debug_console.o(.bss)
    s_debugConsoleState                      0x20000178   Data          28  fsl_debug_console.o(.bss)

    Global Symbols

    Symbol Name                              Value     Ov Type        Size  Object(Section)

    BuildAttributes$$THM_ISAv4$E$P$D$K$B$S$7EM$VFPi3$EXTD16$VFPS$VFMA$PE$A:L22UL41UL21$X:L11$S22US41US21$IEEE1$IW$USESV6$~STKCKD$USESV7$~SHL$OSPACE$EBA8$MICROLIB$REQ8$PRES8$EABIv2 0x00000000   Number         0  anon$$obj.o ABSOLUTE
    __ARM_use_no_argv                        0x00000000   Number         0  main.o ABSOLUTE
    __Vectors                                0x00000000   Data           4  startup_mk66f18.o(RESET)
    __cpp_initialize__aeabi_                  - Undefined Weak Reference
    __cxa_finalize                            - Undefined Weak Reference
    __decompress                              - Undefined Weak Reference
    _clock_init                               - Undefined Weak Reference
    _microlib_exit                            - Undefined Weak Reference
    __Vectors_End                            0x00000400   Data           0  startup_mk66f18.o(RESET)
    __Vectors_Size                           0x00000400   Number         0  startup_mk66f18.o ABSOLUTE
    __main                                   0x00000411   Thumb Code     0  entry.o(.ARM.Collect$$$$00000000)
    _main_stk                                0x00000411   Thumb Code     0  entry4.o(.ARM.Collect$$$$00000003)
    _main_scatterload                        0x00000415   Thumb Code     0  entry5.o(.ARM.Collect$$$$00000004)
    __main_after_scatterload                 0x00000419   Thumb Code     0  entry5.o(.ARM.Collect$$$$00000004)
    _main_clock                              0x00000419   Thumb Code     0  entry7b.o(.ARM.Collect$$$$00000008)
    _main_cpp_init                           0x00000419   Thumb Code     0  entry8b.o(.ARM.Collect$$$$0000000A)
    _main_init                               0x00000419   Thumb Code     0  entry9a.o(.ARM.Collect$$$$0000000B)
    __rt_final_cpp                           0x00000421   Thumb Code     0  entry10a.o(.ARM.Collect$$$$0000000D)
    __rt_final_exit                          0x00000421   Thumb Code     0  entry11a.o(.ARM.Collect$$$$0000000F)
    Reset_Handler                            0x00000425   Thumb Code    24  startup_mk66f18.o(.text)
    NMI_Handler                              0x0000043d   Thumb Code     2  startup_mk66f18.o(.text)
    HardFault_Handler                        0x0000043f   Thumb Code     2  startup_mk66f18.o(.text)
    MemManage_Handler                        0x00000441   Thumb Code     2  startup_mk66f18.o(.text)
    BusFault_Handler                         0x00000443   Thumb Code     2  startup_mk66f18.o(.text)
    UsageFault_Handler                       0x00000445   Thumb Code     2  startup_mk66f18.o(.text)
    SVC_Handler                              0x00000447   Thumb Code     2  startup_mk66f18.o(.text)
    DebugMon_Handler                         0x00000449   Thumb Code     2  startup_mk66f18.o(.text)
    PendSV_Handler                           0x0000044b   Thumb Code     2  startup_mk66f18.o(.text)
    DMA0_DMA16_IRQHandler                    0x0000044f   Thumb Code     4  startup_mk66f18.o(.text)
    DMA1_DMA17_IRQHandler                    0x00000453   Thumb Code     4  startup_mk66f18.o(.text)
    DMA2_DMA18_IRQHandler                    0x00000457   Thumb Code     4  startup_mk66f18.o(.text)
    DMA3_DMA19_IRQHandler                    0x0000045b   Thumb Code     4  startup_mk66f18.o(.text)
    DMA4_DMA20_IRQHandler                    0x0000045f   Thumb Code     4  startup_mk66f18.o(.text)
    DMA5_DMA21_IRQHandler                    0x00000463   Thumb Code     4  startup_mk66f18.o(.text)
    DMA6_DMA22_IRQHandler                    0x00000467   Thumb Code     4  startup_mk66f18.o(.text)
    DMA7_DMA23_IRQHandler                    0x0000046b   Thumb Code     4  startup_mk66f18.o(.text)
    DMA8_DMA24_IRQHandler                    0x0000046f   Thumb Code     4  startup_mk66f18.o(.text)
    DMA9_DMA25_IRQHandler                    0x00000473   Thumb Code     4  startup_mk66f18.o(.text)
    DMA10_DMA26_IRQHandler                   0x00000477   Thumb Code     4  startup_mk66f18.o(.text)
    DMA11_DMA27_IRQHandler                   0x0000047b   Thumb Code     4  startup_mk66f18.o(.text)
    DMA12_DMA28_IRQHandler                   0x0000047f   Thumb Code     4  startup_mk66f18.o(.text)
    DMA13_DMA29_IRQHandler                   0x00000483   Thumb Code     4  startup_mk66f18.o(.text)
    DMA14_DMA30_IRQHandler                   0x00000487   Thumb Code     4  startup_mk66f18.o(.text)
    DMA15_DMA31_IRQHandler                   0x0000048b   Thumb Code     4  startup_mk66f18.o(.text)
    DMA_Error_IRQHandler                     0x0000048f   Thumb Code     4  startup_mk66f18.o(.text)
    I2C0_IRQHandler                          0x00000493   Thumb Code     4  startup_mk66f18.o(.text)
    I2C1_IRQHandler                          0x00000497   Thumb Code     4  startup_mk66f18.o(.text)
    SPI0_IRQHandler                          0x0000049b   Thumb Code     4  startup_mk66f18.o(.text)
    SPI1_IRQHandler                          0x0000049f   Thumb Code     4  startup_mk66f18.o(.text)
    I2S0_Tx_IRQHandler                       0x000004a3   Thumb Code     4  startup_mk66f18.o(.text)
    I2S0_Rx_IRQHandler                       0x000004a7   Thumb Code     4  startup_mk66f18.o(.text)
    UART0_RX_TX_IRQHandler                   0x000004ab   Thumb Code     4  startup_mk66f18.o(.text)
    UART0_ERR_IRQHandler                     0x000004af   Thumb Code     4  startup_mk66f18.o(.text)
    UART1_RX_TX_IRQHandler                   0x000004b3   Thumb Code     4  startup_mk66f18.o(.text)
    UART1_ERR_IRQHandler                     0x000004b7   Thumb Code     4  startup_mk66f18.o(.text)
    UART2_RX_TX_IRQHandler                   0x000004bb   Thumb Code     4  startup_mk66f18.o(.text)
    UART2_ERR_IRQHandler                     0x000004bf   Thumb Code     4  startup_mk66f18.o(.text)
    UART3_RX_TX_IRQHandler                   0x000004c3   Thumb Code     4  startup_mk66f18.o(.text)
    UART3_ERR_IRQHandler                     0x000004c7   Thumb Code     4  startup_mk66f18.o(.text)
    SPI2_IRQHandler                          0x000004cb   Thumb Code     4  startup_mk66f18.o(.text)
    UART4_RX_TX_IRQHandler                   0x000004cf   Thumb Code     4  startup_mk66f18.o(.text)
    UART4_ERR_IRQHandler                     0x000004d3   Thumb Code     4  startup_mk66f18.o(.text)
    I2C2_IRQHandler                          0x000004d7   Thumb Code     4  startup_mk66f18.o(.text)
    CAN0_ORed_Message_buffer_IRQHandler      0x000004db   Thumb Code     4  startup_mk66f18.o(.text)
    CAN0_Bus_Off_IRQHandler                  0x000004df   Thumb Code     4  startup_mk66f18.o(.text)
    CAN0_Error_IRQHandler                    0x000004e3   Thumb Code     4  startup_mk66f18.o(.text)
    CAN0_Tx_Warning_IRQHandler               0x000004e7   Thumb Code     4  startup_mk66f18.o(.text)
    CAN0_Rx_Warning_IRQHandler               0x000004eb   Thumb Code     4  startup_mk66f18.o(.text)
    CAN0_Wake_Up_IRQHandler                  0x000004ef   Thumb Code     4  startup_mk66f18.o(.text)
    SDHC_IRQHandler                          0x000004f3   Thumb Code     4  startup_mk66f18.o(.text)
    ENET_1588_Timer_IRQHandler               0x000004f7   Thumb Code     4  startup_mk66f18.o(.text)
    ENET_Transmit_IRQHandler                 0x000004fb   Thumb Code     4  startup_mk66f18.o(.text)
    ENET_Receive_IRQHandler                  0x000004ff   Thumb Code     4  startup_mk66f18.o(.text)
    ENET_Error_IRQHandler                    0x00000503   Thumb Code     4  startup_mk66f18.o(.text)
    LPUART0_IRQHandler                       0x00000507   Thumb Code     4  startup_mk66f18.o(.text)
    I2C3_IRQHandler                          0x0000050b   Thumb Code     4  startup_mk66f18.o(.text)
    CAN1_ORed_Message_buffer_IRQHandler      0x0000050f   Thumb Code     4  startup_mk66f18.o(.text)
    CAN1_Bus_Off_IRQHandler                  0x00000513   Thumb Code     4  startup_mk66f18.o(.text)
    CAN1_Error_IRQHandler                    0x00000517   Thumb Code     4  startup_mk66f18.o(.text)
    CAN1_Tx_Warning_IRQHandler               0x0000051b   Thumb Code     4  startup_mk66f18.o(.text)
    CAN1_Rx_Warning_IRQHandler               0x0000051f   Thumb Code     4  startup_mk66f18.o(.text)
    CAN1_Wake_Up_IRQHandler                  0x00000523   Thumb Code     4  startup_mk66f18.o(.text)
    ADC0_IRQHandler                          0x00000527   Thumb Code     0  startup_mk66f18.o(.text)
    ADC1_IRQHandler                          0x00000527   Thumb Code     0  startup_mk66f18.o(.text)
    CAN0_DriverIRQHandler                    0x00000527   Thumb Code     0  startup_mk66f18.o(.text)
    CAN1_DriverIRQHandler                    0x00000527   Thumb Code     0  startup_mk66f18.o(.text)
    CMP0_IRQHandler                          0x00000527   Thumb Code     0  startup_mk66f18.o(.text)
    CMP1_IRQHandler                          0x00000527   Thumb Code     0  startup_mk66f18.o(.text)
    CMP2_IRQHandler                          0x00000527   Thumb Code     0  startup_mk66f18.o(.text)
    CMP3_IRQHandler                          0x00000527   Thumb Code     0  startup_mk66f18.o(.text)
    CMT_IRQHandler                           0x00000527   Thumb Code     0  startup_mk66f18.o(.text)
    DAC0_IRQHandler                          0x00000527   Thumb Code     0  startup_mk66f18.o(.text)
    DAC1_IRQHandler                          0x00000527   Thumb Code     0  startup_mk66f18.o(.text)
    DMA_Error_DriverIRQHandler               0x00000527   Thumb Code     0  startup_mk66f18.o(.text)
    DefaultISR                               0x00000527   Thumb Code     0  startup_mk66f18.o(.text)
    ENET_1588_Timer_DriverIRQHandler         0x00000527   Thumb Code     0  startup_mk66f18.o(.text)
    ENET_Error_DriverIRQHandler              0x00000527   Thumb Code     0  startup_mk66f18.o(.text)
    ENET_Receive_DriverIRQHandler            0x00000527   Thumb Code     0  startup_mk66f18.o(.text)
    ENET_Transmit_DriverIRQHandler           0x00000527   Thumb Code     0  startup_mk66f18.o(.text)
    FTFE_IRQHandler                          0x00000527   Thumb Code     0  startup_mk66f18.o(.text)
    FTM0_IRQHandler                          0x00000527   Thumb Code     0  startup_mk66f18.o(.text)
    FTM1_IRQHandler                          0x00000527   Thumb Code     0  startup_mk66f18.o(.text)
    FTM2_IRQHandler                          0x00000527   Thumb Code     0  startup_mk66f18.o(.text)
    FTM3_IRQHandler                          0x00000527   Thumb Code     0  startup_mk66f18.o(.text)
    I2C0_DriverIRQHandler                    0x00000527   Thumb Code     0  startup_mk66f18.o(.text)
    I2C1_DriverIRQHandler                    0x00000527   Thumb Code     0  startup_mk66f18.o(.text)
    I2C2_DriverIRQHandler                    0x00000527   Thumb Code     0  startup_mk66f18.o(.text)
    I2C3_DriverIRQHandler                    0x00000527   Thumb Code     0  startup_mk66f18.o(.text)
    I2S0_Rx_DriverIRQHandler                 0x00000527   Thumb Code     0  startup_mk66f18.o(.text)
    I2S0_Tx_DriverIRQHandler                 0x00000527   Thumb Code     0  startup_mk66f18.o(.text)
    LLWU_IRQHandler                          0x00000527   Thumb Code     0  startup_mk66f18.o(.text)
    LPTMR0_IRQHandler                        0x00000527   Thumb Code     0  startup_mk66f18.o(.text)
    LVD_LVW_IRQHandler                       0x00000527   Thumb Code     0  startup_mk66f18.o(.text)
    MCG_IRQHandler                           0x00000527   Thumb Code     0  startup_mk66f18.o(.text)
    MCM_IRQHandler                           0x00000527   Thumb Code     0  startup_mk66f18.o(.text)
    PDB0_IRQHandler                          0x00000527   Thumb Code     0  startup_mk66f18.o(.text)
    PIT0_IRQHandler                          0x00000527   Thumb Code     0  startup_mk66f18.o(.text)
    PIT1_IRQHandler                          0x00000527   Thumb Code     0  startup_mk66f18.o(.text)
    PIT2_IRQHandler                          0x00000527   Thumb Code     0  startup_mk66f18.o(.text)
    PIT3_IRQHandler                          0x00000527   Thumb Code     0  startup_mk66f18.o(.text)
    PORTA_IRQHandler                         0x00000527   Thumb Code     0  startup_mk66f18.o(.text)
    PORTB_IRQHandler                         0x00000527   Thumb Code     0  startup_mk66f18.o(.text)
    PORTC_IRQHandler                         0x00000527   Thumb Code     0  startup_mk66f18.o(.text)
    PORTD_IRQHandler                         0x00000527   Thumb Code     0  startup_mk66f18.o(.text)
    PORTE_IRQHandler                         0x00000527   Thumb Code     0  startup_mk66f18.o(.text)
    RNG_IRQHandler                           0x00000527   Thumb Code     0  startup_mk66f18.o(.text)
    RTC_IRQHandler                           0x00000527   Thumb Code     0  startup_mk66f18.o(.text)
    RTC_Seconds_IRQHandler                   0x00000527   Thumb Code     0  startup_mk66f18.o(.text)
    Read_Collision_IRQHandler                0x00000527   Thumb Code     0  startup_mk66f18.o(.text)
    Reserved46_IRQHandler                    0x00000527   Thumb Code     0  startup_mk66f18.o(.text)
    Reserved71_IRQHandler                    0x00000527   Thumb Code     0  startup_mk66f18.o(.text)
    Reserved84_IRQHandler                    0x00000527   Thumb Code     0  startup_mk66f18.o(.text)
    Reserved85_IRQHandler                    0x00000527   Thumb Code     0  startup_mk66f18.o(.text)
    SDHC_DriverIRQHandler                    0x00000527   Thumb Code     0  startup_mk66f18.o(.text)
    SPI0_DriverIRQHandler                    0x00000527   Thumb Code     0  startup_mk66f18.o(.text)
    SPI1_DriverIRQHandler                    0x00000527   Thumb Code     0  startup_mk66f18.o(.text)
    SPI2_DriverIRQHandler                    0x00000527   Thumb Code     0  startup_mk66f18.o(.text)
    SWI_IRQHandler                           0x00000527   Thumb Code     0  startup_mk66f18.o(.text)
    TPM1_IRQHandler                          0x00000527   Thumb Code     0  startup_mk66f18.o(.text)
    TPM2_IRQHandler                          0x00000527   Thumb Code     0  startup_mk66f18.o(.text)
    TSI0_IRQHandler                          0x00000527   Thumb Code     0  startup_mk66f18.o(.text)
    UART0_ERR_DriverIRQHandler               0x00000527   Thumb Code     0  startup_mk66f18.o(.text)
    UART1_ERR_DriverIRQHandler               0x00000527   Thumb Code     0  startup_mk66f18.o(.text)
    UART2_ERR_DriverIRQHandler               0x00000527   Thumb Code     0  startup_mk66f18.o(.text)
    UART3_ERR_DriverIRQHandler               0x00000527   Thumb Code     0  startup_mk66f18.o(.text)
    UART4_ERR_DriverIRQHandler               0x00000527   Thumb Code     0  startup_mk66f18.o(.text)
    USB0_IRQHandler                          0x00000527   Thumb Code     0  startup_mk66f18.o(.text)
    USBDCD_IRQHandler                        0x00000527   Thumb Code     0  startup_mk66f18.o(.text)
    USBHSDCD_IRQHandler                      0x00000527   Thumb Code     0  startup_mk66f18.o(.text)
    USBHS_IRQHandler                         0x00000527   Thumb Code     0  startup_mk66f18.o(.text)
    WDOG_EWM_IRQHandler                      0x00000527   Thumb Code     0  startup_mk66f18.o(.text)
    __aeabi_memset                           0x00000619   Thumb Code    14  memseta.o(.text)
    __aeabi_memset4                          0x00000619   Thumb Code     0  memseta.o(.text)
    __aeabi_memset8                          0x00000619   Thumb Code     0  memseta.o(.text)
    __aeabi_memclr                           0x00000627   Thumb Code     4  memseta.o(.text)
    __aeabi_memclr4                          0x00000627   Thumb Code     0  memseta.o(.text)
    __aeabi_memclr8                          0x00000627   Thumb Code     0  memseta.o(.text)
    _memset$wrapper                          0x0000062b   Thumb Code    18  memseta.o(.text)
    strlen                                   0x0000063d   Thumb Code    14  strlen.o(.text)
    __scatterload                            0x0000064d   Thumb Code    28  init.o(.text)
    __scatterload_rt2                        0x0000064d   Thumb Code     0  init.o(.text)
    BOARD_BootClockRUN                       0x00000671   Thumb Code    76  clock_config.o(i.BOARD_BootClockRUN)
    BOARD_InitBootClocks                     0x000006e1   Thumb Code     4  clock_config.o(i.BOARD_InitBootClocks)
    BOARD_InitDebugConsole                   0x000006e5   Thumb Code    24  board.o(i.BOARD_InitDebugConsole)
    BOARD_InitPins                           0x000006fd   Thumb Code    86  pin_mux.o(i.BOARD_InitPins)
    CLOCK_BootToPeeMode                      0x00000769   Thumb Code    52  fsl_clock.o(i.CLOCK_BootToPeeMode)
    CLOCK_EnablePll0                         0x000007e9   Thumb Code    48  fsl_clock.o(i.CLOCK_EnablePll0)
    CLOCK_GetCoreSysClkFreq                  0x0000081d   Thumb Code    22  fsl_clock.o(i.CLOCK_GetCoreSysClkFreq)
    CLOCK_GetEr32kClkFreq                    0x00000839   Thumb Code    62  fsl_clock.o(i.CLOCK_GetEr32kClkFreq)
    CLOCK_GetFixedFreqClkFreq                0x00000881   Thumb Code    28  fsl_clock.o(i.CLOCK_GetFixedFreqClkFreq)
    CLOCK_GetFllFreq                         0x0000089d   Thumb Code    52  fsl_clock.o(i.CLOCK_GetFllFreq)
    CLOCK_GetFreq                            0x00000939   Thumb Code   166  fsl_clock.o(i.CLOCK_GetFreq)
    CLOCK_GetInternalRefClkFreq              0x000009e9   Thumb Code    16  fsl_clock.o(i.CLOCK_GetInternalRefClkFreq)
    CLOCK_GetOsc0ErClkDivFreq                0x00000a61   Thumb Code    34  fsl_clock.o(i.CLOCK_GetOsc0ErClkDivFreq)
    CLOCK_GetOsc0ErClkUndivFreq              0x00000a8d   Thumb Code    28  fsl_clock.o(i.CLOCK_GetOsc0ErClkUndivFreq)
    CLOCK_GetOutClkFreq                      0x00000ab1   Thumb Code    58  fsl_clock.o(i.CLOCK_GetOutClkFreq)
    CLOCK_GetPll0Freq                        0x00000af5   Thumb Code    50  fsl_clock.o(i.CLOCK_GetPll0Freq)
    CLOCK_GetPllFllSelClkFreq                0x00000b2d   Thumb Code    72  fsl_clock.o(i.CLOCK_GetPllFllSelClkFreq)
    CLOCK_InitOsc0                           0x00000b81   Thumb Code   102  fsl_clock.o(i.CLOCK_InitOsc0)
    CLOCK_SetExternalRefClkConfig            0x00000bf5   Thumb Code    44  fsl_clock.o(i.CLOCK_SetExternalRefClkConfig)
    CLOCK_SetPbeMode                         0x00000c25   Thumb Code   116  fsl_clock.o(i.CLOCK_SetPbeMode)
    CLOCK_SetSimConfig                       0x00000c9d   Thumb Code    50  fsl_clock.o(i.CLOCK_SetSimConfig)
    DELAY_MS                                 0x00000d41   Thumb Code    22  delay.o(i.DELAY_MS)
    DELAY_US                                 0x00000d59   Thumb Code    12  delay.o(i.DELAY_US)
    DMA0_DMA16_DriverIRQHandler              0x00000d69   Thumb Code    48  fsl_edma.o(i.DMA0_DMA16_DriverIRQHandler)
    DMA10_DMA26_DriverIRQHandler             0x00000da1   Thumb Code    48  fsl_edma.o(i.DMA10_DMA26_DriverIRQHandler)
    DMA11_DMA27_DriverIRQHandler             0x00000dd9   Thumb Code    48  fsl_edma.o(i.DMA11_DMA27_DriverIRQHandler)
    DMA12_DMA28_DriverIRQHandler             0x00000e11   Thumb Code    48  fsl_edma.o(i.DMA12_DMA28_DriverIRQHandler)
    DMA13_DMA29_DriverIRQHandler             0x00000e49   Thumb Code    48  fsl_edma.o(i.DMA13_DMA29_DriverIRQHandler)
    DMA14_DMA30_DriverIRQHandler             0x00000e81   Thumb Code    48  fsl_edma.o(i.DMA14_DMA30_DriverIRQHandler)
    DMA15_DMA31_DriverIRQHandler             0x00000eb9   Thumb Code    48  fsl_edma.o(i.DMA15_DMA31_DriverIRQHandler)
    DMA1_DMA17_DriverIRQHandler              0x00000ef1   Thumb Code    48  fsl_edma.o(i.DMA1_DMA17_DriverIRQHandler)
    DMA2_DMA18_DriverIRQHandler              0x00000f29   Thumb Code    48  fsl_edma.o(i.DMA2_DMA18_DriverIRQHandler)
    DMA3_DMA19_DriverIRQHandler              0x00000f61   Thumb Code    48  fsl_edma.o(i.DMA3_DMA19_DriverIRQHandler)
    DMA4_DMA20_DriverIRQHandler              0x00000f99   Thumb Code    48  fsl_edma.o(i.DMA4_DMA20_DriverIRQHandler)
    DMA5_DMA21_DriverIRQHandler              0x00000fd1   Thumb Code    48  fsl_edma.o(i.DMA5_DMA21_DriverIRQHandler)
    DMA6_DMA22_DriverIRQHandler              0x00001009   Thumb Code    48  fsl_edma.o(i.DMA6_DMA22_DriverIRQHandler)
    DMA7_DMA23_DriverIRQHandler              0x00001041   Thumb Code    48  fsl_edma.o(i.DMA7_DMA23_DriverIRQHandler)
    DMA8_DMA24_DriverIRQHandler              0x00001079   Thumb Code    48  fsl_edma.o(i.DMA8_DMA24_DriverIRQHandler)
    DMA9_DMA25_DriverIRQHandler              0x000010b1   Thumb Code    48  fsl_edma.o(i.DMA9_DMA25_DriverIRQHandler)
    DbgConsole_Init                          0x000010e9   Thumb Code   102  fsl_debug_console.o(i.DbgConsole_Init)
    DbgConsole_Printf                        0x00001199   Thumb Code    48  fsl_debug_console.o(i.DbgConsole_Printf)
    DbgConsole_SendDataReliable              0x000011d1   Thumb Code    34  fsl_debug_console.o(i.DbgConsole_SendDataReliable)
    EDMA_GetChannelStatusFlags               0x000011f9   Thumb Code    50  fsl_edma.o(i.EDMA_GetChannelStatusFlags)
    EDMA_HandleIRQ                           0x0000122b   Thumb Code   162  fsl_edma.o(i.EDMA_HandleIRQ)
    Error_Handle                             0x000012cd   Thumb Code     2  main.o(i.Error_Handle)
    GPIO_PinInit                             0x000012cf   Thumb Code    40  fsl_gpio.o(i.GPIO_PinInit)
    HAL_UartInit                             0x0000131d   Thumb Code   146  uart_adapter.o(i.HAL_UartInit)
    HAL_UartSendBlocking                     0x000013b5   Thumb Code    28  uart_adapter.o(i.HAL_UartSendBlocking)
    LED_GPIOInit                             0x000013d5   Thumb Code   142  led.o(i.LED_GPIOInit)
    LED_Init                                 0x00001489   Thumb Code    54  led.o(i.LED_Init)
    LED_Off                                  0x000014c9   Thumb Code    18  led.o(i.LED_Off)
    LED_On                                   0x000014db   Thumb Code    18  led.o(i.LED_On)
    LED_SetStatus                            0x000014ed   Thumb Code    44  led.o(i.LED_SetStatus)
    LPUART0_DriverIRQHandler                 0x00001519   Thumb Code    20  fsl_lpuart.o(i.LPUART0_DriverIRQHandler)
    SCCB_Ack                                 0x00001535   Thumb Code    72  sccb.o(i.SCCB_Ack)
    SCCB_Init                                0x00001581   Thumb Code   106  sccb.o(i.SCCB_Init)
    SCCB_MODE_CHANGE                         0x000015f9   Thumb Code    36  sccb.o(i.SCCB_MODE_CHANGE)
    SCCB_NoAck                               0x00001621   Thumb Code    72  sccb.o(i.SCCB_NoAck)
    SCCB_ReadByte                            0x0000166d   Thumb Code    46  sccb.o(i.SCCB_ReadByte)
    SCCB_ReadByte_one                        0x0000169b   Thumb Code   108  sccb.o(i.SCCB_ReadByte_one)
    SCCB_ReceiveByte                         0x00001709   Thumb Code    92  sccb.o(i.SCCB_ReceiveByte)
    SCCB_SendByte                            0x00001769   Thumb Code    84  sccb.o(i.SCCB_SendByte)
    SCCB_Start                               0x000017c1   Thumb Code   120  sccb.o(i.SCCB_Start)
    SCCB_Stop                                0x00001875   Thumb Code    72  sccb.o(i.SCCB_Stop)
    SCCB_WaitAck                             0x000018c1   Thumb Code   102  sccb.o(i.SCCB_WaitAck)
    SCCB_WriteByte                           0x0000192d   Thumb Code    38  sccb.o(i.SCCB_WriteByte)
    SCCB_WriteByte_one                       0x00001955   Thumb Code    72  sccb.o(i.SCCB_WriteByte_one)
    SMC_SetPowerModeHsrun                    0x000019b9   Thumb Code    12  fsl_smc.o(i.SMC_SetPowerModeHsrun)
    SYSTICK_INIT                             0x000019c5   Thumb Code    32  delay.o(i.SYSTICK_INIT)
    SerialManager_Init                       0x000019e9   Thumb Code    50  serial_manager.o(i.SerialManager_Init)
    SerialManager_OpenReadHandle             0x00001a1b   Thumb Code    32  serial_manager.o(i.SerialManager_OpenReadHandle)
    SerialManager_OpenWriteHandle            0x00001a3b   Thumb Code    26  serial_manager.o(i.SerialManager_OpenWriteHandle)
    SerialManager_WriteBlocking              0x00001a55   Thumb Code    40  serial_manager.o(i.SerialManager_WriteBlocking)
    Serial_UartInit                          0x00001a7d   Thumb Code    66  serial_port_uart.o(i.Serial_UartInit)
    Serial_UartWrite                         0x00001abf   Thumb Code    20  serial_port_uart.o(i.Serial_UartWrite)
    StrFormatPrintf                          0x00001ad3   Thumb Code   396  fsl_str.o(i.StrFormatPrintf)
    SysTick_Handler                          0x00001c61   Thumb Code    16  delay.o(i.SysTick_Handler)
    SystemInit                               0x00001c75   Thumb Code    38  system_mk66f18.o(i.SystemInit)
    SystemInitHook                           0x00001ca5   Thumb Code     2  system_mk66f18.o(i.SystemInitHook)
    UART0_DriverIRQHandler                   0x00001ca9   Thumb Code    20  fsl_uart.o(i.UART0_DriverIRQHandler)
    UART0_RX_TX_DriverIRQHandler             0x00001cc9   Thumb Code    12  fsl_uart.o(i.UART0_RX_TX_DriverIRQHandler)
    UART1_DriverIRQHandler                   0x00001cd5   Thumb Code    20  fsl_uart.o(i.UART1_DriverIRQHandler)
    UART1_RX_TX_DriverIRQHandler             0x00001cf5   Thumb Code    12  fsl_uart.o(i.UART1_RX_TX_DriverIRQHandler)
    UART2_DriverIRQHandler                   0x00001d01   Thumb Code    20  fsl_uart.o(i.UART2_DriverIRQHandler)
    UART2_RX_TX_DriverIRQHandler             0x00001d21   Thumb Code    12  fsl_uart.o(i.UART2_RX_TX_DriverIRQHandler)
    UART3_DriverIRQHandler                   0x00001d2d   Thumb Code    20  fsl_uart.o(i.UART3_DriverIRQHandler)
    UART3_RX_TX_DriverIRQHandler             0x00001d4d   Thumb Code    12  fsl_uart.o(i.UART3_RX_TX_DriverIRQHandler)
    UART4_DriverIRQHandler                   0x00001d59   Thumb Code    20  fsl_uart.o(i.UART4_DriverIRQHandler)
    UART4_RX_TX_DriverIRQHandler             0x00001d79   Thumb Code    12  fsl_uart.o(i.UART4_RX_TX_DriverIRQHandler)
    UART_GetDefaultConfig                    0x00001d85   Thumb Code    44  fsl_uart.o(i.UART_GetDefaultConfig)
    UART_GetInstance                         0x00001db1   Thumb Code    34  fsl_uart.o(i.UART_GetInstance)
    UART_Init                                0x00001dd9   Thumb Code   358  fsl_uart.o(i.UART_Init)
    UART_WriteBlocking                       0x00001f5d   Thumb Code    20  fsl_uart.o(i.UART_WriteBlocking)
    __scatterload_copy                       0x00001f71   Thumb Code    14  handlers.o(i.__scatterload_copy)
    __scatterload_null                       0x00001f7f   Thumb Code     2  handlers.o(i.__scatterload_null)
    __scatterload_zeroinit                   0x00001f81   Thumb Code    14  handlers.o(i.__scatterload_zeroinit)
    main                                     0x00001f91   Thumb Code   150  main.o(i.main)
    ov7725_eagle_reg_init                    0x000020b1   Thumb Code   152  ov7725.o(i.ov7725_eagle_reg_init)
    simConfig_BOARD_BootClockRUN             0x00002210   Data           8  clock_config.o(.constdata)
    oscConfig_BOARD_BootClockRUN             0x00002218   Data           8  clock_config.o(.constdata)
    mcgConfig_BOARD_BootClockRUN             0x00002220   Data          12  clock_config.o(.constdata)
    Region$$Table$$Base                      0x000022e4   Number         0  anon$$obj.o(Region$$Table)
    Region$$Table$$Limit                     0x00002304   Number         0  anon$$obj.o(Region$$Table)
    g_xtal0Freq                              0x2000000c   Data           4  fsl_clock.o(.data)
    g_xtal32Freq                             0x20000010   Data           4  fsl_clock.o(.data)
    SystemCoreClock                          0x20000020   Data           4  system_mk66f18.o(.data)
    g_serialHandle                           0x20000024   Data           4  fsl_debug_console.o(.data)
    LED0                                     0x20000028   Data          20  led.o(.data)
    LED1                                     0x2000003c   Data          20  led.o(.data)
    LED2                                     0x20000050   Data          20  led.o(.data)
    LED3                                     0x20000064   Data          20  led.o(.data)
    ov7725_eagle_cfgnum                      0x20000078   Data           1  ov7725.o(.data)
    ov7725_eagle_img_flag                    0x20000079   Data           1  ov7725.o(.data)
    ov7725_eagle_img_buff                    0x2000007c   Data           4  ov7725.o(.data)
    ov7725_eagle_reg                         0x20000080   Data          94  ov7725.o(.data)
    SystickTimeCount                         0x200000e0   Data           4  delay.o(.data)
    Image$$ARM_LIB_HEAP$$ZI$$Base            0x20000194   Number         0  anon$$obj.o ABSOLUTE
    Image$$ARM_LIB_HEAP$$ZI$$Limit           0x20000594   Number         0  anon$$obj.o ABSOLUTE
    Image$$ARM_LIB_STACK$$ZI$$Limit          0x20030000   Number         0  anon$$obj.o ABSOLUTE



==============================================================================

Memory Map of the image

  Image Entry point : 0x00000411

  Load Region LR_m_text (Base: 0x00000000, Size: 0x000023e8, Max: 0x00100000, ABSOLUTE)

    Execution Region VECTOR_ROM (Exec base: 0x00000000, Load base: 0x00000000, Size: 0x00000400, Max: 0x00000400, ABSOLUTE)

    Exec Addr    Load Addr    Size         Type   Attr      Idx    E Section Name        Object

    0x00000000   0x00000000   0x00000400   Data   RO         2859    RESET               startup_mk66f18.o


    Execution Region ER_m_flash_config (Exec base: 0x00000400, Load base: 0x00000400, Size: 0x00000010, Max: 0x00000010, ABSOLUTE, FIXED)

    Exec Addr    Load Addr    Size         Type   Attr      Idx    E Section Name        Object

    0x00000400   0x00000400   0x00000010   Data   RO         2860    FlashConfig         startup_mk66f18.o


    Execution Region ER_m_text (Exec base: 0x00000410, Load base: 0x00000410, Size: 0x00001ef4, Max: 0x000ffbf0, ABSOLUTE)

    Exec Addr    Load Addr    Size         Type   Attr      Idx    E Section Name        Object

    0x00000410   0x00000410   0x00000000   Code   RO         3237  * .ARM.Collect$$$$00000000  mc_w.l(entry.o)
    0x00000410   0x00000410   0x00000004   Code   RO         3278    .ARM.Collect$$$$00000003  mc_w.l(entry4.o)
    0x00000414   0x00000414   0x00000004   Code   RO         3281    .ARM.Collect$$$$00000004  mc_w.l(entry5.o)
    0x00000418   0x00000418   0x00000000   Code   RO         3283    .ARM.Collect$$$$00000008  mc_w.l(entry7b.o)
    0x00000418   0x00000418   0x00000000   Code   RO         3285    .ARM.Collect$$$$0000000A  mc_w.l(entry8b.o)
    0x00000418   0x00000418   0x00000008   Code   RO         3286    .ARM.Collect$$$$0000000B  mc_w.l(entry9a.o)
    0x00000420   0x00000420   0x00000000   Code   RO         3288    .ARM.Collect$$$$0000000D  mc_w.l(entry10a.o)
    0x00000420   0x00000420   0x00000000   Code   RO         3290    .ARM.Collect$$$$0000000F  mc_w.l(entry11a.o)
    0x00000420   0x00000420   0x00000004   Code   RO         3279    .ARM.Collect$$$$00002714  mc_w.l(entry4.o)
    0x00000424   0x00000424   0x000001f4   Code   RO         2861    .text               startup_mk66f18.o
    0x00000618   0x00000618   0x00000024   Code   RO         3244    .text               mc_w.l(memseta.o)
    0x0000063c   0x0000063c   0x0000000e   Code   RO         3246    .text               mc_w.l(strlen.o)
    0x0000064a   0x0000064a   0x00000002   PAD
    0x0000064c   0x0000064c   0x00000024   Code   RO         3294    .text               mc_w.l(init.o)
    0x00000670   0x00000670   0x00000070   Code   RO          175    i.BOARD_BootClockRUN  clock_config.o
    0x000006e0   0x000006e0   0x00000004   Code   RO          176    i.BOARD_InitBootClocks  clock_config.o
    0x000006e4   0x000006e4   0x00000018   Code   RO          151    i.BOARD_InitDebugConsole  board.o
    0x000006fc   0x000006fc   0x0000006c   Code   RO          219    i.BOARD_InitPins    pin_mux.o
    0x00000768   0x00000768   0x00000038   Code   RO          310    i.CLOCK_BootToPeeMode  fsl_clock.o
    0x000007a0   0x000007a0   0x00000018   Code   RO          220    i.CLOCK_EnableClock  pin_mux.o
    0x000007b8   0x000007b8   0x00000018   Code   RO         2868    i.CLOCK_EnableClock  led.o
    0x000007d0   0x000007d0   0x00000018   Code   RO         2937    i.CLOCK_EnableClock  sccb.o
    0x000007e8   0x000007e8   0x00000034   Code   RO          317    i.CLOCK_EnablePll0  fsl_clock.o
    0x0000081c   0x0000081c   0x0000001c   Code   RO          325    i.CLOCK_GetCoreSysClkFreq  fsl_clock.o
    0x00000838   0x00000838   0x00000048   Code   RO          326    i.CLOCK_GetEr32kClkFreq  fsl_clock.o
    0x00000880   0x00000880   0x0000001c   Code   RO          328    i.CLOCK_GetFixedFreqClkFreq  fsl_clock.o
    0x0000089c   0x0000089c   0x0000003c   Code   RO          331    i.CLOCK_GetFllFreq  fsl_clock.o
    0x000008d8   0x000008d8   0x00000060   Code   RO          332    i.CLOCK_GetFllRefClkFreq  fsl_clock.o
    0x00000938   0x00000938   0x000000b0   Code   RO          333    i.CLOCK_GetFreq     fsl_clock.o
    0x000009e8   0x000009e8   0x00000014   Code   RO          334    i.CLOCK_GetInternalRefClkFreq  fsl_clock.o
    0x000009fc   0x000009fc   0x00000024   Code   RO          335    i.CLOCK_GetInternalRefClkSelectFreq  fsl_clock.o
    0x00000a20   0x00000a20   0x00000040   Code   RO          336    i.CLOCK_GetMcgExtClkFreq  fsl_clock.o
    0x00000a60   0x00000a60   0x0000002c   Code   RO          338    i.CLOCK_GetOsc0ErClkDivFreq  fsl_clock.o
    0x00000a8c   0x00000a8c   0x00000024   Code   RO          340    i.CLOCK_GetOsc0ErClkUndivFreq  fsl_clock.o
    0x00000ab0   0x00000ab0   0x00000044   Code   RO          341    i.CLOCK_GetOutClkFreq  fsl_clock.o
    0x00000af4   0x00000af4   0x00000038   Code   RO          343    i.CLOCK_GetPll0Freq  fsl_clock.o
    0x00000b2c   0x00000b2c   0x00000054   Code   RO          344    i.CLOCK_GetPllFllSelClkFreq  fsl_clock.o
    0x00000b80   0x00000b80   0x00000074   Code   RO          346    i.CLOCK_InitOsc0    fsl_clock.o
    0x00000bf4   0x00000bf4   0x00000030   Code   RO          352    i.CLOCK_SetExternalRefClkConfig  fsl_clock.o
    0x00000c24   0x00000c24   0x00000078   Code   RO          360    i.CLOCK_SetPbeMode  fsl_clock.o
    0x00000c9c   0x00000c9c   0x0000003c   Code   RO          365    i.CLOCK_SetSimConfig  fsl_clock.o
    0x00000cd8   0x00000cd8   0x00000068   Code   RO         2518    i.ConvertRadixNumToString  fsl_str.o
    0x00000d40   0x00000d40   0x00000016   Code   RO         3129    i.DELAY_MS          delay.o
    0x00000d56   0x00000d56   0x00000002   PAD
    0x00000d58   0x00000d58   0x00000010   Code   RO         3130    i.DELAY_US          delay.o
    0x00000d68   0x00000d68   0x00000038   Code   RO         2002    i.DMA0_DMA16_DriverIRQHandler  fsl_edma.o
    0x00000da0   0x00000da0   0x00000038   Code   RO         2003    i.DMA10_DMA26_DriverIRQHandler  fsl_edma.o
    0x00000dd8   0x00000dd8   0x00000038   Code   RO         2004    i.DMA11_DMA27_DriverIRQHandler  fsl_edma.o
    0x00000e10   0x00000e10   0x00000038   Code   RO         2005    i.DMA12_DMA28_DriverIRQHandler  fsl_edma.o
    0x00000e48   0x00000e48   0x00000038   Code   RO         2006    i.DMA13_DMA29_DriverIRQHandler  fsl_edma.o
    0x00000e80   0x00000e80   0x00000038   Code   RO         2007    i.DMA14_DMA30_DriverIRQHandler  fsl_edma.o
    0x00000eb8   0x00000eb8   0x00000038   Code   RO         2008    i.DMA15_DMA31_DriverIRQHandler  fsl_edma.o
    0x00000ef0   0x00000ef0   0x00000038   Code   RO         2009    i.DMA1_DMA17_DriverIRQHandler  fsl_edma.o
    0x00000f28   0x00000f28   0x00000038   Code   RO         2010    i.DMA2_DMA18_DriverIRQHandler  fsl_edma.o
    0x00000f60   0x00000f60   0x00000038   Code   RO         2011    i.DMA3_DMA19_DriverIRQHandler  fsl_edma.o
    0x00000f98   0x00000f98   0x00000038   Code   RO         2012    i.DMA4_DMA20_DriverIRQHandler  fsl_edma.o
    0x00000fd0   0x00000fd0   0x00000038   Code   RO         2013    i.DMA5_DMA21_DriverIRQHandler  fsl_edma.o
    0x00001008   0x00001008   0x00000038   Code   RO         2014    i.DMA6_DMA22_DriverIRQHandler  fsl_edma.o
    0x00001040   0x00001040   0x00000038   Code   RO         2015    i.DMA7_DMA23_DriverIRQHandler  fsl_edma.o
    0x00001078   0x00001078   0x00000038   Code   RO         2016    i.DMA8_DMA24_DriverIRQHandler  fsl_edma.o
    0x000010b0   0x000010b0   0x00000038   Code   RO         2017    i.DMA9_DMA25_DriverIRQHandler  fsl_edma.o
    0x000010e8   0x000010e8   0x00000074   Code   RO         2365    i.DbgConsole_Init   fsl_debug_console.o
    0x0000115c   0x0000115c   0x0000003a   Code   RO         2366    i.DbgConsole_PrintCallback  fsl_debug_console.o
    0x00001196   0x00001196   0x00000002   PAD
    0x00001198   0x00001198   0x00000038   Code   RO         2367    i.DbgConsole_Printf  fsl_debug_console.o
    0x000011d0   0x000011d0   0x00000028   Code   RO         2374    i.DbgConsole_SendDataReliable  fsl_debug_console.o
    0x000011f8   0x000011f8   0x00000032   Code   RO         2024    i.EDMA_GetChannelStatusFlags  fsl_edma.o
    0x0000122a   0x0000122a   0x000000a2   Code   RO         2028    i.EDMA_HandleIRQ    fsl_edma.o
    0x000012cc   0x000012cc   0x00000002   Code   RO            6    i.Error_Handle      main.o
    0x000012ce   0x000012ce   0x00000028   Code   RO          261    i.GPIO_PinInit      fsl_gpio.o
    0x000012f6   0x000012f6   0x0000000e   Code   RO         2869    i.GPIO_PinWrite     led.o
    0x00001304   0x00001304   0x0000000e   Code   RO         2938    i.GPIO_PinWrite     sccb.o
    0x00001312   0x00001312   0x0000000a   Code   RO         2587    i.HAL_UartGetStatus  uart_adapter.o
    0x0000131c   0x0000131c   0x00000098   Code   RO         2588    i.HAL_UartInit      uart_adapter.o
    0x000013b4   0x000013b4   0x00000020   Code   RO         2590    i.HAL_UartSendBlocking  uart_adapter.o
    0x000013d4   0x000013d4   0x000000b4   Code   RO         2870    i.LED_GPIOInit      led.o
    0x00001488   0x00001488   0x00000040   Code   RO         2871    i.LED_Init          led.o
    0x000014c8   0x000014c8   0x00000012   Code   RO         2872    i.LED_Off           led.o
    0x000014da   0x000014da   0x00000012   Code   RO         2873    i.LED_On            led.o
    0x000014ec   0x000014ec   0x0000002c   Code   RO         2874    i.LED_SetStatus     led.o
    0x00001518   0x00001518   0x0000001c   Code   RO         1497    i.LPUART0_DriverIRQHandler  fsl_lpuart.o
    0x00001534   0x00001534   0x0000004c   Code   RO         2939    i.SCCB_Ack          sccb.o
    0x00001580   0x00001580   0x00000078   Code   RO         2941    i.SCCB_Init         sccb.o
    0x000015f8   0x000015f8   0x00000028   Code   RO         2942    i.SCCB_MODE_CHANGE  sccb.o
    0x00001620   0x00001620   0x0000004c   Code   RO         2943    i.SCCB_NoAck        sccb.o
    0x0000166c   0x0000166c   0x0000002e   Code   RO         2944    i.SCCB_ReadByte     sccb.o
    0x0000169a   0x0000169a   0x0000006c   Code   RO         2945    i.SCCB_ReadByte_one  sccb.o
    0x00001706   0x00001706   0x00000002   PAD
    0x00001708   0x00001708   0x00000060   Code   RO         2946    i.SCCB_ReceiveByte  sccb.o
    0x00001768   0x00001768   0x00000058   Code   RO         2947    i.SCCB_SendByte     sccb.o
    0x000017c0   0x000017c0   0x000000b4   Code   RO         2948    i.SCCB_Start        sccb.o
    0x00001874   0x00001874   0x0000004c   Code   RO         2949    i.SCCB_Stop         sccb.o
    0x000018c0   0x000018c0   0x0000006c   Code   RO         2950    i.SCCB_WaitAck      sccb.o
    0x0000192c   0x0000192c   0x00000026   Code   RO         2951    i.SCCB_WriteByte    sccb.o
    0x00001952   0x00001952   0x00000002   PAD
    0x00001954   0x00001954   0x00000064   Code   RO         2952    i.SCCB_WriteByte_one  sccb.o
    0x000019b8   0x000019b8   0x0000000c   Code   RO         1675    i.SMC_SetPowerModeHsrun  fsl_smc.o
    0x000019c4   0x000019c4   0x00000024   Code   RO         3131    i.SYSTICK_INIT      delay.o
    0x000019e8   0x000019e8   0x00000032   Code   RO         2643    i.SerialManager_Init  serial_manager.o
    0x00001a1a   0x00001a1a   0x00000020   Code   RO         2644    i.SerialManager_OpenReadHandle  serial_manager.o
    0x00001a3a   0x00001a3a   0x0000001a   Code   RO         2645    i.SerialManager_OpenWriteHandle  serial_manager.o
    0x00001a54   0x00001a54   0x00000028   Code   RO         2647    i.SerialManager_WriteBlocking  serial_manager.o
    0x00001a7c   0x00001a7c   0x00000042   Code   RO         2720    i.Serial_UartInit   serial_port_uart.o
    0x00001abe   0x00001abe   0x00000014   Code   RO         2722    i.Serial_UartWrite  serial_port_uart.o
    0x00001ad2   0x00001ad2   0x0000018c   Code   RO         2520    i.StrFormatPrintf   fsl_str.o
    0x00001c5e   0x00001c5e   0x00000002   PAD
    0x00001c60   0x00001c60   0x00000014   Code   RO         3132    i.SysTick_Handler   delay.o
    0x00001c74   0x00001c74   0x00000030   Code   RO         2321    i.SystemInit        system_mk66f18.o
    0x00001ca4   0x00001ca4   0x00000002   Code   RO         2322    i.SystemInitHook    system_mk66f18.o
    0x00001ca6   0x00001ca6   0x00000002   PAD
    0x00001ca8   0x00001ca8   0x00000020   Code   RO         1256    i.UART0_DriverIRQHandler  fsl_uart.o
    0x00001cc8   0x00001cc8   0x0000000c   Code   RO         1257    i.UART0_RX_TX_DriverIRQHandler  fsl_uart.o
    0x00001cd4   0x00001cd4   0x00000020   Code   RO         1258    i.UART1_DriverIRQHandler  fsl_uart.o
    0x00001cf4   0x00001cf4   0x0000000c   Code   RO         1259    i.UART1_RX_TX_DriverIRQHandler  fsl_uart.o
    0x00001d00   0x00001d00   0x00000020   Code   RO         1260    i.UART2_DriverIRQHandler  fsl_uart.o
    0x00001d20   0x00001d20   0x0000000c   Code   RO         1261    i.UART2_RX_TX_DriverIRQHandler  fsl_uart.o
    0x00001d2c   0x00001d2c   0x00000020   Code   RO         1262    i.UART3_DriverIRQHandler  fsl_uart.o
    0x00001d4c   0x00001d4c   0x0000000c   Code   RO         1263    i.UART3_RX_TX_DriverIRQHandler  fsl_uart.o
    0x00001d58   0x00001d58   0x00000020   Code   RO         1264    i.UART4_DriverIRQHandler  fsl_uart.o
    0x00001d78   0x00001d78   0x0000000c   Code   RO         1265    i.UART4_RX_TX_DriverIRQHandler  fsl_uart.o
    0x00001d84   0x00001d84   0x0000002c   Code   RO         1270    i.UART_GetDefaultConfig  fsl_uart.o
    0x00001db0   0x00001db0   0x00000028   Code   RO         1272    i.UART_GetInstance  fsl_uart.o
    0x00001dd8   0x00001dd8   0x00000184   Code   RO         1274    i.UART_Init         fsl_uart.o
    0x00001f5c   0x00001f5c   0x00000014   Code   RO         1291    i.UART_WriteBlocking  fsl_uart.o
    0x00001f70   0x00001f70   0x0000000e   Code   RO         3298    i.__scatterload_copy  mc_w.l(handlers.o)
    0x00001f7e   0x00001f7e   0x00000002   Code   RO         3299    i.__scatterload_null  mc_w.l(handlers.o)
    0x00001f80   0x00001f80   0x0000000e   Code   RO         3300    i.__scatterload_zeroinit  mc_w.l(handlers.o)
    0x00001f8e   0x00001f8e   0x00000002   PAD
    0x00001f90   0x00001f90   0x00000120   Code   RO            7    i.main              main.o
    0x000020b0   0x000020b0   0x00000160   Code   RO         3064    i.ov7725_eagle_reg_init  ov7725.o
    0x00002210   0x00002210   0x0000001c   Data   RO          177    .constdata          clock_config.o
    0x0000222c   0x0000222c   0x00000060   Data   RO          368    .constdata          fsl_clock.o
    0x0000228c   0x0000228c   0x00000030   Data   RO         1293    .constdata          fsl_uart.o
    0x000022bc   0x000022bc   0x00000010   Data   RO         2381    .constdata          fsl_debug_console.o
    0x000022cc   0x000022cc   0x00000014   Data   RO         2591    .constdata          uart_adapter.o
    0x000022e0   0x000022e0   0x00000002   Data   RO         2875    .constdata          led.o
    0x000022e2   0x000022e2   0x00000002   PAD
    0x000022e4   0x000022e4   0x00000020   Data   RO         3296    Region$$Table       anon$$obj.o


    Execution Region RW_m_data (Exec base: 0x1fff0000, Load base: 0x00002304, Size: 0x00000000, Max: 0x00010000, ABSOLUTE)

    **** No section assigned to this execution region ****


    Execution Region RW_m_data_2 (Exec base: 0x20000000, Load base: 0x00002304, Size: 0x00000194, Max: 0x0002f800, ABSOLUTE)

    Exec Addr    Load Addr    Size         Type   Attr      Idx    E Section Name        Object

    0x20000000   0x00002304   0x00000014   Data   RW          369    .data               fsl_clock.o
    0x20000014   0x00002318   0x00000004   Data   RW         1294    .data               fsl_uart.o
    0x20000018   0x0000231c   0x00000008   Data   RW         1524    .data               fsl_lpuart.o
    0x20000020   0x00002324   0x00000004   Data   RW         2323    .data               system_mk66f18.o
    0x20000024   0x00002328   0x00000004   Data   RW         2382    .data               fsl_debug_console.o
    0x20000028   0x0000232c   0x00000050   Data   RW         2876    .data               led.o
    0x20000078   0x0000237c   0x00000066   Data   RW         3066    .data               ov7725.o
    0x200000de   0x000023e2   0x00000002   PAD
    0x200000e0   0x000023e4   0x00000004   Data   RW         3133    .data               delay.o
    0x200000e4        -       0x00000014   Zero   RW         1292    .bss                fsl_uart.o
    0x200000f8        -       0x00000080   Zero   RW         2051    .bss                fsl_edma.o
    0x20000178        -       0x0000001c   Zero   RW         2380    .bss                fsl_debug_console.o


    Execution Region ARM_LIB_HEAP (Exec base: 0x20000194, Load base: 0x000023e8, Size: 0x00000400, Max: 0x00000400, ABSOLUTE)

    Exec Addr    Load Addr    Size         Type   Attr      Idx    E Section Name        Object

    0x20000194        -       0x00000400   Zero   RW            1    ARM_LIB_HEAP.bss    anon$$obj.o


    Execution Region ARM_LIB_STACK (Exec base: 0x2002fc00, Load base: 0x000023e8, Size: 0x00000400, Max: 0x00000400, ABSOLUTE)

    Exec Addr    Load Addr    Size         Type   Attr      Idx    E Section Name        Object

    0x2002fc00        -       0x00000400   Zero   RW            2    ARM_LIB_STACK.bss   anon$$obj.o


==============================================================================

Image component sizes


      Code (inc. data)   RO Data    RW Data    ZI Data      Debug   Object Name

        24          0          0          0          0        525   board.o
       116         36         28          0          0      12120   clock_config.o
        94         12          0          4          0      30881   delay.o
      1320        184         96         20          0      27016   fsl_clock.o
       270         28         16          4         28       9764   fsl_debug_console.o
      1108        128          0          0        128      11620   fsl_edma.o
        40          0          0          0          0       1995   fsl_gpio.o
        28          8          0          8          0       6220   fsl_lpuart.o
        12          0          0          0          0       7740   fsl_smc.o
       500          0          0          0          0       3114   fsl_str.o
       712         96         48          4         20      26585   fsl_uart.o
       362         54          2         80          0       5567   led.o
       290        138          0          0          0     751006   main.o
       352        200          0        102          0       1556   ov7725.o
       132         28          0          0          0      12212   pin_mux.o
      1190        138          0          0          0      13712   sccb.o
       148          0          0          0          0       4858   serial_manager.o
        86          0          0          0          0       3449   serial_port_uart.o
       500        238       1040          0          0       3600   startup_mk66f18.o
        50         10          0          4          0       1196   system_mk66f18.o
       194         10         20          0          0       4086   uart_adapter.o

    ----------------------------------------------------------------------
      7540       1308       1284        228       2224     938822   Object Totals
         0          0         32          0       2048          0   (incl. Generated)
        12          0          2          2          0          0   (incl. Padding)

    ----------------------------------------------------------------------

      Code (inc. data)   RO Data    RW Data    ZI Data      Debug   Library Member Name

         0          0          0          0          0          0   entry.o
         0          0          0          0          0          0   entry10a.o
         0          0          0          0          0          0   entry11a.o
         8          4          0          0          0          0   entry4.o
         4          0          0          0          0          0   entry5.o
         0          0          0          0          0          0   entry7b.o
         0          0          0          0          0          0   entry8b.o
         8          4          0          0          0          0   entry9a.o
        30          0          0          0          0          0   handlers.o
        36          8          0          0          0         68   init.o
        36          0          0          0          0        108   memseta.o
        14          0          0          0          0         68   strlen.o

    ----------------------------------------------------------------------
       140         16          0          0          0        244   Library Totals
         4          0          0          0          0          0   (incl. Padding)

    ----------------------------------------------------------------------

      Code (inc. data)   RO Data    RW Data    ZI Data      Debug   Library Name

       136         16          0          0          0        244   mc_w.l

    ----------------------------------------------------------------------
       140         16          0          0          0        244   Library Totals

    ----------------------------------------------------------------------

==============================================================================


      Code (inc. data)   RO Data    RW Data    ZI Data      Debug   

      7680       1324       1284        228       2224     929270   Grand Totals
      7680       1324       1284        228       2224     929270   ELF Image Totals
      7680       1324       1284        228          0          0   ROM Totals

==============================================================================

    Total RO  Size (Code + RO Data)                 8964 (   8.75kB)
    Total RW  Size (RW Data + ZI Data)              2452 (   2.39kB)
    Total ROM Size (Code + RO Data + RW Data)       9192 (   8.98kB)

==============================================================================

