<html>
<body>
<pre>
<h1>µVision Build Log</h1>
<h2>Tool Versions:</h2>
IDE-Version: ¦ÌVision V5.25.2.0
Copyright (C) 2018 ARM Ltd and ARM Germany GmbH. All rights reserved.
License Information: 457 457, 457, LIC=21E4T-RRLVU-Z9UG9-4BY1R-7YGSR-HFVXA
 
Tool Versions:
Toolchain:       MDK-ARM Plus  Version: 5.25.2.0
Toolchain Path:  D:\Keil_v5\ARM\ARMCC\Bin
C Compiler:      Armcc.exe V5.06 update 6 (build 750)
Assembler:       Armasm.exe V5.06 update 6 (build 750)
Linker/Locator:  ArmLink.exe V5.06 update 6 (build 750)
Library Manager: ArmAr.exe V5.06 update 6 (build 750)
Hex Converter:   FromElf.exe V5.06 update 6 (build 750)
CPU DLL:         SARMCM3.DLL V5.25.2.0
Dialog DLL:      DCM.DLL V1.17.1.0
Target DLL:      CMSIS_AGDI.dll V1.29.10.0
Dialog DLL:      TCM.DLL V1.35.1.0
 
<h2>Project:</h2>
F:\github\FEIKA_ZHINVXING\Freescals\project\k66_sdk.uvprojx
Project File Date:  12/06/2019

<h2>Output:</h2>
*** Using Compiler 'V5.06 update 6 (build 750)', folder: 'D:\Keil_v5\ARM\ARMCC\Bin'
Build target 'Target 1'
compiling clock_config.c...
compiling board.c...
compiling main.c...
compiling pin_mux.c...
compiling fsl_gpio.c...
compiling fsl_clock.c...
compiling fsl_ftfx_cache.c...
compiling fsl_ftfx_controller.c...
compiling fsl_ftfx_flash.c...
compiling fsl_ftfx_flexnvm.c...
compiling fsl_common.c...
compiling fsl_smc.c...
compiling fsl_uart.c...
compiling fsl_lpuart.c...
compiling fsl_pit.c...
compiling fsl_dmamux.c...
compiling fsl_ftm.c...
compiling system_MK66F18.c...
compiling fsl_edma.c...
compiling fsl_debug_console.c...
compiling fsl_assert.c...
compiling fsl_str.c...
compiling uart_adapter.c...
compiling serial_port_uart.c...
compiling serial_manager.c...
assembling startup_MK66F18.s...
compiling generic_list.c...
compiling led.c...
linking...
Program Size: Code=4324 RO-data=1092 RW-data=28 ZI-data=2224  
".\Objects\k66_sdk.axf" - 0 Error(s), 0 Warning(s).

<h2>Software Packages used:</h2>

Package Vendor: Keil
                http://www.keil.com/pack/Keil.Kinetis_K60_DFP.1.5.0.pack
                Keil.Kinetis_K60_DFP.1.5.0
                NXP Kinetis K60 Series Device Support and Examples

<h2>Collection of Component include folders:</h2>
  .\RTE\_Target_1
  D:\Keil_v5\ARM\PACK\Keil\Kinetis_K60_DFP\1.5.0\Device\Include

<h2>Collection of Component Files used:</h2>
Build Time Elapsed:  00:00:04
</pre>
</body>
</html>
