Component: ARM Compiler 5.06 update 6 (build 750) Tool: armlink [4d35ed]

==============================================================================

Section Cross References

    main.o(i.DMA0_DMA16_IRQHandler) refers to ov7725.o(i.ov7725_eagle_dma) for ov7725_eagle_dma
    main.o(i.PORTA_IRQHandler) refers to ov7725.o(i.ov7725_eagle_vsync) for ov7725_eagle_vsync
    main.o(i.main) refers to pin_mux.o(i.BOARD_InitPins) for BOARD_InitPins
    main.o(i.main) refers to clock_config.o(i.board_clock_init) for board_clock_init
    main.o(i.main) refers to board.o(i.BOARD_InitDebugConsole) for BOARD_InitDebugConsole
    main.o(i.main) refers to delay.o(i.SYSTICK_INIT) for SYSTICK_INIT
    main.o(i.main) refers to k66adc.o(i.adc_init) for adc_init
    main.o(i.main) refers to ov7725.o(i.ov7725_eagle_init) for ov7725_eagle_init
    main.o(i.main) refers to main.o(i.EnableIRQ) for EnableIRQ
    main.o(i.main) refers to fsl_debug_console.o(i.DbgConsole_Printf) for DbgConsole_Printf
    main.o(i.main) refers to main.o(.constdata) for .constdata
    main.o(i.main) refers to main.o(.bss) for imgbuff
    key.o(i.KEY_INIT) refers to fsl_gpio.o(i.GPIO_PinInit) for GPIO_PinInit
    key.o(i.KEY_SCAN) refers to delay.o(i.DELAY_MS) for DELAY_MS
    led.o(i.LED0_TURN) refers to led.o(i.GPIO_PinWrite) for GPIO_PinWrite
    led.o(i.LED1_TURN) refers to led.o(i.GPIO_PinWrite) for GPIO_PinWrite
    led.o(i.LED2_TURN) refers to led.o(i.GPIO_PinWrite) for GPIO_PinWrite
    led.o(i.LED3_TURN) refers to led.o(i.GPIO_PinWrite) for GPIO_PinWrite
    led.o(i.LED_INIT) refers to led.o(i.PORT_SetPinMux) for PORT_SetPinMux
    led.o(i.LED_INIT) refers to fsl_gpio.o(i.GPIO_PinInit) for GPIO_PinInit
    pit.o(i.PIT0_IRQHandler) refers to pit.o(i.PIT_ClearStatusFlags) for PIT_ClearStatusFlags
    pit.o(i.PIT0_IRQHandler) refers to pit.o(i.GPIO_PinWrite) for GPIO_PinWrite
    pit.o(i.PIT0_IRQHandler) refers to pit.o(.data) for PIT_COUNT0
    pit.o(i.PIT1_IRQHandler) refers to pit.o(i.PIT_ClearStatusFlags) for PIT_ClearStatusFlags
    pit.o(i.PIT1_IRQHandler) refers to pit.o(i.GPIO_PinWrite) for GPIO_PinWrite
    pit.o(i.PIT1_IRQHandler) refers to pit.o(.data) for PIT_COUNT1
    pit.o(i.PIT_INIT) refers to fsl_pit.o(i.PIT_Init) for PIT_Init
    pit.o(i.PIT_INIT) refers to fsl_clock.o(i.CLOCK_GetFreq) for CLOCK_GetFreq
    pit.o(i.PIT_INIT) refers to uldiv.o(.text) for __aeabi_uldivmod
    pit.o(i.PIT_INIT) refers to pit.o(i.PIT_SetTimerPeriod) for PIT_SetTimerPeriod
    pit.o(i.PIT_INIT) refers to pit.o(i.PIT_EnableInterrupts) for PIT_EnableInterrupts
    pit.o(i.PIT_INIT) refers to pit.o(i.EnableIRQ) for EnableIRQ
    pit.o(i.PIT_INIT) refers to pit.o(i.PIT_StartTimer) for PIT_StartTimer
    pwm.o(i.PWM_CHANNEL0_DUTY) refers to fsl_ftm.o(i.FTM_UpdatePwmDutycycle) for FTM_UpdatePwmDutycycle
    pwm.o(i.PWM_CHANNEL0_DUTY) refers to pwm.o(i.FTM_SetSoftwareTrigger) for FTM_SetSoftwareTrigger
    pwm.o(i.PWM_CHANNEL1_DUTY) refers to fsl_ftm.o(i.FTM_UpdatePwmDutycycle) for FTM_UpdatePwmDutycycle
    pwm.o(i.PWM_CHANNEL1_DUTY) refers to pwm.o(i.FTM_SetSoftwareTrigger) for FTM_SetSoftwareTrigger
    pwm.o(i.PWM_DUOJI_DUTY) refers to fsl_ftm.o(i.FTM_UpdatePwmDutycycle) for FTM_UpdatePwmDutycycle
    pwm.o(i.PWM_DUOJI_DUTY) refers to pwm.o(i.FTM_SetSoftwareTrigger) for FTM_SetSoftwareTrigger
    pwm.o(i.PWM_DUOJI_INIT) refers to pwm.o(i.CLOCK_EnableClock) for CLOCK_EnableClock
    pwm.o(i.PWM_DUOJI_INIT) refers to pwm.o(i.PORT_SetPinMux) for PORT_SetPinMux
    pwm.o(i.PWM_DUOJI_INIT) refers to fsl_ftm.o(i.FTM_GetDefaultConfig) for FTM_GetDefaultConfig
    pwm.o(i.PWM_DUOJI_INIT) refers to fsl_ftm.o(i.FTM_Init) for FTM_Init
    pwm.o(i.PWM_DUOJI_INIT) refers to fsl_clock.o(i.CLOCK_GetFreq) for CLOCK_GetFreq
    pwm.o(i.PWM_DUOJI_INIT) refers to fsl_ftm.o(i.FTM_SetupPwm) for FTM_SetupPwm
    pwm.o(i.PWM_DUOJI_INIT) refers to pwm.o(i.FTM_StartTimer) for FTM_StartTimer
    pwm.o(i.PWM_MOTOR_INIT) refers to pwm.o(i.CLOCK_EnableClock) for CLOCK_EnableClock
    pwm.o(i.PWM_MOTOR_INIT) refers to pwm.o(i.PORT_SetPinMux) for PORT_SetPinMux
    pwm.o(i.PWM_MOTOR_INIT) refers to fsl_ftm.o(i.FTM_GetDefaultConfig) for FTM_GetDefaultConfig
    pwm.o(i.PWM_MOTOR_INIT) refers to fsl_ftm.o(i.FTM_Init) for FTM_Init
    pwm.o(i.PWM_MOTOR_INIT) refers to fsl_clock.o(i.CLOCK_GetFreq) for CLOCK_GetFreq
    pwm.o(i.PWM_MOTOR_INIT) refers to fsl_ftm.o(i.FTM_SetupPwm) for FTM_SetupPwm
    pwm.o(i.PWM_MOTOR_INIT) refers to pwm.o(i.FTM_StartTimer) for FTM_StartTimer
    delay.o(i.DELAY_MS) refers to delay.o(i.DELAY_US) for DELAY_US
    delay.o(i.DELAY_US) refers to delay.o(.data) for SystickTimeCount
    delay.o(i.SysTick_Handler) refers to delay.o(.data) for SystickTimeCount
    incap.o(i.BMQ_INPUTCAP) refers to incap.o(i.PORT_SetPinMux) for PORT_SetPinMux
    incap.o(i.BMQ_INPUTCAP) refers to fsl_ftm.o(i.FTM_GetDefaultConfig) for FTM_GetDefaultConfig
    incap.o(i.BMQ_INPUTCAP) refers to fsl_ftm.o(i.FTM_Init) for FTM_Init
[...]
    Removing fsl_edma.o(i.EDMA_TcdEnableInterrupts), (96 bytes).
    Removing fsl_edma.o(i.EDMA_TcdReset), (148 bytes).
    Removing fsl_edma.o(i.EDMA_TcdSetChannelLink), (316 bytes).
    Removing fsl_edma.o(i.EDMA_TcdSetMinorOffsetConfig), (168 bytes).
    Removing fsl_edma.o(i.EDMA_TcdSetModulo), (156 bytes).
    Removing fsl_edma.o(i.EDMA_TcdSetTransferConfig), (276 bytes).
    Removing fsl_edma.o(i.EnableGlobalIRQ), (10 bytes).
    Removing fsl_edma.o(i.Get_StartInstance), (28 bytes).
    Removing fsl_edma.o(.constdata), (40 bytes).
    Removing fsl_edma.o(.conststring), (245 bytes).
    Removing fsl_edma.o(.data), (1 bytes).
    Removing system_mk66f18.o(.rev16_text), (4 bytes).
    Removing system_mk66f18.o(.revsh_text), (4 bytes).
    Removing system_mk66f18.o(.rrx_text), (6 bytes).
    Removing system_mk66f18.o(i.SystemCoreClockUpdate), (560 bytes).
    Removing fsl_debug_console.o(.rev16_text), (4 bytes).
    Removing fsl_debug_console.o(.revsh_text), (4 bytes).
    Removing fsl_debug_console.o(.rrx_text), (6 bytes).
    Removing fsl_debug_console.o(i.DbgConsole_Deinit), (40 bytes).
    Removing fsl_debug_console.o(i.DbgConsole_Flush), (4 bytes).
    Removing fsl_debug_console.o(i.DbgConsole_Getchar), (18 bytes).
    Removing fsl_debug_console.o(i.DbgConsole_Putchar), (12 bytes).
    Removing fsl_debug_console.o(i.DbgConsole_ReadCharacter), (92 bytes).
    Removing fsl_debug_console.o(i.DbgConsole_ReadLine), (152 bytes).
    Removing fsl_debug_console.o(i.DbgConsole_ReadOneCharacter), (36 bytes).
    Removing fsl_debug_console.o(i.DbgConsole_Scanf), (52 bytes).
    Removing fsl_debug_console.o(i.DbgConsole_SendData), (144 bytes).
    Removing fsl_debug_console.o(i._sys_command_string), (2 bytes).
    Removing fsl_debug_console.o(i._sys_exit), (4 bytes).
    Removing fsl_debug_console.o(i._ttywrch), (18 bytes).
    Removing fsl_debug_console.o(i.fgetc), (16 bytes).
    Removing fsl_debug_console.o(i.fputc), (14 bytes).
    Removing fsl_str.o(.rev16_text), (4 bytes).
    Removing fsl_str.o(.revsh_text), (4 bytes).
    Removing fsl_str.o(.rrx_text), (6 bytes).
    Removing fsl_str.o(i.ScanIgnoreWhiteSpace), (50 bytes).
    Removing fsl_str.o(i.StrFormatScanf), (980 bytes).
    Removing fsl_assert.o(.rev16_text), (4 bytes).
    Removing fsl_assert.o(.revsh_text), (4 bytes).
    Removing fsl_assert.o(.rrx_text), (6 bytes).
    Removing uart_adapter.o(.rev16_text), (4 bytes).
    Removing uart_adapter.o(.revsh_text), (4 bytes).
    Removing uart_adapter.o(.rrx_text), (6 bytes).
    Removing uart_adapter.o(i.HAL_UartDeinit), (88 bytes).
    Removing uart_adapter.o(i.HAL_UartReceiveBlocking), (152 bytes).
    Removing serial_manager.o(.rev16_text), (4 bytes).
    Removing serial_manager.o(.revsh_text), (4 bytes).
    Removing serial_manager.o(.rrx_text), (6 bytes).
    Removing serial_manager.o(i.SerialManager_CloseReadHandle), (116 bytes).
    Removing serial_manager.o(i.SerialManager_CloseWriteHandle), (120 bytes).
    Removing serial_manager.o(i.SerialManager_Deinit), (124 bytes).
    Removing serial_manager.o(i.SerialManager_EnterLowpower), (88 bytes).
    Removing serial_manager.o(i.SerialManager_ExitLowpower), (88 bytes).
    Removing serial_manager.o(i.SerialManager_Read), (180 bytes).
    Removing serial_manager.o(i.SerialManager_ReadBlocking), (20 bytes).
    Removing serial_manager.o(i.SerialManager_StartReading), (54 bytes).
    Removing serial_port_uart.o(.rev16_text), (4 bytes).
    Removing serial_port_uart.o(.revsh_text), (4 bytes).
    Removing serial_port_uart.o(.rrx_text), (6 bytes).
    Removing serial_port_uart.o(i.Serial_UartDeinit), (96 bytes).
    Removing serial_port_uart.o(i.Serial_UartRead), (156 bytes).
    Removing generic_list.o(.rev16_text), (4 bytes).
    Removing generic_list.o(.revsh_text), (4 bytes).
    Removing generic_list.o(.rrx_text), (6 bytes).
    Removing generic_list.o(i.DisableGlobalIRQ), (12 bytes).
    Removing generic_list.o(i.EnableGlobalIRQ), (10 bytes).
    Removing generic_list.o(i.LIST_AddHead), (104 bytes).
    Removing generic_list.o(i.LIST_AddPrevElement), (126 bytes).
    Removing generic_list.o(i.LIST_AddTail), (104 bytes).
    Removing generic_list.o(i.LIST_GetAvailableSize), (10 bytes).
    Removing generic_list.o(i.LIST_GetHead), (6 bytes).
    Removing generic_list.o(i.LIST_GetList), (6 bytes).
    Removing generic_list.o(i.LIST_GetNext), (6 bytes).
    Removing generic_list.o(i.LIST_GetPrev), (6 bytes).
    Removing generic_list.o(i.LIST_GetSize), (6 bytes).
    Removing generic_list.o(i.LIST_Init), (12 bytes).
    Removing generic_list.o(i.LIST_RemoveElement), (84 bytes).
    Removing generic_list.o(i.LIST_RemoveHead), (68 bytes).
    Removing generic_list.o(i.LIST_Scan), (28 bytes).

467 unused section(s) (total 36832 bytes) removed from the image.

==============================================================================

Image Symbol Table

    Local Symbols

    Symbol Name                              Value     Ov Type        Size  Object(Section)

    RESET                                    0x00000000   Section     1024  startup_mk66f18.o(RESET)
    ../clib/microlib/division.c              0x00000000   Number         0  uldiv.o ABSOLUTE
    ../clib/microlib/init/entry.s            0x00000000   Number         0  entry11a.o ABSOLUTE
    ../clib/microlib/init/entry.s            0x00000000   Number         0  entry.o ABSOLUTE
    ../clib/microlib/init/entry.s            0x00000000   Number         0  entry9a.o ABSOLUTE
    ../clib/microlib/init/entry.s            0x00000000   Number         0  entry4.o ABSOLUTE
    ../clib/microlib/init/entry.s            0x00000000   Number         0  entry5.o ABSOLUTE
    ../clib/microlib/init/entry.s            0x00000000   Number         0  entry7a.o ABSOLUTE
    ../clib/microlib/init/entry.s            0x00000000   Number         0  entry7b.o ABSOLUTE
    ../clib/microlib/init/entry.s            0x00000000   Number         0  entry8a.o ABSOLUTE
    ../clib/microlib/init/entry.s            0x00000000   Number         0  entry8b.o ABSOLUTE
    ../clib/microlib/init/entry.s            0x00000000   Number         0  entry11b.o ABSOLUTE
    ../clib/microlib/init/entry.s            0x00000000   Number         0  entry9b.o ABSOLUTE
    ../clib/microlib/init/entry.s            0x00000000   Number         0  entry10a.o ABSOLUTE
    ../clib/microlib/init/entry.s            0x00000000   Number         0  entry10b.o ABSOLUTE
    ../clib/microlib/longlong.c              0x00000000   Number         0  llshl.o ABSOLUTE
    ../clib/microlib/longlong.c              0x00000000   Number         0  llushr.o ABSOLUTE
    ../clib/microlib/malloc/malloc.c         0x00000000   Number         0  malloc2.o ABSOLUTE
    ../clib/microlib/malloc/malloc.c         0x00000000   Number         0  mallocr2.o ABSOLUTE
    ../clib/microlib/malloc/malloc.c         0x00000000   Number         0  malloca2.o ABSOLUTE
    ../clib/microlib/malloc/malloc.c         0x00000000   Number         0  mallocra2.o ABSOLUTE
    ../clib/microlib/malloc/mvars.c          0x00000000   Number         0  mvars.o ABSOLUTE
    ../clib/microlib/string/memcpy.c         0x00000000   Number         0  memcpya.o ABSOLUTE
    ../clib/microlib/string/memcpy.c         0x00000000   Number         0  memcpyb.o ABSOLUTE
    ../clib/microlib/string/memset.c         0x00000000   Number         0  memseta.o ABSOLUTE
    ../clib/microlib/string/strlen.c         0x00000000   Number         0  strlen.o ABSOLUTE
    ..\\board\\board.c                       0x00000000   Number         0  board.o ABSOLUTE
    ..\\board\\clock_config.c                0x00000000   Number         0  clock_config.o ABSOLUTE
    ..\\board\\pin_mux.c                     0x00000000   Number         0  pin_mux.o ABSOLUTE
    ..\\components\\lists\\generic_list.c    0x00000000   Number         0  generic_list.o ABSOLUTE
    ..\\components\\serial_manager\\serial_manager.c 0x00000000   Number         0  serial_manager.o ABSOLUTE
    ..\\components\\serial_manager\\serial_port_uart.c 0x00000000   Number         0  serial_port_uart.o ABSOLUTE
    ..\\components\\uart\\uart_adapter.c     0x00000000   Number         0  uart_adapter.o ABSOLUTE
    ..\\drivers\\drivers\\fsl_clock.c        0x00000000   Number         0  fsl_clock.o ABSOLUTE
    ..\\drivers\\drivers\\fsl_common.c       0x00000000   Number         0  fsl_common.o ABSOLUTE
    ..\\drivers\\drivers\\fsl_dmamux.c       0x00000000   Number         0  fsl_dmamux.o ABSOLUTE
    ..\\drivers\\drivers\\fsl_edma.c         0x00000000   Number         0  fsl_edma.o ABSOLUTE
    ..\\drivers\\drivers\\fsl_ftfx_cache.c   0x00000000   Number         0  fsl_ftfx_cache.o ABSOLUTE
    ..\\drivers\\drivers\\fsl_ftfx_controller.c 0x00000000   Number         0  fsl_ftfx_controller.o ABSOLUTE
    ..\\drivers\\drivers\\fsl_ftfx_flash.c   0x00000000   Number         0  fsl_ftfx_flash.o ABSOLUTE
    ..\\drivers\\drivers\\fsl_ftfx_flexnvm.c 0x00000000   Number         0  fsl_ftfx_flexnvm.o ABSOLUTE
    ..\\drivers\\drivers\\fsl_ftm.c          0x00000000   Number         0  fsl_ftm.o ABSOLUTE
    ..\\drivers\\drivers\\fsl_gpio.c         0x00000000   Number         0  fsl_gpio.o ABSOLUTE
    ..\\drivers\\drivers\\fsl_lpuart.c       0x00000000   Number         0  fsl_lpuart.o ABSOLUTE
    ..\\drivers\\drivers\\fsl_pit.c          0x00000000   Number         0  fsl_pit.o ABSOLUTE
    ..\\drivers\\drivers\\fsl_smc.c          0x00000000   Number         0  fsl_smc.o ABSOLUTE
    ..\\drivers\\drivers\\fsl_uart.c         0x00000000   Number         0  fsl_uart.o ABSOLUTE
    ..\\source\\ADC\\K66ADC.c                0x00000000   Number         0  k66adc.o ABSOLUTE
    ..\\source\\COMPUTER\\computer.c         0x00000000   Number         0  computer.o ABSOLUTE
    ..\\source\\DELAY\\DELAY.c               0x00000000   Number         0  delay.o ABSOLUTE
    ..\\source\\DMA\\DMA.c                   0x00000000   Number         0  dma.o ABSOLUTE
    ..\\source\\INCAP\\INCAP.c               0x00000000   Number         0  incap.o ABSOLUTE
    ..\\source\\KEY\\KEY.c                   0x00000000   Number         0  key.o ABSOLUTE
    ..\\source\\LED\\LED.c                   0x00000000   Number         0  led.o ABSOLUTE
    ..\\source\\OV7725\\OV7725.c             0x00000000   Number         0  ov7725.o ABSOLUTE
    ..\\source\\PIT\\PIT.c                   0x00000000   Number         0  pit.o ABSOLUTE
    ..\\source\\PWM\\PWM.c                   0x00000000   Number         0  pwm.o ABSOLUTE
    ..\\source\\SCCB\\SCCB.c                 0x00000000   Number         0  sccb.o ABSOLUTE
    ..\\source\\UART\\UsART.c                0x00000000   Number         0  usart.o ABSOLUTE
    ..\\source\\main.c                       0x00000000   Number         0  main.o ABSOLUTE
    ..\\startup\\system_MK66F18.c            0x00000000   Number         0  system_mk66f18.o ABSOLUTE
    ..\\utilities\\debug_console\\fsl_debug_console.c 0x00000000   Number         0  fsl_debug_console.o ABSOLUTE
    ..\\utilities\\fsl_assert.c              0x00000000   Number         0  fsl_assert.o ABSOLUTE
    ..\\utilities\\str\\fsl_str.c            0x00000000   Number         0  fsl_str.o ABSOLUTE
    ..\board\board.c                         0x00000000   Number         0  board.o ABSOLUTE
    ..\board\clock_config.c                  0x00000000   Number         0  clock_config.o ABSOLUTE
    ..\board\pin_mux.c                       0x00000000   Number         0  pin_mux.o ABSOLUTE
    ..\components\lists\generic_list.c       0x00000000   Number         0  generic_list.o ABSOLUTE
    ..\components\serial_manager\serial_manager.c 0x00000000   Number         0  serial_manager.o ABSOLUTE
    ..\components\serial_manager\serial_port_uart.c 0x00000000   Number         0  serial_port_uart.o ABSOLUTE
    ..\components\uart\uart_adapter.c        0x00000000   Number         0  uart_adapter.o ABSOLUTE
    ..\drivers\arm\startup_MK66F18.s         0x00000000   Number         0  startup_mk66f18.o ABSOLUTE
    ..\drivers\drivers\fsl_clock.c           0x00000000   Number         0  fsl_clock.o ABSOLUTE
    ..\drivers\drivers\fsl_common.c          0x00000000   Number         0  fsl_common.o ABSOLUTE
    ..\drivers\drivers\fsl_dmamux.c          0x00000000   Number         0  fsl_dmamux.o ABSOLUTE
    ..\drivers\drivers\fsl_edma.c            0x00000000   Number         0  fsl_edma.o ABSOLUTE
    ..\drivers\drivers\fsl_ftfx_cache.c      0x00000000   Number         0  fsl_ftfx_cache.o ABSOLUTE
    ..\drivers\drivers\fsl_ftfx_controller.c 0x00000000   Number         0  fsl_ftfx_controller.o ABSOLUTE
    ..\drivers\drivers\fsl_ftfx_flash.c      0x00000000   Number         0  fsl_ftfx_flash.o ABSOLUTE
    ..\drivers\drivers\fsl_ftfx_flexnvm.c    0x00000000   Number         0  fsl_ftfx_flexnvm.o ABSOLUTE
    ..\drivers\drivers\fsl_ftm.c             0x00000000   Number         0  fsl_ftm.o ABSOLUTE
    ..\drivers\drivers\fsl_gpio.c            0x00000000   Number         0  fsl_gpio.o ABSOLUTE
    ..\drivers\drivers\fsl_lpuart.c          0x00000000   Number         0  fsl_lpuart.o ABSOLUTE
    ..\drivers\drivers\fsl_pit.c             0x00000000   Number         0  fsl_pit.o ABSOLUTE
    ..\drivers\drivers\fsl_smc.c             0x00000000   Number         0  fsl_smc.o ABSOLUTE
    ..\drivers\drivers\fsl_uart.c            0x00000000   Number         0  fsl_uart.o ABSOLUTE
    ..\source\ADC\K66ADC.c                   0x00000000   Number         0  k66adc.o ABSOLUTE
    ..\source\COMPUTER\computer.c            0x00000000   Number         0  computer.o ABSOLUTE
    ..\source\DELAY\DELAY.c                  0x00000000   Number         0  delay.o ABSOLUTE
    ..\source\DMA\DMA.c                      0x00000000   Number         0  dma.o ABSOLUTE
    ..\source\INCAP\INCAP.c                  0x00000000   Number         0  incap.o ABSOLUTE
    ..\source\KEY\KEY.c                      0x00000000   Number         0  key.o ABSOLUTE
    ..\source\LED\LED.c                      0x00000000   Number         0  led.o ABSOLUTE
    ..\source\OV7725\OV7725.c                0x00000000   Number         0  ov7725.o ABSOLUTE
    ..\source\PIT\PIT.c                      0x00000000   Number         0  pit.o ABSOLUTE
    ..\source\PWM\PWM.c                      0x00000000   Number         0  pwm.o ABSOLUTE
    ..\source\SCCB\SCCB.c                    0x00000000   Number         0  sccb.o ABSOLUTE
    ..\source\UART\UsART.c                   0x00000000   Number         0  usart.o ABSOLUTE
    ..\source\main.c                         0x00000000   Number         0  main.o ABSOLUTE
    ..\startup\system_MK66F18.c              0x00000000   Number         0  system_mk66f18.o ABSOLUTE
    ..\utilities\debug_console\fsl_debug_console.c 0x00000000   Number         0  fsl_debug_console.o ABSOLUTE
    ..\utilities\fsl_assert.c                0x00000000   Number         0  fsl_assert.o ABSOLUTE
    ..\utilities\str\fsl_str.c               0x00000000   Number         0  fsl_str.o ABSOLUTE
    dc.s                                     0x00000000   Number         0  dc.o ABSOLUTE
    handlers.s                               0x00000000   Number         0  handlers.o ABSOLUTE
    init.s                                   0x00000000   Number         0  init.o ABSOLUTE
    FlashConfig                              0x00000400   Section       16  startup_mk66f18.o(FlashConfig)
    .ARM.Collect$$$$00000000                 0x00000410   Section        0  entry.o(.ARM.Collect$$$$00000000)
    .ARM.Collect$$$$00000003                 0x00000410   Section        4  entry4.o(.ARM.Collect$$$$00000003)
    .ARM.Collect$$$$00000004                 0x00000414   Section        4  entry5.o(.ARM.Collect$$$$00000004)
    .ARM.Collect$$$$00000008                 0x00000418   Section        0  entry7b.o(.ARM.Collect$$$$00000008)
    .ARM.Collect$$$$0000000A                 0x00000418   Section        0  entry8b.o(.ARM.Collect$$$$0000000A)
    .ARM.Collect$$$$0000000B                 0x00000418   Section        8  entry9a.o(.ARM.Collect$$$$0000000B)
    .ARM.Collect$$$$0000000D                 0x00000420   Section        0  entry10a.o(.ARM.Collect$$$$0000000D)
    .ARM.Collect$$$$0000000F                 0x00000420   Section        0  entry11a.o(.ARM.Collect$$$$0000000F)
    .ARM.Collect$$$$00002714                 0x00000420   Section        4  entry4.o(.ARM.Collect$$$$00002714)
    __lit__00000000                          0x00000420   Data           4  entry4.o(.ARM.Collect$$$$00002714)
    .text                                    0x00000424   Section      500  startup_mk66f18.o(.text)
    $v0                                      0x00000424   Number         0  startup_mk66f18.o(.text)
    .text                                    0x00000618   Section        0  memseta.o(.text)
    .text                                    0x0000063c   Section        0  strlen.o(.text)
    .text                                    0x0000064c   Section       36  init.o(.text)
    i.BOARD_InitDebugConsole                 0x00000670   Section        0  board.o(i.BOARD_InitDebugConsole)
    i.BOARD_InitPins                         0x00000688   Section        0  pin_mux.o(i.BOARD_InitPins)
    i.CLOCK_BootToPeeMode                    0x00000708   Section        0  fsl_clock.o(i.CLOCK_BootToPeeMode)
    i.CLOCK_CONFIG_SetFllExtRefDiv           0x00000780   Section        0  clock_config.o(i.CLOCK_CONFIG_SetFllExtRefDiv)
    CLOCK_CONFIG_SetFllExtRefDiv             0x00000781   Thumb Code    14  clock_config.o(i.CLOCK_CONFIG_SetFllExtRefDiv)
    i.CLOCK_EnableClock                      0x00000794   Section        0  k66adc.o(i.CLOCK_EnableClock)
    CLOCK_EnableClock                        0x00000795   Thumb Code    18  k66adc.o(i.CLOCK_EnableClock)
    i.CLOCK_EnableClock                      0x000007ac   Section        0  pin_mux.o(i.CLOCK_EnableClock)
    CLOCK_EnableClock                        0x000007ad   Thumb Code    18  pin_mux.o(i.CLOCK_EnableClock)
    i.CLOCK_EnablePll0                       0x000007c4   Section        0  fsl_clock.o(i.CLOCK_EnablePll0)
    i.CLOCK_GetCoreSysClkFreq                0x00000840   Section        0  fsl_clock.o(i.CLOCK_GetCoreSysClkFreq)
    i.CLOCK_GetExtPllFreq                    0x0000085c   Section        0  fsl_clock.o(i.CLOCK_GetExtPllFreq)
    i.CLOCK_GetFllExtRefClkFreq              0x00000868   Section        0  fsl_clock.o(i.CLOCK_GetFllExtRefClkFreq)
    CLOCK_GetFllExtRefClkFreq                0x00000869   Thumb Code   108  fsl_clock.o(i.CLOCK_GetFllExtRefClkFreq)
    i.CLOCK_GetFllFreq                       0x000008d8   Section        0  fsl_clock.o(i.CLOCK_GetFllFreq)
    i.CLOCK_GetFllRefClkFreq                 0x00000924   Section        0  fsl_clock.o(i.CLOCK_GetFllRefClkFreq)
    CLOCK_GetFllRefClkFreq                   0x00000925   Thumb Code    24  fsl_clock.o(i.CLOCK_GetFllRefClkFreq)
    i.CLOCK_GetInternalRefClkSelectFreq      0x00000944   Section        0  fsl_clock.o(i.CLOCK_GetInternalRefClkSelectFreq)
    CLOCK_GetInternalRefClkSelectFreq        0x00000945   Thumb Code    32  fsl_clock.o(i.CLOCK_GetInternalRefClkSelectFreq)
    i.CLOCK_GetMcgExtClkFreq                 0x00000970   Section        0  fsl_clock.o(i.CLOCK_GetMcgExtClkFreq)
    CLOCK_GetMcgExtClkFreq                   0x00000971   Thumb Code    84  fsl_clock.o(i.CLOCK_GetMcgExtClkFreq)
    i.CLOCK_GetOscRangeFromFreq              0x00000a1c   Section        0  fsl_clock.o(i.CLOCK_GetOscRangeFromFreq)
    CLOCK_GetOscRangeFromFreq                0x00000a1d   Thumb Code    28  fsl_clock.o(i.CLOCK_GetOscRangeFromFreq)
    i.CLOCK_GetOutClkFreq                    0x00000a3c   Section        0  fsl_clock.o(i.CLOCK_GetOutClkFreq)
    i.CLOCK_GetPll0Freq                      0x00000a94   Section        0  fsl_clock.o(i.CLOCK_GetPll0Freq)
    i.CLOCK_GetPll0RefFreq                   0x00000b0c   Section        0  fsl_clock.o(i.CLOCK_GetPll0RefFreq)
    CLOCK_GetPll0RefFreq                     0x00000b0d   Thumb Code     8  fsl_clock.o(i.CLOCK_GetPll0RefFreq)
    i.CLOCK_InitOsc0                         0x00000b14   Section        0  fsl_clock.o(i.CLOCK_InitOsc0)
    i.CLOCK_SetExternalRefClkConfig          0x00000b88   Section        0  fsl_clock.o(i.CLOCK_SetExternalRefClkConfig)
    i.CLOCK_SetInternalRefClkConfig          0x00000bc4   Section        0  fsl_clock.o(i.CLOCK_SetInternalRefClkConfig)
    i.CLOCK_SetOutDiv                        0x00000c5c   Section        0  clock_config.o(i.CLOCK_SetOutDiv)
    CLOCK_SetOutDiv                          0x00000c5d   Thumb Code    46  clock_config.o(i.CLOCK_SetOutDiv)
    i.CLOCK_SetPbeMode                       0x00000c90   Section        0  fsl_clock.o(i.CLOCK_SetPbeMode)
    i.CLOCK_SetSimConfig                     0x00000d58   Section        0  fsl_clock.o(i.CLOCK_SetSimConfig)
    i.CLOCK_SetXtal0Freq                     0x00000da0   Section        0  clock_config.o(i.CLOCK_SetXtal0Freq)
    CLOCK_SetXtal0Freq                       0x00000da1   Thumb Code     6  clock_config.o(i.CLOCK_SetXtal0Freq)
    i.ConvertRadixNumToString                0x00000dac   Section        0  fsl_str.o(i.ConvertRadixNumToString)
    ConvertRadixNumToString                  0x00000dad   Thumb Code   168  fsl_str.o(i.ConvertRadixNumToString)
    i.DELAY_MS                               0x00000e54   Section        0  delay.o(i.DELAY_MS)
    i.DELAY_US                               0x00000e6c   Section        0  delay.o(i.DELAY_US)
    i.DMA0_DMA16_DriverIRQHandler            0x00000e80   Section        0  fsl_edma.o(i.DMA0_DMA16_DriverIRQHandler)
    i.DMA0_DMA16_IRQHandler                  0x00000ec8   Section        0  main.o(i.DMA0_DMA16_IRQHandler)
    i.DMA10_DMA26_DriverIRQHandler           0x00000ed0   Section        0  fsl_edma.o(i.DMA10_DMA26_DriverIRQHandler)
    i.DMA11_DMA27_DriverIRQHandler           0x00000f18   Section        0  fsl_edma.o(i.DMA11_DMA27_DriverIRQHandler)
    i.DMA12_DMA28_DriverIRQHandler           0x00000f60   Section        0  fsl_edma.o(i.DMA12_DMA28_DriverIRQHandler)
    i.DMA13_DMA29_DriverIRQHandler           0x00000fa8   Section        0  fsl_edma.o(i.DMA13_DMA29_DriverIRQHandler)
    i.DMA14_DMA30_DriverIRQHandler           0x00000ff0   Section        0  fsl_edma.o(i.DMA14_DMA30_DriverIRQHandler)
    i.DMA15_DMA31_DriverIRQHandler           0x00001038   Section        0  fsl_edma.o(i.DMA15_DMA31_DriverIRQHandler)
    i.DMA1_DMA17_DriverIRQHandler            0x00001080   Section        0  fsl_edma.o(i.DMA1_DMA17_DriverIRQHandler)
    i.DMA2_DMA18_DriverIRQHandler            0x000010c8   Section        0  fsl_edma.o(i.DMA2_DMA18_DriverIRQHandler)
    i.DMA3_DMA19_DriverIRQHandler            0x00001110   Section        0  fsl_edma.o(i.DMA3_DMA19_DriverIRQHandler)
    i.DMA4_DMA20_DriverIRQHandler            0x00001158   Section        0  fsl_edma.o(i.DMA4_DMA20_DriverIRQHandler)
    i.DMA5_DMA21_DriverIRQHandler            0x000011a0   Section        0  fsl_edma.o(i.DMA5_DMA21_DriverIRQHandler)
    i.DMA6_DMA22_DriverIRQHandler            0x000011e8   Section        0  fsl_edma.o(i.DMA6_DMA22_DriverIRQHandler)
    i.DMA7_DMA23_DriverIRQHandler            0x00001230   Section        0  fsl_edma.o(i.DMA7_DMA23_DriverIRQHandler)
    i.DMA8_DMA24_DriverIRQHandler            0x00001278   Section        0  fsl_edma.o(i.DMA8_DMA24_DriverIRQHandler)
    i.DMA9_DMA25_DriverIRQHandler            0x000012c0   Section        0  fsl_edma.o(i.DMA9_DMA25_DriverIRQHandler)
    i.DbgConsole_Init                        0x00001308   Section        0  fsl_debug_console.o(i.DbgConsole_Init)
    i.DbgConsole_PrintCallback               0x0000142c   Section        0  fsl_debug_console.o(i.DbgConsole_PrintCallback)
    DbgConsole_PrintCallback                 0x0000142d   Thumb Code    62  fsl_debug_console.o(i.DbgConsole_PrintCallback)
    i.DbgConsole_Printf                      0x0000146c   Section        0  fsl_debug_console.o(i.DbgConsole_Printf)
    i.DbgConsole_SendDataReliable            0x000014bc   Section        0  fsl_debug_console.o(i.DbgConsole_SendDataReliable)
    i.DisableIRQ                             0x0000154c   Section        0  ov7725.o(i.DisableIRQ)
    DisableIRQ                               0x0000154d   Thumb Code    74  ov7725.o(i.DisableIRQ)
    i.EDMA_ClearChannelStatusFlags           0x0000159c   Section        0  fsl_edma.o(i.EDMA_ClearChannelStatusFlags)
    i.EDMA_EnableChannelInterrupts           0x00001624   Section        0  fsl_edma.o(i.EDMA_EnableChannelInterrupts)
    i.EDMA_GetChannelStatusFlags             0x000016e0   Section        0  fsl_edma.o(i.EDMA_GetChannelStatusFlags)
    i.EDMA_HandleIRQ                         0x0000177c   Section        0  fsl_edma.o(i.EDMA_HandleIRQ)
    i.EnableIRQ                              0x00001880   Section        0  main.o(i.EnableIRQ)
    EnableIRQ                                0x00001881   Thumb Code    44  main.o(i.EnableIRQ)
    i.EnableIRQ                              0x000018ac   Section        0  ov7725.o(i.EnableIRQ)
    EnableIRQ                                0x000018ad   Thumb Code    44  ov7725.o(i.EnableIRQ)
    i.FTM1_IRQHandler                        0x000018d8   Section        0  incap.o(i.FTM1_IRQHandler)
    i.FTM_ClearStatusFlags                   0x00001900   Section        0  fsl_ftm.o(i.FTM_ClearStatusFlags)
    i.GPIO_PinInit                           0x00001934   Section        0  fsl_gpio.o(i.GPIO_PinInit)
    i.GPIO_PinRead                           0x000019b4   Section        0  sccb.o(i.GPIO_PinRead)
    GPIO_PinRead                             0x000019b5   Thumb Code    12  sccb.o(i.GPIO_PinRead)
    i.GPIO_PinWrite                          0x000019c0   Section        0  pit.o(i.GPIO_PinWrite)
    GPIO_PinWrite                            0x000019c1   Thumb Code    22  pit.o(i.GPIO_PinWrite)
    i.GPIO_PinWrite                          0x000019d6   Section        0  sccb.o(i.GPIO_PinWrite)
    GPIO_PinWrite                            0x000019d7   Thumb Code    22  sccb.o(i.GPIO_PinWrite)
    i.HAL_UartGetStatus                      0x000019ec   Section        0  uart_adapter.o(i.HAL_UartGetStatus)
    HAL_UartGetStatus                        0x000019ed   Thumb Code    14  uart_adapter.o(i.HAL_UartGetStatus)
    i.HAL_UartInit                           0x000019fc   Section        0  uart_adapter.o(i.HAL_UartInit)
    i.HAL_UartSendBlocking                   0x00001b38   Section        0  uart_adapter.o(i.HAL_UartSendBlocking)
    i.LPUART0_DriverIRQHandler               0x00001bcc   Section        0  fsl_lpuart.o(i.LPUART0_DriverIRQHandler)
    i.PIT0_IRQHandler                        0x00001bf8   Section        0  pit.o(i.PIT0_IRQHandler)
    i.PIT1_IRQHandler                        0x00001c54   Section        0  pit.o(i.PIT1_IRQHandler)
    i.PIT_ClearStatusFlags                   0x00001cb0   Section        0  pit.o(i.PIT_ClearStatusFlags)
    PIT_ClearStatusFlags                     0x00001cb1   Thumb Code    12  pit.o(i.PIT_ClearStatusFlags)
    i.PORTA_IRQHandler                       0x00001cbc   Section        0  main.o(i.PORTA_IRQHandler)
    i.PORT_SetMultipleInterruptPinsConfig    0x00001cec   Section        0  ov7725.o(i.PORT_SetMultipleInterruptPinsConfig)
    PORT_SetMultipleInterruptPinsConfig      0x00001ced   Thumb Code    54  ov7725.o(i.PORT_SetMultipleInterruptPinsConfig)
    i.PORT_SetMultiplePinsConfig             0x00001d4c   Section        0  ov7725.o(i.PORT_SetMultiplePinsConfig)
    PORT_SetMultiplePinsConfig               0x00001d4d   Thumb Code    58  ov7725.o(i.PORT_SetMultiplePinsConfig)
    i.PORT_SetMultiplePinsConfig             0x00001db0   Section        0  sccb.o(i.PORT_SetMultiplePinsConfig)
    PORT_SetMultiplePinsConfig               0x00001db1   Thumb Code    58  sccb.o(i.PORT_SetMultiplePinsConfig)
    i.PORT_SetPinMux                         0x00001e14   Section        0  k66adc.o(i.PORT_SetPinMux)
    PORT_SetPinMux                           0x00001e15   Thumb Code    14  k66adc.o(i.PORT_SetPinMux)
    i.PORT_SetPinMux                         0x00001e22   Section        0  ov7725.o(i.PORT_SetPinMux)
    PORT_SetPinMux                           0x00001e23   Thumb Code    14  ov7725.o(i.PORT_SetPinMux)
    i.PORT_SetPinMux                         0x00001e30   Section        0  sccb.o(i.PORT_SetPinMux)
    PORT_SetPinMux                           0x00001e31   Thumb Code    14  sccb.o(i.PORT_SetPinMux)
    i.PORT_SetPinMux                         0x00001e3e   Section        0  pin_mux.o(i.PORT_SetPinMux)
    PORT_SetPinMux                           0x00001e3f   Thumb Code    14  pin_mux.o(i.PORT_SetPinMux)
    i.SCCB_Ack                               0x00001e4c   Section        0  sccb.o(i.SCCB_Ack)
    SCCB_Ack                                 0x00001e4d   Thumb Code    76  sccb.o(i.SCCB_Ack)
    i.SCCB_GPIO_init                         0x00001e9c   Section        0  sccb.o(i.SCCB_GPIO_init)
    i.SCCB_NoAck                             0x00001f08   Section        0  sccb.o(i.SCCB_NoAck)
    SCCB_NoAck                               0x00001f09   Thumb Code    76  sccb.o(i.SCCB_NoAck)
    i.SCCB_ReadByte                          0x00001f58   Section        0  sccb.o(i.SCCB_ReadByte)
    i.SCCB_ReadByte_one                      0x00001f86   Section        0  sccb.o(i.SCCB_ReadByte_one)
    SCCB_ReadByte_one                        0x00001f87   Thumb Code   122  sccb.o(i.SCCB_ReadByte_one)
    i.SCCB_ReceiveByte                       0x00002000   Section        0  sccb.o(i.SCCB_ReceiveByte)
    SCCB_ReceiveByte                         0x00002001   Thumb Code    98  sccb.o(i.SCCB_ReceiveByte)
    i.SCCB_SendByte                          0x00002068   Section        0  sccb.o(i.SCCB_SendByte)
    SCCB_SendByte                            0x00002069   Thumb Code    88  sccb.o(i.SCCB_SendByte)
    i.SCCB_Start                             0x000020c4   Section        0  sccb.o(i.SCCB_Start)
    SCCB_Start                               0x000020c5   Thumb Code   114  sccb.o(i.SCCB_Start)
    i.SCCB_Stop                              0x0000213c   Section        0  sccb.o(i.SCCB_Stop)
    SCCB_Stop                                0x0000213d   Thumb Code    68  sccb.o(i.SCCB_Stop)
    i.SCCB_WaitAck                           0x00002184   Section        0  sccb.o(i.SCCB_WaitAck)
    SCCB_WaitAck                             0x00002185   Thumb Code    94  sccb.o(i.SCCB_WaitAck)
    i.SCCB_WriteByte                         0x000021e8   Section        0  sccb.o(i.SCCB_WriteByte)
    i.SCCB_WriteByte_one                     0x0000220e   Section        0  sccb.o(i.SCCB_WriteByte_one)
    SCCB_WriteByte_one                       0x0000220f   Thumb Code    64  sccb.o(i.SCCB_WriteByte_one)
    i.SCCB_delay                             0x0000224e   Section        0  sccb.o(i.SCCB_delay)
    SCCB_delay                               0x0000224f   Thumb Code    24  sccb.o(i.SCCB_delay)
    i.SDA_LOGIC_CHANGE                       0x00002268   Section        0  sccb.o(i.SDA_LOGIC_CHANGE)
    i.SMC_SetPowerModeHsrun                  0x00002298   Section        0  fsl_smc.o(i.SMC_SetPowerModeHsrun)
    i.SMC_SetPowerModeProtection             0x000022aa   Section        0  clock_config.o(i.SMC_SetPowerModeProtection)
    SMC_SetPowerModeProtection               0x000022ab   Thumb Code     4  clock_config.o(i.SMC_SetPowerModeProtection)
    i.SYSTICK_INIT                           0x000022b0   Section        0  delay.o(i.SYSTICK_INIT)
    i.SerialManager_Init                     0x00002304   Section        0  serial_manager.o(i.SerialManager_Init)
    i.SerialManager_OpenReadHandle           0x000023a8   Section        0  serial_manager.o(i.SerialManager_OpenReadHandle)
    i.SerialManager_OpenWriteHandle          0x00002438   Section        0  serial_manager.o(i.SerialManager_OpenWriteHandle)
    i.SerialManager_StartWriting             0x000024c4   Section        0  serial_manager.o(i.SerialManager_StartWriting)
    SerialManager_StartWriting               0x000024c5   Thumb Code    54  serial_manager.o(i.SerialManager_StartWriting)
    i.SerialManager_Write                    0x000024fc   Section        0  serial_manager.o(i.SerialManager_Write)
    SerialManager_Write                      0x000024fd   Thumb Code    96  serial_manager.o(i.SerialManager_Write)
    i.SerialManager_WriteBlocking            0x000025b0   Section        0  serial_manager.o(i.SerialManager_WriteBlocking)
    i.Serial_UartInit                        0x000025c4   Section        0  serial_port_uart.o(i.Serial_UartInit)
    i.Serial_UartWrite                       0x0000267c   Section        0  serial_port_uart.o(i.Serial_UartWrite)
    i.StrFormatPrintf                        0x00002718   Section        0  fsl_str.o(i.StrFormatPrintf)
    i.SysTick_Handler                        0x00002948   Section        0  delay.o(i.SysTick_Handler)
    i.SystemInit                             0x00002958   Section        0  system_mk66f18.o(i.SystemInit)
    i.SystemInitHook                         0x00002988   Section        0  system_mk66f18.o(i.SystemInitHook)
    i.UART0_DriverIRQHandler                 0x0000298c   Section        0  fsl_uart.o(i.UART0_DriverIRQHandler)
    i.UART0_RX_TX_DriverIRQHandler           0x000029b8   Section        0  fsl_uart.o(i.UART0_RX_TX_DriverIRQHandler)
    i.UART1_DriverIRQHandler                 0x000029d0   Section        0  fsl_uart.o(i.UART1_DriverIRQHandler)
    i.UART1_RX_TX_DriverIRQHandler           0x000029fc   Section        0  fsl_uart.o(i.UART1_RX_TX_DriverIRQHandler)
    i.UART2_DriverIRQHandler                 0x00002a14   Section        0  fsl_uart.o(i.UART2_DriverIRQHandler)
    i.UART2_RX_TX_DriverIRQHandler           0x00002a40   Section        0  fsl_uart.o(i.UART2_RX_TX_DriverIRQHandler)
    i.UART3_DriverIRQHandler                 0x00002a58   Section        0  fsl_uart.o(i.UART3_DriverIRQHandler)
    i.UART3_RX_TX_DriverIRQHandler           0x00002a84   Section        0  fsl_uart.o(i.UART3_RX_TX_DriverIRQHandler)
    i.UART4_DriverIRQHandler                 0x00002a9c   Section        0  fsl_uart.o(i.UART4_DriverIRQHandler)
    i.UART4_RX_TX_DriverIRQHandler           0x00002ac8   Section        0  fsl_uart.o(i.UART4_RX_TX_DriverIRQHandler)
    i.UART_GetDefaultConfig                  0x00002ae0   Section        0  fsl_uart.o(i.UART_GetDefaultConfig)
    i.UART_GetInstance                       0x00002b48   Section        0  fsl_uart.o(i.UART_GetInstance)
    i.UART_Init                              0x00002bbc   Section        0  fsl_uart.o(i.UART_Init)
    i.UART_WriteBlocking                     0x00002e68   Section        0  fsl_uart.o(i.UART_WriteBlocking)
    i.__aeabi_assert                         0x00002e88   Section        0  fsl_assert.o(i.__aeabi_assert)
    i.__scatterload_copy                     0x00002ecc   Section       14  handlers.o(i.__scatterload_copy)
    i.__scatterload_null                     0x00002eda   Section        2  handlers.o(i.__scatterload_null)
    i.__scatterload_zeroinit                 0x00002edc   Section       14  handlers.o(i.__scatterload_zeroinit)
    i.adc_init                               0x00002eec   Section        0  k66adc.o(i.adc_init)
    i.board_clock_init                       0x00002f4c   Section        0  clock_config.o(i.board_clock_init)
    i.dma_gpio_input_init                    0x00002fc8   Section        0  dma.o(i.dma_gpio_input_init)
    dma_gpio_input_init                      0x00002fc9   Thumb Code   122  dma.o(i.dma_gpio_input_init)
    i.dma_portx2buff_init                    0x00003074   Section        0  dma.o(i.dma_portx2buff_init)
    i.main                                   0x000030f8   Section        0  main.o(i.main)
    i.ov7725_eagle_dma                       0x00003150   Section        0  ov7725.o(i.ov7725_eagle_dma)
    i.ov7725_eagle_init                      0x0000316c   Section        0  ov7725.o(i.ov7725_eagle_init)
    i.ov7725_eagle_port_init                 0x0000318c   Section        0  ov7725.o(i.ov7725_eagle_port_init)
    ov7725_eagle_port_init                   0x0000318d   Thumb Code   184  ov7725.o(i.ov7725_eagle_port_init)
    i.ov7725_eagle_reg_init                  0x00003254   Section        0  ov7725.o(i.ov7725_eagle_reg_init)
    ov7725_eagle_reg_init                    0x00003255   Thumb Code   156  ov7725.o(i.ov7725_eagle_reg_init)
    i.ov7725_eagle_vsync                     0x000033a4   Section        0  ov7725.o(i.ov7725_eagle_vsync)
    .constdata                               0x000033e4   Section        4  main.o(.constdata)
    .constdata                               0x000033e8   Section      112  clock_config.o(.constdata)
    .constdata                               0x00003458   Section       96  fsl_clock.o(.constdata)
    mcgModeMatrix                            0x00003458   Data          64  fsl_clock.o(.constdata)
    fllFactorTable                           0x00003498   Data          16  fsl_clock.o(.constdata)
    trimRange                                0x000034a8   Data          16  fsl_clock.o(.constdata)
    .constdata                               0x000034b8   Section       48  fsl_uart.o(.constdata)
    s_uartBases                              0x000034b8   Data          20  fsl_uart.o(.constdata)
    s_uartIRQ                                0x000034cc   Data           5  fsl_uart.o(.constdata)
    s_uartClock                              0x000034d4   Data          20  fsl_uart.o(.constdata)
    .constdata                               0x000034e8   Section       16  fsl_debug_console.o(.constdata)
    .constdata                               0x000034f8   Section       20  uart_adapter.o(.constdata)
    s_UartAdapterBase                        0x000034f8   Data          20  uart_adapter.o(.constdata)
    .conststring                             0x0000350c   Section       69  uart_adapter.o(.conststring)
    .data                                    0x20000000   Section        4  pit.o(.data)
    .data                                    0x20000004   Section        4  delay.o(.data)
    .data                                    0x20000008   Section        8  incap.o(.data)
    .data                                    0x20000010   Section      104  ov7725.o(.data)
    .data                                    0x20000078   Section       20  fsl_clock.o(.data)
    s_slowIrcFreq                            0x20000078   Data           4  fsl_clock.o(.data)
    s_fastIrcFreq                            0x2000007c   Data           4  fsl_clock.o(.data)
    s_extPllFreq                             0x20000080   Data           4  fsl_clock.o(.data)
    .data                                    0x2000008c   Section        4  fsl_uart.o(.data)
    s_uartIsr                                0x2000008c   Data           4  fsl_uart.o(.data)
    .data                                    0x20000090   Section        8  fsl_lpuart.o(.data)
    s_lpuartHandle                           0x20000090   Data           4  fsl_lpuart.o(.data)
    s_lpuartIsr                              0x20000094   Data           4  fsl_lpuart.o(.data)
    .data                                    0x20000098   Section        4  system_mk66f18.o(.data)
    .data                                    0x2000009c   Section       16  fsl_debug_console.o(.data)
    s_debugConsoleReadWaitSemaphore          0x2000009c   Data           1  fsl_debug_console.o(.data)
    .bss                                     0x200000ac   Section     5400  main.o(.bss)
    .bss                                     0x200015c4   Section       20  fsl_uart.o(.bss)
    s_uartHandle                             0x200015c4   Data          20  fsl_uart.o(.bss)
    .bss                                     0x200015d8   Section      128  fsl_edma.o(.bss)
    s_EDMAHandle                             0x200015d8   Data         128  fsl_edma.o(.bss)
    .bss                                     0x20001658   Section       28  fsl_debug_console.o(.bss)
    s_debugConsoleState                      0x20001658   Data          28  fsl_debug_console.o(.bss)

    Global Symbols

    Symbol Name                              Value     Ov Type        Size  Object(Section)

    BuildAttributes$$THM_ISAv4$E$P$D$K$B$S$7EM$VFPi3$EXTD16$VFPS$VFMA$PE$A:L22UL41UL21$X:L11$S22US41US21$IEEE1$IW$USESV6$~STKCKD$USESV7$~SHL$OSPACE$EBA8$MICROLIB$REQ8$PRES8$EABIv2 0x00000000   Number         0  anon$$obj.o ABSOLUTE
    __ARM_use_no_argv                        0x00000000   Number         0  main.o ABSOLUTE
    __Vectors                                0x00000000   Data           4  startup_mk66f18.o(RESET)
    __cpp_initialize__aeabi_                  - Undefined Weak Reference
    __cxa_finalize                            - Undefined Weak Reference
    __decompress                              - Undefined Weak Reference
    _clock_init                               - Undefined Weak Reference
    _microlib_exit                            - Undefined Weak Reference
    __Vectors_End                            0x00000400   Data           0  startup_mk66f18.o(RESET)
    __Vectors_Size                           0x00000400   Number         0  startup_mk66f18.o ABSOLUTE
    __main                                   0x00000411   Thumb Code     0  entry.o(.ARM.Collect$$$$00000000)
    _main_stk                                0x00000411   Thumb Code     0  entry4.o(.ARM.Collect$$$$00000003)
    _main_scatterload                        0x00000415   Thumb Code     0  entry5.o(.ARM.Collect$$$$00000004)
    __main_after_scatterload                 0x00000419   Thumb Code     0  entry5.o(.ARM.Collect$$$$00000004)
    _main_clock                              0x00000419   Thumb Code     0  entry7b.o(.ARM.Collect$$$$00000008)
    _main_cpp_init                           0x00000419   Thumb Code     0  entry8b.o(.ARM.Collect$$$$0000000A)
    _main_init                               0x00000419   Thumb Code     0  entry9a.o(.ARM.Collect$$$$0000000B)
    __rt_final_cpp                           0x00000421   Thumb Code     0  entry10a.o(.ARM.Collect$$$$0000000D)
    __rt_final_exit                          0x00000421   Thumb Code     0  entry11a.o(.ARM.Collect$$$$0000000F)
    Reset_Handler                            0x00000425   Thumb Code    24  startup_mk66f18.o(.text)
    NMI_Handler                              0x0000043d   Thumb Code     2  startup_mk66f18.o(.text)
    HardFault_Handler                        0x0000043f   Thumb Code     2  startup_mk66f18.o(.text)
    MemManage_Handler                        0x00000441   Thumb Code     2  startup_mk66f18.o(.text)
    BusFault_Handler                         0x00000443   Thumb Code     2  startup_mk66f18.o(.text)
    UsageFault_Handler                       0x00000445   Thumb Code     2  startup_mk66f18.o(.text)
    SVC_Handler                              0x00000447   Thumb Code     2  startup_mk66f18.o(.text)
    DebugMon_Handler                         0x00000449   Thumb Code     2  startup_mk66f18.o(.text)
    PendSV_Handler                           0x0000044b   Thumb Code     2  startup_mk66f18.o(.text)
    DMA1_DMA17_IRQHandler                    0x00000453   Thumb Code     4  startup_mk66f18.o(.text)
    DMA2_DMA18_IRQHandler                    0x00000457   Thumb Code     4  startup_mk66f18.o(.text)
    DMA3_DMA19_IRQHandler                    0x0000045b   Thumb Code     4  startup_mk66f18.o(.text)
    DMA4_DMA20_IRQHandler                    0x0000045f   Thumb Code     4  startup_mk66f18.o(.text)
    DMA5_DMA21_IRQHandler                    0x00000463   Thumb Code     4  startup_mk66f18.o(.text)
    DMA6_DMA22_IRQHandler                    0x00000467   Thumb Code     4  startup_mk66f18.o(.text)
    DMA7_DMA23_IRQHandler                    0x0000046b   Thumb Code     4  startup_mk66f18.o(.text)
    DMA8_DMA24_IRQHandler                    0x0000046f   Thumb Code     4  startup_mk66f18.o(.text)
    DMA9_DMA25_IRQHandler                    0x00000473   Thumb Code     4  startup_mk66f18.o(.text)
    DMA10_DMA26_IRQHandler                   0x00000477   Thumb Code     4  startup_mk66f18.o(.text)
    DMA11_DMA27_IRQHandler                   0x0000047b   Thumb Code     4  startup_mk66f18.o(.text)
    DMA12_DMA28_IRQHandler                   0x0000047f   Thumb Code     4  startup_mk66f18.o(.text)
    DMA13_DMA29_IRQHandler                   0x00000483   Thumb Code     4  startup_mk66f18.o(.text)
    DMA14_DMA30_IRQHandler                   0x00000487   Thumb Code     4  startup_mk66f18.o(.text)
    DMA15_DMA31_IRQHandler                   0x0000048b   Thumb Code     4  startup_mk66f18.o(.text)
    DMA_Error_IRQHandler                     0x0000048f   Thumb Code     4  startup_mk66f18.o(.text)
    I2C0_IRQHandler                          0x00000493   Thumb Code     4  startup_mk66f18.o(.text)
    I2C1_IRQHandler                          0x00000497   Thumb Code     4  startup_mk66f18.o(.text)
    SPI0_IRQHandler                          0x0000049b   Thumb Code     4  startup_mk66f18.o(.text)
    SPI1_IRQHandler                          0x0000049f   Thumb Code     4  startup_mk66f18.o(.text)
    I2S0_Tx_IRQHandler                       0x000004a3   Thumb Code     4  startup_mk66f18.o(.text)
    I2S0_Rx_IRQHandler                       0x000004a7   Thumb Code     4  startup_mk66f18.o(.text)
    UART0_RX_TX_IRQHandler                   0x000004ab   Thumb Code     4  startup_mk66f18.o(.text)
    UART0_ERR_IRQHandler                     0x000004af   Thumb Code     4  startup_mk66f18.o(.text)
    UART1_RX_TX_IRQHandler                   0x000004b3   Thumb Code     4  startup_mk66f18.o(.text)
    UART1_ERR_IRQHandler                     0x000004b7   Thumb Code     4  startup_mk66f18.o(.text)
    UART2_RX_TX_IRQHandler                   0x000004bb   Thumb Code     4  startup_mk66f18.o(.text)
    UART2_ERR_IRQHandler                     0x000004bf   Thumb Code     4  startup_mk66f18.o(.text)
    UART3_RX_TX_IRQHandler                   0x000004c3   Thumb Code     4  startup_mk66f18.o(.text)
    UART3_ERR_IRQHandler                     0x000004c7   Thumb Code     4  startup_mk66f18.o(.text)
    SPI2_IRQHandler                          0x000004cb   Thumb Code     4  startup_mk66f18.o(.text)
    UART4_RX_TX_IRQHandler                   0x000004cf   Thumb Code     4  startup_mk66f18.o(.text)
    UART4_ERR_IRQHandler                     0x000004d3   Thumb Code     4  startup_mk66f18.o(.text)
    I2C2_IRQHandler                          0x000004d7   Thumb Code     4  startup_mk66f18.o(.text)
    CAN0_ORed_Message_buffer_IRQHandler      0x000004db   Thumb Code     4  startup_mk66f18.o(.text)
    CAN0_Bus_Off_IRQHandler                  0x000004df   Thumb Code     4  startup_mk66f18.o(.text)
    CAN0_Error_IRQHandler                    0x000004e3   Thumb Code     4  startup_mk66f18.o(.text)
    CAN0_Tx_Warning_IRQHandler               0x000004e7   Thumb Code     4  startup_mk66f18.o(.text)
    CAN0_Rx_Warning_IRQHandler               0x000004eb   Thumb Code     4  startup_mk66f18.o(.text)
    CAN0_Wake_Up_IRQHandler                  0x000004ef   Thumb Code     4  startup_mk66f18.o(.text)
    SDHC_IRQHandler                          0x000004f3   Thumb Code     4  startup_mk66f18.o(.text)
    ENET_1588_Timer_IRQHandler               0x000004f7   Thumb Code     4  startup_mk66f18.o(.text)
    ENET_Transmit_IRQHandler                 0x000004fb   Thumb Code     4  startup_mk66f18.o(.text)
    ENET_Receive_IRQHandler                  0x000004ff   Thumb Code     4  startup_mk66f18.o(.text)
    ENET_Error_IRQHandler                    0x00000503   Thumb Code     4  startup_mk66f18.o(.text)
    LPUART0_IRQHandler                       0x00000507   Thumb Code     4  startup_mk66f18.o(.text)
    I2C3_IRQHandler                          0x0000050b   Thumb Code     4  startup_mk66f18.o(.text)
    CAN1_ORed_Message_buffer_IRQHandler      0x0000050f   Thumb Code     4  startup_mk66f18.o(.text)
    CAN1_Bus_Off_IRQHandler                  0x00000513   Thumb Code     4  startup_mk66f18.o(.text)
    CAN1_Error_IRQHandler                    0x00000517   Thumb Code     4  startup_mk66f18.o(.text)
    CAN1_Tx_Warning_IRQHandler               0x0000051b   Thumb Code     4  startup_mk66f18.o(.text)
    CAN1_Rx_Warning_IRQHandler               0x0000051f   Thumb Code     4  startup_mk66f18.o(.text)
    CAN1_Wake_Up_IRQHandler                  0x00000523   Thumb Code     4  startup_mk66f18.o(.text)
    ADC0_IRQHandler                          0x00000527   Thumb Code     0  startup_mk66f18.o(.text)
    ADC1_IRQHandler                          0x00000527   Thumb Code     0  startup_mk66f18.o(.text)
    CAN0_DriverIRQHandler                    0x00000527   Thumb Code     0  startup_mk66f18.o(.text)
    CAN1_DriverIRQHandler                    0x00000527   Thumb Code     0  startup_mk66f18.o(.text)
    CMP0_IRQHandler                          0x00000527   Thumb Code     0  startup_mk66f18.o(.text)
    CMP1_IRQHandler                          0x00000527   Thumb Code     0  startup_mk66f18.o(.text)
    CMP2_IRQHandler                          0x00000527   Thumb Code     0  startup_mk66f18.o(.text)
    CMP3_IRQHandler                          0x00000527   Thumb Code     0  startup_mk66f18.o(.text)
    CMT_IRQHandler                           0x00000527   Thumb Code     0  startup_mk66f18.o(.text)
    DAC0_IRQHandler                          0x00000527   Thumb Code     0  startup_mk66f18.o(.text)
    DAC1_IRQHandler                          0x00000527   Thumb Code     0  startup_mk66f18.o(.text)
    DMA_Error_DriverIRQHandler               0x00000527   Thumb Code     0  startup_mk66f18.o(.text)
    DefaultISR                               0x00000527   Thumb Code     0  startup_mk66f18.o(.text)
    ENET_1588_Timer_DriverIRQHandler         0x00000527   Thumb Code     0  startup_mk66f18.o(.text)
    ENET_Error_DriverIRQHandler              0x00000527   Thumb Code     0  startup_mk66f18.o(.text)
    ENET_Receive_DriverIRQHandler            0x00000527   Thumb Code     0  startup_mk66f18.o(.text)
    ENET_Transmit_DriverIRQHandler           0x00000527   Thumb Code     0  startup_mk66f18.o(.text)
    FTFE_IRQHandler                          0x00000527   Thumb Code     0  startup_mk66f18.o(.text)
    FTM0_IRQHandler                          0x00000527   Thumb Code     0  startup_mk66f18.o(.text)
    FTM2_IRQHandler                          0x00000527   Thumb Code     0  startup_mk66f18.o(.text)
    FTM3_IRQHandler                          0x00000527   Thumb Code     0  startup_mk66f18.o(.text)
    I2C0_DriverIRQHandler                    0x00000527   Thumb Code     0  startup_mk66f18.o(.text)
    I2C1_DriverIRQHandler                    0x00000527   Thumb Code     0  startup_mk66f18.o(.text)
    I2C2_DriverIRQHandler                    0x00000527   Thumb Code     0  startup_mk66f18.o(.text)
    I2C3_DriverIRQHandler                    0x00000527   Thumb Code     0  startup_mk66f18.o(.text)
    I2S0_Rx_DriverIRQHandler                 0x00000527   Thumb Code     0  startup_mk66f18.o(.text)
    I2S0_Tx_DriverIRQHandler                 0x00000527   Thumb Code     0  startup_mk66f18.o(.text)
    LLWU_IRQHandler                          0x00000527   Thumb Code     0  startup_mk66f18.o(.text)
    LPTMR0_IRQHandler                        0x00000527   Thumb Code     0  startup_mk66f18.o(.text)
    LVD_LVW_IRQHandler                       0x00000527   Thumb Code     0  startup_mk66f18.o(.text)
    MCG_IRQHandler                           0x00000527   Thumb Code     0  startup_mk66f18.o(.text)
    MCM_IRQHandler                           0x00000527   Thumb Code     0  startup_mk66f18.o(.text)
    PDB0_IRQHandler                          0x00000527   Thumb Code     0  startup_mk66f18.o(.text)
    PIT2_IRQHandler                          0x00000527   Thumb Code     0  startup_mk66f18.o(.text)
    PIT3_IRQHandler                          0x00000527   Thumb Code     0  startup_mk66f18.o(.text)
    PORTB_IRQHandler                         0x00000527   Thumb Code     0  startup_mk66f18.o(.text)
    PORTC_IRQHandler                         0x00000527   Thumb Code     0  startup_mk66f18.o(.text)
    PORTD_IRQHandler                         0x00000527   Thumb Code     0  startup_mk66f18.o(.text)
    PORTE_IRQHandler                         0x00000527   Thumb Code     0  startup_mk66f18.o(.text)
    RNG_IRQHandler                           0x00000527   Thumb Code     0  startup_mk66f18.o(.text)
    RTC_IRQHandler                           0x00000527   Thumb Code     0  startup_mk66f18.o(.text)
    RTC_Seconds_IRQHandler                   0x00000527   Thumb Code     0  startup_mk66f18.o(.text)
    Read_Collision_IRQHandler                0x00000527   Thumb Code     0  startup_mk66f18.o(.text)
    Reserved46_IRQHandler                    0x00000527   Thumb Code     0  startup_mk66f18.o(.text)
    Reserved71_IRQHandler                    0x00000527   Thumb Code     0  startup_mk66f18.o(.text)
    Reserved84_IRQHandler                    0x00000527   Thumb Code     0  startup_mk66f18.o(.text)
    Reserved85_IRQHandler                    0x00000527   Thumb Code     0  startup_mk66f18.o(.text)
    SDHC_DriverIRQHandler                    0x00000527   Thumb Code     0  startup_mk66f18.o(.text)
    SPI0_DriverIRQHandler                    0x00000527   Thumb Code     0  startup_mk66f18.o(.text)
    SPI1_DriverIRQHandler                    0x00000527   Thumb Code     0  startup_mk66f18.o(.text)
    SPI2_DriverIRQHandler                    0x00000527   Thumb Code     0  startup_mk66f18.o(.text)
    SWI_IRQHandler                           0x00000527   Thumb Code     0  startup_mk66f18.o(.text)
    TPM1_IRQHandler                          0x00000527   Thumb Code     0  startup_mk66f18.o(.text)
    TPM2_IRQHandler                          0x00000527   Thumb Code     0  startup_mk66f18.o(.text)
    TSI0_IRQHandler                          0x00000527   Thumb Code     0  startup_mk66f18.o(.text)
    UART0_ERR_DriverIRQHandler               0x00000527   Thumb Code     0  startup_mk66f18.o(.text)
    UART1_ERR_DriverIRQHandler               0x00000527   Thumb Code     0  startup_mk66f18.o(.text)
    UART2_ERR_DriverIRQHandler               0x00000527   Thumb Code     0  startup_mk66f18.o(.text)
    UART3_ERR_DriverIRQHandler               0x00000527   Thumb Code     0  startup_mk66f18.o(.text)
    UART4_ERR_DriverIRQHandler               0x00000527   Thumb Code     0  startup_mk66f18.o(.text)
    USB0_IRQHandler                          0x00000527   Thumb Code     0  startup_mk66f18.o(.text)
    USBDCD_IRQHandler                        0x00000527   Thumb Code     0  startup_mk66f18.o(.text)
    USBHSDCD_IRQHandler                      0x00000527   Thumb Code     0  startup_mk66f18.o(.text)
    USBHS_IRQHandler                         0x00000527   Thumb Code     0  startup_mk66f18.o(.text)
    WDOG_EWM_IRQHandler                      0x00000527   Thumb Code     0  startup_mk66f18.o(.text)
    __aeabi_memset                           0x00000619   Thumb Code    14  memseta.o(.text)
    __aeabi_memset4                          0x00000619   Thumb Code     0  memseta.o(.text)
    __aeabi_memset8                          0x00000619   Thumb Code     0  memseta.o(.text)
    __aeabi_memclr                           0x00000627   Thumb Code     4  memseta.o(.text)
    __aeabi_memclr4                          0x00000627   Thumb Code     0  memseta.o(.text)
    __aeabi_memclr8                          0x00000627   Thumb Code     0  memseta.o(.text)
    _memset$wrapper                          0x0000062b   Thumb Code    18  memseta.o(.text)
    strlen                                   0x0000063d   Thumb Code    14  strlen.o(.text)
    __scatterload                            0x0000064d   Thumb Code    28  init.o(.text)
    __scatterload_rt2                        0x0000064d   Thumb Code     0  init.o(.text)
    BOARD_InitDebugConsole                   0x00000671   Thumb Code    24  board.o(i.BOARD_InitDebugConsole)
    BOARD_InitPins                           0x00000689   Thumb Code   102  pin_mux.o(i.BOARD_InitPins)
    CLOCK_BootToPeeMode                      0x00000709   Thumb Code    74  fsl_clock.o(i.CLOCK_BootToPeeMode)
    CLOCK_EnablePll0                         0x000007c5   Thumb Code    78  fsl_clock.o(i.CLOCK_EnablePll0)
    CLOCK_GetCoreSysClkFreq                  0x00000841   Thumb Code    22  fsl_clock.o(i.CLOCK_GetCoreSysClkFreq)
    CLOCK_GetExtPllFreq                      0x0000085d   Thumb Code     6  fsl_clock.o(i.CLOCK_GetExtPllFreq)
    CLOCK_GetFllFreq                         0x000008d9   Thumb Code    66  fsl_clock.o(i.CLOCK_GetFllFreq)
    CLOCK_GetOutClkFreq                      0x00000a3d   Thumb Code    84  fsl_clock.o(i.CLOCK_GetOutClkFreq)
    CLOCK_GetPll0Freq                        0x00000a95   Thumb Code    70  fsl_clock.o(i.CLOCK_GetPll0Freq)
    CLOCK_InitOsc0                           0x00000b15   Thumb Code   108  fsl_clock.o(i.CLOCK_InitOsc0)
    CLOCK_SetExternalRefClkConfig            0x00000b89   Thumb Code    56  fsl_clock.o(i.CLOCK_SetExternalRefClkConfig)
    CLOCK_SetInternalRefClkConfig            0x00000bc5   Thumb Code   148  fsl_clock.o(i.CLOCK_SetInternalRefClkConfig)
    CLOCK_SetPbeMode                         0x00000c91   Thumb Code   156  fsl_clock.o(i.CLOCK_SetPbeMode)
    CLOCK_SetSimConfig                       0x00000d59   Thumb Code    62  fsl_clock.o(i.CLOCK_SetSimConfig)
    DELAY_MS                                 0x00000e55   Thumb Code    22  delay.o(i.DELAY_MS)
    DELAY_US                                 0x00000e6d   Thumb Code    16  delay.o(i.DELAY_US)
    DMA0_DMA16_DriverIRQHandler              0x00000e81   Thumb Code    64  fsl_edma.o(i.DMA0_DMA16_DriverIRQHandler)
    DMA0_DMA16_IRQHandler                    0x00000ec9   Thumb Code     8  main.o(i.DMA0_DMA16_IRQHandler)
    DMA10_DMA26_DriverIRQHandler             0x00000ed1   Thumb Code    64  fsl_edma.o(i.DMA10_DMA26_DriverIRQHandler)
    DMA11_DMA27_DriverIRQHandler             0x00000f19   Thumb Code    64  fsl_edma.o(i.DMA11_DMA27_DriverIRQHandler)
    DMA12_DMA28_DriverIRQHandler             0x00000f61   Thumb Code    64  fsl_edma.o(i.DMA12_DMA28_DriverIRQHandler)
    DMA13_DMA29_DriverIRQHandler             0x00000fa9   Thumb Code    64  fsl_edma.o(i.DMA13_DMA29_DriverIRQHandler)
    DMA14_DMA30_DriverIRQHandler             0x00000ff1   Thumb Code    64  fsl_edma.o(i.DMA14_DMA30_DriverIRQHandler)
    DMA15_DMA31_DriverIRQHandler             0x00001039   Thumb Code    64  fsl_edma.o(i.DMA15_DMA31_DriverIRQHandler)
    DMA1_DMA17_DriverIRQHandler              0x00001081   Thumb Code    64  fsl_edma.o(i.DMA1_DMA17_DriverIRQHandler)
    DMA2_DMA18_DriverIRQHandler              0x000010c9   Thumb Code    64  fsl_edma.o(i.DMA2_DMA18_DriverIRQHandler)
    DMA3_DMA19_DriverIRQHandler              0x00001111   Thumb Code    64  fsl_edma.o(i.DMA3_DMA19_DriverIRQHandler)
    DMA4_DMA20_DriverIRQHandler              0x00001159   Thumb Code    64  fsl_edma.o(i.DMA4_DMA20_DriverIRQHandler)
    DMA5_DMA21_DriverIRQHandler              0x000011a1   Thumb Code    64  fsl_edma.o(i.DMA5_DMA21_DriverIRQHandler)
    DMA6_DMA22_DriverIRQHandler              0x000011e9   Thumb Code    64  fsl_edma.o(i.DMA6_DMA22_DriverIRQHandler)
    DMA7_DMA23_DriverIRQHandler              0x00001231   Thumb Code    64  fsl_edma.o(i.DMA7_DMA23_DriverIRQHandler)
    DMA8_DMA24_DriverIRQHandler              0x00001279   Thumb Code    64  fsl_edma.o(i.DMA8_DMA24_DriverIRQHandler)
    DMA9_DMA25_DriverIRQHandler              0x000012c1   Thumb Code    64  fsl_edma.o(i.DMA9_DMA25_DriverIRQHandler)
    DbgConsole_Init                          0x00001309   Thumb Code   190  fsl_debug_console.o(i.DbgConsole_Init)
    DbgConsole_Printf                        0x0000146d   Thumb Code    70  fsl_debug_console.o(i.DbgConsole_Printf)
    DbgConsole_SendDataReliable              0x000014bd   Thumb Code    66  fsl_debug_console.o(i.DbgConsole_SendDataReliable)
    EDMA_ClearChannelStatusFlags             0x0000159d   Thumb Code    52  fsl_edma.o(i.EDMA_ClearChannelStatusFlags)
    EDMA_EnableChannelInterrupts             0x00001625   Thumb Code   104  fsl_edma.o(i.EDMA_EnableChannelInterrupts)
    EDMA_GetChannelStatusFlags               0x000016e1   Thumb Code    70  fsl_edma.o(i.EDMA_GetChannelStatusFlags)
    EDMA_HandleIRQ                           0x0000177d   Thumb Code   210  fsl_edma.o(i.EDMA_HandleIRQ)
    FTM1_IRQHandler                          0x000018d9   Thumb Code    32  incap.o(i.FTM1_IRQHandler)
    FTM_ClearStatusFlags                     0x00001901   Thumb Code    52  fsl_ftm.o(i.FTM_ClearStatusFlags)
    GPIO_PinInit                             0x00001935   Thumb Code    80  fsl_gpio.o(i.GPIO_PinInit)
    HAL_UartInit                             0x000019fd   Thumb Code   220  uart_adapter.o(i.HAL_UartInit)
    HAL_UartSendBlocking                     0x00001b39   Thumb Code    82  uart_adapter.o(i.HAL_UartSendBlocking)
    LPUART0_DriverIRQHandler                 0x00001bcd   Thumb Code    32  fsl_lpuart.o(i.LPUART0_DriverIRQHandler)
    PIT0_IRQHandler                          0x00001bf9   Thumb Code    78  pit.o(i.PIT0_IRQHandler)
    PIT1_IRQHandler                          0x00001c55   Thumb Code    78  pit.o(i.PIT1_IRQHandler)
    PORTA_IRQHandler                         0x00001cbd   Thumb Code    44  main.o(i.PORTA_IRQHandler)
    SCCB_GPIO_init                           0x00001e9d   Thumb Code    98  sccb.o(i.SCCB_GPIO_init)
    SCCB_ReadByte                            0x00001f59   Thumb Code    46  sccb.o(i.SCCB_ReadByte)
    SCCB_WriteByte                           0x000021e9   Thumb Code    38  sccb.o(i.SCCB_WriteByte)
    SDA_LOGIC_CHANGE                         0x00002269   Thumb Code    44  sccb.o(i.SDA_LOGIC_CHANGE)
    SMC_SetPowerModeHsrun                    0x00002299   Thumb Code    18  fsl_smc.o(i.SMC_SetPowerModeHsrun)
    SYSTICK_INIT                             0x000022b1   Thumb Code    74  delay.o(i.SYSTICK_INIT)
    SerialManager_Init                       0x00002305   Thumb Code    90  serial_manager.o(i.SerialManager_Init)
    SerialManager_OpenReadHandle             0x000023a9   Thumb Code    68  serial_manager.o(i.SerialManager_OpenReadHandle)
    SerialManager_OpenWriteHandle            0x00002439   Thumb Code    62  serial_manager.o(i.SerialManager_OpenWriteHandle)
    SerialManager_WriteBlocking              0x000025b1   Thumb Code    20  serial_manager.o(i.SerialManager_WriteBlocking)
    Serial_UartInit                          0x000025c5   Thumb Code   102  serial_port_uart.o(i.Serial_UartInit)
    Serial_UartWrite                         0x0000267d   Thumb Code    74  serial_port_uart.o(i.Serial_UartWrite)
    StrFormatPrintf                          0x00002719   Thumb Code   558  fsl_str.o(i.StrFormatPrintf)
    SysTick_Handler                          0x00002949   Thumb Code    12  delay.o(i.SysTick_Handler)
    SystemInit                               0x00002959   Thumb Code    40  system_mk66f18.o(i.SystemInit)
    SystemInitHook                           0x00002989   Thumb Code     2  system_mk66f18.o(i.SystemInitHook)
    UART0_DriverIRQHandler                   0x0000298d   Thumb Code    32  fsl_uart.o(i.UART0_DriverIRQHandler)
    UART0_RX_TX_DriverIRQHandler             0x000029b9   Thumb Code    24  fsl_uart.o(i.UART0_RX_TX_DriverIRQHandler)
    UART1_DriverIRQHandler                   0x000029d1   Thumb Code    32  fsl_uart.o(i.UART1_DriverIRQHandler)
    UART1_RX_TX_DriverIRQHandler             0x000029fd   Thumb Code    24  fsl_uart.o(i.UART1_RX_TX_DriverIRQHandler)
    UART2_DriverIRQHandler                   0x00002a15   Thumb Code    32  fsl_uart.o(i.UART2_DriverIRQHandler)
    UART2_RX_TX_DriverIRQHandler             0x00002a41   Thumb Code    24  fsl_uart.o(i.UART2_RX_TX_DriverIRQHandler)
    UART3_DriverIRQHandler                   0x00002a59   Thumb Code    32  fsl_uart.o(i.UART3_DriverIRQHandler)
    UART3_RX_TX_DriverIRQHandler             0x00002a85   Thumb Code    24  fsl_uart.o(i.UART3_RX_TX_DriverIRQHandler)
    UART4_DriverIRQHandler                   0x00002a9d   Thumb Code    32  fsl_uart.o(i.UART4_DriverIRQHandler)
    UART4_RX_TX_DriverIRQHandler             0x00002ac9   Thumb Code    24  fsl_uart.o(i.UART4_RX_TX_DriverIRQHandler)
    UART_GetDefaultConfig                    0x00002ae1   Thumb Code    62  fsl_uart.o(i.UART_GetDefaultConfig)
    UART_GetInstance                         0x00002b49   Thumb Code    50  fsl_uart.o(i.UART_GetInstance)
    UART_Init                                0x00002bbd   Thumb Code   464  fsl_uart.o(i.UART_Init)
    UART_WriteBlocking                       0x00002e69   Thumb Code    32  fsl_uart.o(i.UART_WriteBlocking)
    __aeabi_assert                           0x00002e89   Thumb Code    24  fsl_assert.o(i.__aeabi_assert)
    __scatterload_copy                       0x00002ecd   Thumb Code    14  handlers.o(i.__scatterload_copy)
    __scatterload_null                       0x00002edb   Thumb Code     2  handlers.o(i.__scatterload_null)
    __scatterload_zeroinit                   0x00002edd   Thumb Code    14  handlers.o(i.__scatterload_zeroinit)
    adc_init                                 0x00002eed   Thumb Code    76  k66adc.o(i.adc_init)
    board_clock_init                         0x00002f4d   Thumb Code   100  clock_config.o(i.board_clock_init)
    dma_portx2buff_init                      0x00003075   Thumb Code   118  dma.o(i.dma_portx2buff_init)
    main                                     0x000030f9   Thumb Code    62  main.o(i.main)
    ov7725_eagle_dma                         0x00003151   Thumb Code    20  ov7725.o(i.ov7725_eagle_dma)
    ov7725_eagle_init                        0x0000316d   Thumb Code    26  ov7725.o(i.ov7725_eagle_init)
    ov7725_eagle_vsync                       0x000033a5   Thumb Code    54  ov7725.o(i.ov7725_eagle_vsync)
    mcgConfig_BOARD_BootClockHSRUN           0x000033e8   Data          12  clock_config.o(.constdata)
    simConfig_BOARD_BootClockHSRUN           0x000033f4   Data           8  clock_config.o(.constdata)
    oscConfig_BOARD_BootClockHSRUN           0x000033fc   Data           8  clock_config.o(.constdata)
    mcgConfig_BOARD_BootClockVLPR            0x00003404   Data          12  clock_config.o(.constdata)
    simConfig_BOARD_BootClockVLPR            0x00003410   Data           8  clock_config.o(.constdata)
    oscConfig_BOARD_BootClockVLPR            0x00003418   Data           8  clock_config.o(.constdata)
    mcgConfig_BOARD_BootClockRUN             0x00003420   Data          12  clock_config.o(.constdata)
    simConfig_BOARD_BootClockRUN             0x0000342c   Data           8  clock_config.o(.constdata)
    oscConfig_BOARD_BootClockRUN             0x00003434   Data           8  clock_config.o(.constdata)
    SW_mcgConfig_BOARD_BootClockHSRUN        0x0000343c   Data          12  clock_config.o(.constdata)
    SW_simConfig_BOARD_BootClockHSRUN        0x00003448   Data           8  clock_config.o(.constdata)
    SW_oscConfig_BOARD_BootClockHSRUN        0x00003450   Data           8  clock_config.o(.constdata)
    Region$$Table$$Base                      0x00003554   Number         0  anon$$obj.o(Region$$Table)
    Region$$Table$$Limit                     0x00003574   Number         0  anon$$obj.o(Region$$Table)
    PIT_COUNT0                               0x20000000   Data           2  pit.o(.data)
    PIT_COUNT1                               0x20000002   Data           2  pit.o(.data)
    SystickTimeCount                         0x20000004   Data           4  delay.o(.data)
    i                                        0x20000008   Data           1  incap.o(.data)
    count                                    0x2000000c   Data           4  incap.o(.data)
    ov7725_eagle_img_buff                    0x20000010   Data           4  ov7725.o(.data)
    ov7725_eagle_img_flag                    0x20000014   Data           1  ov7725.o(.data)
    ov7725_eagle_reg                         0x20000015   Data          98  ov7725.o(.data)
    ov7725_eagle_cfgnum                      0x20000077   Data           1  ov7725.o(.data)
    g_xtal0Freq                              0x20000084   Data           4  fsl_clock.o(.data)
    g_xtal32Freq                             0x20000088   Data           4  fsl_clock.o(.data)
    SystemCoreClock                          0x20000098   Data           4  system_mk66f18.o(.data)
    g_serialHandle                           0x200000a0   Data           4  fsl_debug_console.o(.data)
    __stdout                                 0x200000a4   Data           4  fsl_debug_console.o(.data)
    __stdin                                  0x200000a8   Data           4  fsl_debug_console.o(.data)
    imgbuff                                  0x200000ac   Data         600  main.o(.bss)
    img                                      0x20000304   Data        4800  main.o(.bss)
    Image$$ARM_LIB_HEAP$$ZI$$Base            0x20001674   Number         0  anon$$obj.o ABSOLUTE
    Image$$ARM_LIB_HEAP$$ZI$$Limit           0x20001a74   Number         0  anon$$obj.o ABSOLUTE
    Image$$ARM_LIB_STACK$$ZI$$Limit          0x20030000   Number         0  anon$$obj.o ABSOLUTE



==============================================================================

Memory Map of the image

  Image Entry point : 0x00000411

  Load Region LR_m_text (Base: 0x00000000, Size: 0x00003620, Max: 0x00100000, ABSOLUTE)

    Execution Region VECTOR_ROM (Exec base: 0x00000000, Load base: 0x00000000, Size: 0x00000400, Max: 0x00000400, ABSOLUTE)

    Exec Addr    Load Addr    Size         Type   Attr      Idx    E Section Name        Object

    0x00000000   0x00000000   0x00000400   Data   RO         3800    RESET               startup_mk66f18.o


    Execution Region ER_m_flash_config (Exec base: 0x00000400, Load base: 0x00000400, Size: 0x00000010, Max: 0x00000010, ABSOLUTE, FIXED)

    Exec Addr    Load Addr    Size         Type   Attr      Idx    E Section Name        Object

    0x00000400   0x00000400   0x00000010   Data   RO         3801    FlashConfig         startup_mk66f18.o


    Execution Region ER_m_text (Exec base: 0x00000410, Load base: 0x00000410, Size: 0x00003164, Max: 0x000ffbf0, ABSOLUTE)

    Exec Addr    Load Addr    Size         Type   Attr      Idx    E Section Name        Object

    0x00000410   0x00000410   0x00000000   Code   RO         3806  * .ARM.Collect$$$$00000000  mc_w.l(entry.o)
    0x00000410   0x00000410   0x00000004   Code   RO         3847    .ARM.Collect$$$$00000003  mc_w.l(entry4.o)
    0x00000414   0x00000414   0x00000004   Code   RO         3850    .ARM.Collect$$$$00000004  mc_w.l(entry5.o)
    0x00000418   0x00000418   0x00000000   Code   RO         3852    .ARM.Collect$$$$00000008  mc_w.l(entry7b.o)
    0x00000418   0x00000418   0x00000000   Code   RO         3854    .ARM.Collect$$$$0000000A  mc_w.l(entry8b.o)
    0x00000418   0x00000418   0x00000008   Code   RO         3855    .ARM.Collect$$$$0000000B  mc_w.l(entry9a.o)
    0x00000420   0x00000420   0x00000000   Code   RO         3857    .ARM.Collect$$$$0000000D  mc_w.l(entry10a.o)
    0x00000420   0x00000420   0x00000000   Code   RO         3859    .ARM.Collect$$$$0000000F  mc_w.l(entry11a.o)
    0x00000420   0x00000420   0x00000004   Code   RO         3848    .ARM.Collect$$$$00002714  mc_w.l(entry4.o)
    0x00000424   0x00000424   0x000001f4   Code   RO         3802    .text               startup_mk66f18.o
    0x00000618   0x00000618   0x00000024   Code   RO         3813    .text               mc_w.l(memseta.o)
    0x0000063c   0x0000063c   0x0000000e   Code   RO         3815    .text               mc_w.l(strlen.o)
    0x0000064a   0x0000064a   0x00000002   PAD
    0x0000064c   0x0000064c   0x00000024   Code   RO         3867    .text               mc_w.l(init.o)
    0x00000670   0x00000670   0x00000018   Code   RO          920    i.BOARD_InitDebugConsole  board.o
    0x00000688   0x00000688   0x00000080   Code   RO         1020    i.BOARD_InitPins    pin_mux.o
    0x00000708   0x00000708   0x00000078   Code   RO         1109    i.CLOCK_BootToPeeMode  fsl_clock.o
    0x00000780   0x00000780   0x00000014   Code   RO          947    i.CLOCK_CONFIG_SetFllExtRefDiv  clock_config.o
    0x00000794   0x00000794   0x00000018   Code   RO          542    i.CLOCK_EnableClock  k66adc.o
    0x000007ac   0x000007ac   0x00000018   Code   RO         1021    i.CLOCK_EnableClock  pin_mux.o
    0x000007c4   0x000007c4   0x0000007c   Code   RO         1116    i.CLOCK_EnablePll0  fsl_clock.o
    0x00000840   0x00000840   0x0000001c   Code   RO         1124    i.CLOCK_GetCoreSysClkFreq  fsl_clock.o
    0x0000085c   0x0000085c   0x0000000c   Code   RO         1126    i.CLOCK_GetExtPllFreq  fsl_clock.o
    0x00000868   0x00000868   0x00000070   Code   RO         1130    i.CLOCK_GetFllExtRefClkFreq  fsl_clock.o
    0x000008d8   0x000008d8   0x0000004c   Code   RO         1131    i.CLOCK_GetFllFreq  fsl_clock.o
    0x00000924   0x00000924   0x00000020   Code   RO         1132    i.CLOCK_GetFllRefClkFreq  fsl_clock.o
    0x00000944   0x00000944   0x0000002c   Code   RO         1135    i.CLOCK_GetInternalRefClkSelectFreq  fsl_clock.o
    0x00000970   0x00000970   0x000000ac   Code   RO         1136    i.CLOCK_GetMcgExtClkFreq  fsl_clock.o
    0x00000a1c   0x00000a1c   0x00000020   Code   RO         1141    i.CLOCK_GetOscRangeFromFreq  fsl_clock.o
    0x00000a3c   0x00000a3c   0x00000058   Code   RO         1142    i.CLOCK_GetOutClkFreq  fsl_clock.o
    0x00000a94   0x00000a94   0x00000078   Code   RO         1144    i.CLOCK_GetPll0Freq  fsl_clock.o
    0x00000b0c   0x00000b0c   0x00000008   Code   RO         1145    i.CLOCK_GetPll0RefFreq  fsl_clock.o
    0x00000b14   0x00000b14   0x00000074   Code   RO         1148    i.CLOCK_InitOsc0    fsl_clock.o
    0x00000b88   0x00000b88   0x0000003c   Code   RO         1154    i.CLOCK_SetExternalRefClkConfig  fsl_clock.o
    0x00000bc4   0x00000bc4   0x00000098   Code   RO         1159    i.CLOCK_SetInternalRefClkConfig  fsl_clock.o
    0x00000c5c   0x00000c5c   0x00000034   Code   RO          948    i.CLOCK_SetOutDiv   clock_config.o
    0x00000c90   0x00000c90   0x000000c8   Code   RO         1162    i.CLOCK_SetPbeMode  fsl_clock.o
    0x00000d58   0x00000d58   0x00000048   Code   RO         1167    i.CLOCK_SetSimConfig  fsl_clock.o
    0x00000da0   0x00000da0   0x0000000c   Code   RO          949    i.CLOCK_SetXtal0Freq  clock_config.o
    0x00000dac   0x00000dac   0x000000a8   Code   RO         3428    i.ConvertRadixNumToString  fsl_str.o
    0x00000e54   0x00000e54   0x00000016   Code   RO          446    i.DELAY_MS          delay.o
    0x00000e6a   0x00000e6a   0x00000002   PAD
    0x00000e6c   0x00000e6c   0x00000014   Code   RO          447    i.DELAY_US          delay.o
    0x00000e80   0x00000e80   0x00000048   Code   RO         2897    i.DMA0_DMA16_DriverIRQHandler  fsl_edma.o
    0x00000ec8   0x00000ec8   0x00000008   Code   RO            6    i.DMA0_DMA16_IRQHandler  main.o
    0x00000ed0   0x00000ed0   0x00000048   Code   RO         2898    i.DMA10_DMA26_DriverIRQHandler  fsl_edma.o
    0x00000f18   0x00000f18   0x00000048   Code   RO         2899    i.DMA11_DMA27_DriverIRQHandler  fsl_edma.o
    0x00000f60   0x00000f60   0x00000048   Code   RO         2900    i.DMA12_DMA28_DriverIRQHandler  fsl_edma.o
    0x00000fa8   0x00000fa8   0x00000048   Code   RO         2901    i.DMA13_DMA29_DriverIRQHandler  fsl_edma.o
    0x00000ff0   0x00000ff0   0x00000048   Code   RO         2902    i.DMA14_DMA30_DriverIRQHandler  fsl_edma.o
    0x00001038   0x00001038   0x00000048   Code   RO         2903    i.DMA15_DMA31_DriverIRQHandler  fsl_edma.o
    0x00001080   0x00001080   0x00000048   Code   RO         2904    i.DMA1_DMA17_DriverIRQHandler  fsl_edma.o
    0x000010c8   0x000010c8   0x00000048   Code   RO         2905    i.DMA2_DMA18_DriverIRQHandler  fsl_edma.o
    0x00001110   0x00001110   0x00000048   Code   RO         2906    i.DMA3_DMA19_DriverIRQHandler  fsl_edma.o
    0x00001158   0x00001158   0x00000048   Code   RO         2907    i.DMA4_DMA20_DriverIRQHandler  fsl_edma.o
    0x000011a0   0x000011a0   0x00000048   Code   RO         2908    i.DMA5_DMA21_DriverIRQHandler  fsl_edma.o
    0x000011e8   0x000011e8   0x00000048   Code   RO         2909    i.DMA6_DMA22_DriverIRQHandler  fsl_edma.o
    0x00001230   0x00001230   0x00000048   Code   RO         2910    i.DMA7_DMA23_DriverIRQHandler  fsl_edma.o
    0x00001278   0x00001278   0x00000048   Code   RO         2911    i.DMA8_DMA24_DriverIRQHandler  fsl_edma.o
    0x000012c0   0x000012c0   0x00000048   Code   RO         2912    i.DMA9_DMA25_DriverIRQHandler  fsl_edma.o
    0x00001308   0x00001308   0x00000124   Code   RO         3276    i.DbgConsole_Init   fsl_debug_console.o
    0x0000142c   0x0000142c   0x0000003e   Code   RO         3277    i.DbgConsole_PrintCallback  fsl_debug_console.o
    0x0000146a   0x0000146a   0x00000002   PAD
    0x0000146c   0x0000146c   0x00000050   Code   RO         3278    i.DbgConsole_Printf  fsl_debug_console.o
    0x000014bc   0x000014bc   0x00000090   Code   RO         3285    i.DbgConsole_SendDataReliable  fsl_debug_console.o
    0x0000154c   0x0000154c   0x00000050   Code   RO          602    i.DisableIRQ        ov7725.o
    0x0000159c   0x0000159c   0x00000088   Code   RO         2915    i.EDMA_ClearChannelStatusFlags  fsl_edma.o
    0x00001624   0x00001624   0x000000bc   Code   RO         2919    i.EDMA_EnableChannelInterrupts  fsl_edma.o
    0x000016e0   0x000016e0   0x0000009c   Code   RO         2920    i.EDMA_GetChannelStatusFlags  fsl_edma.o
    0x0000177c   0x0000177c   0x00000104   Code   RO         2924    i.EDMA_HandleIRQ    fsl_edma.o
    0x00001880   0x00001880   0x0000002c   Code   RO            7    i.EnableIRQ         main.o
    0x000018ac   0x000018ac   0x0000002c   Code   RO          603    i.EnableIRQ         ov7725.o
    0x000018d8   0x000018d8   0x00000028   Code   RO          496    i.FTM1_IRQHandler   incap.o
    0x00001900   0x00001900   0x00000034   Code   RO         2673    i.FTM_ClearStatusFlags  fsl_ftm.o
    0x00001934   0x00001934   0x00000080   Code   RO         1060    i.GPIO_PinInit      fsl_gpio.o
    0x000019b4   0x000019b4   0x0000000c   Code   RO          704    i.GPIO_PinRead      sccb.o
    0x000019c0   0x000019c0   0x00000016   Code   RO          304    i.GPIO_PinWrite     pit.o
    0x000019d6   0x000019d6   0x00000016   Code   RO          705    i.GPIO_PinWrite     sccb.o
    0x000019ec   0x000019ec   0x0000000e   Code   RO         3497    i.HAL_UartGetStatus  uart_adapter.o
    0x000019fa   0x000019fa   0x00000002   PAD
    0x000019fc   0x000019fc   0x0000013c   Code   RO         3498    i.HAL_UartInit      uart_adapter.o
    0x00001b38   0x00001b38   0x00000094   Code   RO         3500    i.HAL_UartSendBlocking  uart_adapter.o
    0x00001bcc   0x00001bcc   0x0000002c   Code   RO         2362    i.LPUART0_DriverIRQHandler  fsl_lpuart.o
    0x00001bf8   0x00001bf8   0x0000005c   Code   RO          305    i.PIT0_IRQHandler   pit.o
    0x00001c54   0x00001c54   0x0000005c   Code   RO          306    i.PIT1_IRQHandler   pit.o
    0x00001cb0   0x00001cb0   0x0000000c   Code   RO          307    i.PIT_ClearStatusFlags  pit.o
    0x00001cbc   0x00001cbc   0x00000030   Code   RO            8    i.PORTA_IRQHandler  main.o
    0x00001cec   0x00001cec   0x00000060   Code   RO          604    i.PORT_SetMultipleInterruptPinsConfig  ov7725.o
    0x00001d4c   0x00001d4c   0x00000064   Code   RO          605    i.PORT_SetMultiplePinsConfig  ov7725.o
    0x00001db0   0x00001db0   0x00000064   Code   RO          706    i.PORT_SetMultiplePinsConfig  sccb.o
    0x00001e14   0x00001e14   0x0000000e   Code   RO          543    i.PORT_SetPinMux    k66adc.o
    0x00001e22   0x00001e22   0x0000000e   Code   RO          606    i.PORT_SetPinMux    ov7725.o
    0x00001e30   0x00001e30   0x0000000e   Code   RO          707    i.PORT_SetPinMux    sccb.o
    0x00001e3e   0x00001e3e   0x0000000e   Code   RO         1022    i.PORT_SetPinMux    pin_mux.o
    0x00001e4c   0x00001e4c   0x00000050   Code   RO          708    i.SCCB_Ack          sccb.o
    0x00001e9c   0x00001e9c   0x0000006c   Code   RO          709    i.SCCB_GPIO_init    sccb.o
    0x00001f08   0x00001f08   0x00000050   Code   RO          710    i.SCCB_NoAck        sccb.o
    0x00001f58   0x00001f58   0x0000002e   Code   RO          711    i.SCCB_ReadByte     sccb.o
    0x00001f86   0x00001f86   0x0000007a   Code   RO          712    i.SCCB_ReadByte_one  sccb.o
    0x00002000   0x00002000   0x00000068   Code   RO          713    i.SCCB_ReceiveByte  sccb.o
    0x00002068   0x00002068   0x0000005c   Code   RO          714    i.SCCB_SendByte     sccb.o
    0x000020c4   0x000020c4   0x00000078   Code   RO          715    i.SCCB_Start        sccb.o
    0x0000213c   0x0000213c   0x00000048   Code   RO          716    i.SCCB_Stop         sccb.o
    0x00002184   0x00002184   0x00000064   Code   RO          717    i.SCCB_WaitAck      sccb.o
    0x000021e8   0x000021e8   0x00000026   Code   RO          718    i.SCCB_WriteByte    sccb.o
    0x0000220e   0x0000220e   0x00000040   Code   RO          719    i.SCCB_WriteByte_one  sccb.o
    0x0000224e   0x0000224e   0x00000018   Code   RO          720    i.SCCB_delay        sccb.o
    0x00002266   0x00002266   0x00000002   PAD
    0x00002268   0x00002268   0x00000030   Code   RO          721    i.SDA_LOGIC_CHANGE  sccb.o
    0x00002298   0x00002298   0x00000012   Code   RO         2558    i.SMC_SetPowerModeHsrun  fsl_smc.o
    0x000022aa   0x000022aa   0x00000004   Code   RO          950    i.SMC_SetPowerModeProtection  clock_config.o
    0x000022ae   0x000022ae   0x00000002   PAD
    0x000022b0   0x000022b0   0x00000054   Code   RO          448    i.SYSTICK_INIT      delay.o
    0x00002304   0x00002304   0x000000a4   Code   RO         3554    i.SerialManager_Init  serial_manager.o
    0x000023a8   0x000023a8   0x00000090   Code   RO         3555    i.SerialManager_OpenReadHandle  serial_manager.o
    0x00002438   0x00002438   0x0000008c   Code   RO         3556    i.SerialManager_OpenWriteHandle  serial_manager.o
    0x000024c4   0x000024c4   0x00000036   Code   RO         3560    i.SerialManager_StartWriting  serial_manager.o
    0x000024fa   0x000024fa   0x00000002   PAD
    0x000024fc   0x000024fc   0x000000b4   Code   RO         3561    i.SerialManager_Write  serial_manager.o
    0x000025b0   0x000025b0   0x00000014   Code   RO         3562    i.SerialManager_WriteBlocking  serial_manager.o
    0x000025c4   0x000025c4   0x000000b8   Code   RO         3651    i.Serial_UartInit   serial_port_uart.o
    0x0000267c   0x0000267c   0x0000009c   Code   RO         3653    i.Serial_UartWrite  serial_port_uart.o
    0x00002718   0x00002718   0x0000022e   Code   RO         3430    i.StrFormatPrintf   fsl_str.o
    0x00002946   0x00002946   0x00000002   PAD
    0x00002948   0x00002948   0x00000010   Code   RO          449    i.SysTick_Handler   delay.o
    0x00002958   0x00002958   0x00000030   Code   RO         3232    i.SystemInit        system_mk66f18.o
    0x00002988   0x00002988   0x00000002   Code   RO         3233    i.SystemInitHook    system_mk66f18.o
    0x0000298a   0x0000298a   0x00000002   PAD
    0x0000298c   0x0000298c   0x0000002c   Code   RO         2117    i.UART0_DriverIRQHandler  fsl_uart.o
    0x000029b8   0x000029b8   0x00000018   Code   RO         2118    i.UART0_RX_TX_DriverIRQHandler  fsl_uart.o
    0x000029d0   0x000029d0   0x0000002c   Code   RO         2119    i.UART1_DriverIRQHandler  fsl_uart.o
    0x000029fc   0x000029fc   0x00000018   Code   RO         2120    i.UART1_RX_TX_DriverIRQHandler  fsl_uart.o
    0x00002a14   0x00002a14   0x0000002c   Code   RO         2121    i.UART2_DriverIRQHandler  fsl_uart.o
    0x00002a40   0x00002a40   0x00000018   Code   RO         2122    i.UART2_RX_TX_DriverIRQHandler  fsl_uart.o
    0x00002a58   0x00002a58   0x0000002c   Code   RO         2123    i.UART3_DriverIRQHandler  fsl_uart.o
    0x00002a84   0x00002a84   0x00000018   Code   RO         2124    i.UART3_RX_TX_DriverIRQHandler  fsl_uart.o
    0x00002a9c   0x00002a9c   0x0000002c   Code   RO         2125    i.UART4_DriverIRQHandler  fsl_uart.o
    0x00002ac8   0x00002ac8   0x00000018   Code   RO         2126    i.UART4_RX_TX_DriverIRQHandler  fsl_uart.o
    0x00002ae0   0x00002ae0   0x00000068   Code   RO         2131    i.UART_GetDefaultConfig  fsl_uart.o
    0x00002b48   0x00002b48   0x00000074   Code   RO         2133    i.UART_GetInstance  fsl_uart.o
    0x00002bbc   0x00002bbc   0x000002ac   Code   RO         2135    i.UART_Init         fsl_uart.o
    0x00002e68   0x00002e68   0x00000020   Code   RO         2152    i.UART_WriteBlocking  fsl_uart.o
    0x00002e88   0x00002e88   0x00000044   Code   RO         3472    i.__aeabi_assert    fsl_assert.o
    0x00002ecc   0x00002ecc   0x0000000e   Code   RO         3871    i.__scatterload_copy  mc_w.l(handlers.o)
    0x00002eda   0x00002eda   0x00000002   Code   RO         3872    i.__scatterload_null  mc_w.l(handlers.o)
    0x00002edc   0x00002edc   0x0000000e   Code   RO         3873    i.__scatterload_zeroinit  mc_w.l(handlers.o)
    0x00002eea   0x00002eea   0x00000002   PAD
    0x00002eec   0x00002eec   0x00000060   Code   RO          544    i.adc_init          k66adc.o
    0x00002f4c   0x00002f4c   0x0000007c   Code   RO          951    i.board_clock_init  clock_config.o
    0x00002fc8   0x00002fc8   0x000000ac   Code   RO          822    i.dma_gpio_input_init  dma.o
    0x00003074   0x00003074   0x00000084   Code   RO          823    i.dma_portx2buff_init  dma.o
    0x000030f8   0x000030f8   0x00000058   Code   RO            9    i.main              main.o
    0x00003150   0x00003150   0x0000001c   Code   RO          608    i.ov7725_eagle_dma  ov7725.o
    0x0000316c   0x0000316c   0x00000020   Code   RO          610    i.ov7725_eagle_init  ov7725.o
    0x0000318c   0x0000318c   0x000000c8   Code   RO          611    i.ov7725_eagle_port_init  ov7725.o
    0x00003254   0x00003254   0x00000150   Code   RO          612    i.ov7725_eagle_reg_init  ov7725.o
    0x000033a4   0x000033a4   0x00000040   Code   RO          613    i.ov7725_eagle_vsync  ov7725.o
    0x000033e4   0x000033e4   0x00000004   Data   RO           11    .constdata          main.o
    0x000033e8   0x000033e8   0x00000070   Data   RO          952    .constdata          clock_config.o
    0x00003458   0x00003458   0x00000060   Data   RO         1170    .constdata          fsl_clock.o
    0x000034b8   0x000034b8   0x00000030   Data   RO         2155    .constdata          fsl_uart.o
    0x000034e8   0x000034e8   0x00000010   Data   RO         3292    .constdata          fsl_debug_console.o
    0x000034f8   0x000034f8   0x00000014   Data   RO         3501    .constdata          uart_adapter.o
    0x0000350c   0x0000350c   0x00000045   Data   RO         3502    .conststring        uart_adapter.o
    0x00003551   0x00003551   0x00000003   PAD
    0x00003554   0x00003554   0x00000020   Data   RO         3869    Region$$Table       anon$$obj.o


    Execution Region RW_m_data (Exec base: 0x1fff0000, Load base: 0x00003574, Size: 0x00000000, Max: 0x00010000, ABSOLUTE)

    **** No section assigned to this execution region ****


    Execution Region RW_m_data_2 (Exec base: 0x20000000, Load base: 0x00003574, Size: 0x00001674, Max: 0x0002f800, ABSOLUTE)

    Exec Addr    Load Addr    Size         Type   Attr      Idx    E Section Name        Object

    0x20000000   0x00003574   0x00000004   Data   RW          312    .data               pit.o
    0x20000004   0x00003578   0x00000004   Data   RW          450    .data               delay.o
    0x20000008   0x0000357c   0x00000008   Data   RW          498    .data               incap.o
    0x20000010   0x00003584   0x00000068   Data   RW          614    .data               ov7725.o
    0x20000078   0x000035ec   0x00000014   Data   RW         1171    .data               fsl_clock.o
    0x2000008c   0x00003600   0x00000004   Data   RW         2156    .data               fsl_uart.o
    0x20000090   0x00003604   0x00000008   Data   RW         2391    .data               fsl_lpuart.o
    0x20000098   0x0000360c   0x00000004   Data   RW         3234    .data               system_mk66f18.o
    0x2000009c   0x00003610   0x00000010   Data   RW         3293    .data               fsl_debug_console.o
    0x200000ac        -       0x00001518   Zero   RW           10    .bss                main.o
    0x200015c4        -       0x00000014   Zero   RW         2154    .bss                fsl_uart.o
    0x200015d8        -       0x00000080   Zero   RW         2949    .bss                fsl_edma.o
    0x20001658        -       0x0000001c   Zero   RW         3291    .bss                fsl_debug_console.o


    Execution Region ARM_LIB_HEAP (Exec base: 0x20001674, Load base: 0x00003620, Size: 0x00000400, Max: 0x00000400, ABSOLUTE)

    Exec Addr    Load Addr    Size         Type   Attr      Idx    E Section Name        Object

    0x20001674        -       0x00000400   Zero   RW            1    ARM_LIB_HEAP.bss    anon$$obj.o


    Execution Region ARM_LIB_STACK (Exec base: 0x2002fc00, Load base: 0x00003620, Size: 0x00000400, Max: 0x00000400, ABSOLUTE)

    Exec Addr    Load Addr    Size         Type   Attr      Idx    E Section Name        Object

    0x2002fc00        -       0x00000400   Zero   RW            2    ARM_LIB_STACK.bss   anon$$obj.o


==============================================================================

Image component sizes


      Code (inc. data)   RO Data    RW Data    ZI Data      Debug   Object Name

        24          0          0          0          0        501   board.o
       212         42        112          0          0      14128   clock_config.o
       142         18          0          4          0      30505   delay.o
       304         64          0          0          0       6394   dma.o
        68         44          0          0          0        625   fsl_assert.o
      1568        362         96         20          0      24077   fsl_clock.o
       578        190         16         16         28       9653   fsl_debug_console.o
      1892        432          0          0        128      12498   fsl_edma.o
        52          0          0          0          0        979   fsl_ftm.o
       128         48          0          0          0       1975   fsl_gpio.o
        44         12          0          8          0       5231   fsl_lpuart.o
        18          0          0          0          0       7652   fsl_smc.o
       726          0          0          0          0       2642   fsl_str.o
      1276        388         48          4         20      17555   fsl_uart.o
        40          8          0          8          0       9052   incap.o
       134         26          0          0          0       1419   k66adc.o
         0          0          0          0          0      19447   key.o
         0          0          0          0          0        704   led.o
       188         30          4          0       5400     784159   main.o
       994        310          0        104          0      46794   ov7725.o
       166         32          0          0          0       1433   pin_mux.o
       218         28          0          4          0       3608   pit.o
      1246         90          0          0          0      13793   sccb.o
       702        312          0          0          0       5522   serial_manager.o
       340        164          0          0          0       3509   serial_port_uart.o
       500        238       1040          0          0       3588   startup_mk66f18.o
        50          8          0          4          0       1156   system_mk66f18.o
       478        162         89          0          0       4046   uart_adapter.o

    ----------------------------------------------------------------------
     12104       3008       1440        172       7624    1032645   Object Totals
         0          0         32          0       2048          0   (incl. Generated)
        16          0          3          0          0          0   (incl. Padding)

    ----------------------------------------------------------------------

      Code (inc. data)   RO Data    RW Data    ZI Data      Debug   Library Member Name

         0          0          0          0          0          0   entry.o
         0          0          0          0          0          0   entry10a.o
         0          0          0          0          0          0   entry11a.o
         8          4          0          0          0          0   entry4.o
         4          0          0          0          0          0   entry5.o
         0          0          0          0          0          0   entry7b.o
         0          0          0          0          0          0   entry8b.o
         8          4          0          0          0          0   entry9a.o
        30          0          0          0          0          0   handlers.o
        36          8          0          0          0         68   init.o
        36          0          0          0          0        108   memseta.o
        14          0          0          0          0         68   strlen.o

    ----------------------------------------------------------------------
       140         16          0          0          0        244   Library Totals
         4          0          0          0          0          0   (incl. Padding)

    ----------------------------------------------------------------------

      Code (inc. data)   RO Data    RW Data    ZI Data      Debug   Library Name

       136         16          0          0          0        244   mc_w.l

    ----------------------------------------------------------------------
       140         16          0          0          0        244   Library Totals

    ----------------------------------------------------------------------

==============================================================================


      Code (inc. data)   RO Data    RW Data    ZI Data      Debug   

     12244       3024       1440        172       7624    1020493   Grand Totals
     12244       3024       1440        172       7624    1020493   ELF Image Totals
     12244       3024       1440        172          0          0   ROM Totals

==============================================================================

    Total RO  Size (Code + RO Data)                13684 (  13.36kB)
    Total RW  Size (RW Data + ZI Data)              7796 (   7.61kB)
    Total ROM Size (Code + RO Data + RW Data)      13856 (  13.53kB)

==============================================================================

